Archive member included to satisfy reference by file (symbol)

C:/ST/STM32CubeIDE_1.19.0/STM32CubeIDE/plugins/com.st.stm32cube.ide.mcu.externaltools.gnu-tools-for-stm32.13.3.rel1.win32_1.0.0.202411081344/tools/bin/../lib/gcc/arm-none-eabi/13.3.1/../../../../arm-none-eabi/lib/thumb/v7e-m+fp/hard\libstdc++_nano.a(del_ops.o)
                              ./Core/Src/Interfaces/Display/Sprite.o (operator delete(void*, unsigned int))
C:/ST/STM32CubeIDE_1.19.0/STM32CubeIDE/plugins/com.st.stm32cube.ide.mcu.externaltools.gnu-tools-for-stm32.13.3.rel1.win32_1.0.0.202411081344/tools/bin/../lib/gcc/arm-none-eabi/13.3.1/../../../../arm-none-eabi/lib/thumb/v7e-m+fp/hard\libstdc++_nano.a(new_op.o)
                              ./Core/Src/NucleoImp/Display/ILI9341Display.o (operator new(unsigned int))
C:/ST/STM32CubeIDE_1.19.0/STM32CubeIDE/plugins/com.st.stm32cube.ide.mcu.externaltools.gnu-tools-for-stm32.13.3.rel1.win32_1.0.0.202411081344/tools/bin/../lib/gcc/arm-none-eabi/13.3.1/../../../../arm-none-eabi/lib/thumb/v7e-m+fp/hard\libstdc++_nano.a(string-inst.o)
                              ./Core/Src/cpp_main.o (std::__cxx11::basic_string<char, std::char_traits<char>, std::allocator<char> >::~basic_string())
C:/ST/STM32CubeIDE_1.19.0/STM32CubeIDE/plugins/com.st.stm32cube.ide.mcu.externaltools.gnu-tools-for-stm32.13.3.rel1.win32_1.0.0.202411081344/tools/bin/../lib/gcc/arm-none-eabi/13.3.1/../../../../arm-none-eabi/lib/thumb/v7e-m+fp/hard\libstdc++_nano.a(del_op.o)
                              C:/ST/STM32CubeIDE_1.19.0/STM32CubeIDE/plugins/com.st.stm32cube.ide.mcu.externaltools.gnu-tools-for-stm32.13.3.rel1.win32_1.0.0.202411081344/tools/bin/../lib/gcc/arm-none-eabi/13.3.1/../../../../arm-none-eabi/lib/thumb/v7e-m+fp/hard\libstdc++_nano.a(del_ops.o) (operator delete(void*))
C:/ST/STM32CubeIDE_1.19.0/STM32CubeIDE/plugins/com.st.stm32cube.ide.mcu.externaltools.gnu-tools-for-stm32.13.3.rel1.win32_1.0.0.202411081344/tools/bin/../lib/gcc/arm-none-eabi/13.3.1/../../../../arm-none-eabi/lib/thumb/v7e-m+fp/hard\libstdc++_nano.a(new_handler.o)
                              C:/ST/STM32CubeIDE_1.19.0/STM32CubeIDE/plugins/com.st.stm32cube.ide.mcu.externaltools.gnu-tools-for-stm32.13.3.rel1.win32_1.0.0.202411081344/tools/bin/../lib/gcc/arm-none-eabi/13.3.1/../../../../arm-none-eabi/lib/thumb/v7e-m+fp/hard\libstdc++_nano.a(new_op.o) (std::get_new_handler())
C:/ST/STM32CubeIDE_1.19.0/STM32CubeIDE/plugins/com.st.stm32cube.ide.mcu.externaltools.gnu-tools-for-stm32.13.3.rel1.win32_1.0.0.202411081344/tools/bin/../lib/gcc/arm-none-eabi/13.3.1/../../../../arm-none-eabi/lib/thumb/v7e-m+fp/hard\libstdc++_nano.a(functexcept.o)
                              C:/ST/STM32CubeIDE_1.19.0/STM32CubeIDE/plugins/com.st.stm32cube.ide.mcu.externaltools.gnu-tools-for-stm32.13.3.rel1.win32_1.0.0.202411081344/tools/bin/../lib/gcc/arm-none-eabi/13.3.1/../../../../arm-none-eabi/lib/thumb/v7e-m+fp/hard\libstdc++_nano.a(string-inst.o) (std::__throw_bad_alloc())
C:/ST/STM32CubeIDE_1.19.0/STM32CubeIDE/plugins/com.st.stm32cube.ide.mcu.externaltools.gnu-tools-for-stm32.13.3.rel1.win32_1.0.0.202411081344/tools/bin/../lib/gcc/arm-none-eabi/13.3.1/../../../../arm-none-eabi/lib/thumb/v7e-m+fp/hard\libm.a(libm_a-s_cos.o)
                              ./Core/Src/NucleoImp/Display/ILI9341Display.o (cos)
C:/ST/STM32CubeIDE_1.19.0/STM32CubeIDE/plugins/com.st.stm32cube.ide.mcu.externaltools.gnu-tools-for-stm32.13.3.rel1.win32_1.0.0.202411081344/tools/bin/../lib/gcc/arm-none-eabi/13.3.1/../../../../arm-none-eabi/lib/thumb/v7e-m+fp/hard\libm.a(libm_a-s_sin.o)
                              ./Core/Src/NucleoImp/Display/ILI9341Display.o (sin)
C:/ST/STM32CubeIDE_1.19.0/STM32CubeIDE/plugins/com.st.stm32cube.ide.mcu.externaltools.gnu-tools-for-stm32.13.3.rel1.win32_1.0.0.202411081344/tools/bin/../lib/gcc/arm-none-eabi/13.3.1/../../../../arm-none-eabi/lib/thumb/v7e-m+fp/hard\libm.a(libm_a-wf_fmod.o)
                              ./Core/Src/NucleoImp/Display/ILI9341Display.o (fmodf)
C:/ST/STM32CubeIDE_1.19.0/STM32CubeIDE/plugins/com.st.stm32cube.ide.mcu.externaltools.gnu-tools-for-stm32.13.3.rel1.win32_1.0.0.202411081344/tools/bin/../lib/gcc/arm-none-eabi/13.3.1/../../../../arm-none-eabi/lib/thumb/v7e-m+fp/hard\libm.a(libm_a-k_cos.o)
                              C:/ST/STM32CubeIDE_1.19.0/STM32CubeIDE/plugins/com.st.stm32cube.ide.mcu.externaltools.gnu-tools-for-stm32.13.3.rel1.win32_1.0.0.202411081344/tools/bin/../lib/gcc/arm-none-eabi/13.3.1/../../../../arm-none-eabi/lib/thumb/v7e-m+fp/hard\libm.a(libm_a-s_cos.o) (__kernel_cos)
C:/ST/STM32CubeIDE_1.19.0/STM32CubeIDE/plugins/com.st.stm32cube.ide.mcu.externaltools.gnu-tools-for-stm32.13.3.rel1.win32_1.0.0.202411081344/tools/bin/../lib/gcc/arm-none-eabi/13.3.1/../../../../arm-none-eabi/lib/thumb/v7e-m+fp/hard\libm.a(libm_a-k_sin.o)
[...]
Memory Configuration

Name             Origin             Length             Attributes
RAM              0x20000000         0x00020000         xrw
FLASH            0x08000000         0x00080000         xr
*default*        0x00000000         0xffffffff

Linker script and memory map

LOAD C:/ST/STM32CubeIDE_1.19.0/STM32CubeIDE/plugins/com.st.stm32cube.ide.mcu.externaltools.gnu-tools-for-stm32.13.3.rel1.win32_1.0.0.202411081344/tools/bin/../lib/gcc/arm-none-eabi/13.3.1/thumb/v7e-m+fp/hard/crti.o
LOAD C:/ST/STM32CubeIDE_1.19.0/STM32CubeIDE/plugins/com.st.stm32cube.ide.mcu.externaltools.gnu-tools-for-stm32.13.3.rel1.win32_1.0.0.202411081344/tools/bin/../lib/gcc/arm-none-eabi/13.3.1/thumb/v7e-m+fp/hard/crtbegin.o
LOAD C:/ST/STM32CubeIDE_1.19.0/STM32CubeIDE/plugins/com.st.stm32cube.ide.mcu.externaltools.gnu-tools-for-stm32.13.3.rel1.win32_1.0.0.202411081344/tools/bin/../lib/gcc/arm-none-eabi/13.3.1/../../../../arm-none-eabi/lib/thumb/v7e-m+fp/hard/crt0.o
LOAD ./Core/Src/Interfaces/Display/Sprite.o
LOAD ./Core/Src/NucleoImp/Display/ILI9341Display.o
LOAD ./Core/Src/NucleoImp/Display/ili9341.o
LOAD ./Core/Src/NucleoImp/Display/ili9341_font.o
LOAD ./Core/Src/NucleoImp/Display/ili9341_gfx.o
LOAD ./Core/Src/cpp_main.o
LOAD ./Core/Src/main.o
LOAD ./Core/Src/stm32f4xx_hal_msp.o
LOAD ./Core/Src/stm32f4xx_it.o
LOAD ./Core/Src/syscalls.o
LOAD ./Core/Src/sysmem.o
LOAD ./Core/Src/system_stm32f4xx.o
LOAD ./Core/Startup/startup_stm32f446retx.o
LOAD ./Drivers/STM32F4xx_HAL_Driver/Src/stm32f4xx_hal.o
LOAD ./Drivers/STM32F4xx_HAL_Driver/Src/stm32f4xx_hal_adc.o
LOAD ./Drivers/STM32F4xx_HAL_Driver/Src/stm32f4xx_hal_adc_ex.o
LOAD ./Drivers/STM32F4xx_HAL_Driver/Src/stm32f4xx_hal_cortex.o
LOAD ./Drivers/STM32F4xx_HAL_Driver/Src/stm32f4xx_hal_dac.o
LOAD ./Drivers/STM32F4xx_HAL_Driver/Src/stm32f4xx_hal_dac_ex.o
LOAD ./Drivers/STM32F4xx_HAL_Driver/Src/stm32f4xx_hal_dma.o
LOAD ./Drivers/STM32F4xx_HAL_Driver/Src/stm32f4xx_hal_dma_ex.o
LOAD ./Drivers/STM32F4xx_HAL_Driver/Src/stm32f4xx_hal_exti.o
LOAD ./Drivers/STM32F4xx_HAL_Driver/Src/stm32f4xx_hal_flash.o
LOAD ./Drivers/STM32F4xx_HAL_Driver/Src/stm32f4xx_hal_flash_ex.o
LOAD ./Drivers/STM32F4xx_HAL_Driver/Src/stm32f4xx_hal_flash_ramfunc.o
LOAD ./Drivers/STM32F4xx_HAL_Driver/Src/stm32f4xx_hal_gpio.o
LOAD ./Drivers/STM32F4xx_HAL_Driver/Src/stm32f4xx_hal_i2c.o
LOAD ./Drivers/STM32F4xx_HAL_Driver/Src/stm32f4xx_hal_i2c_ex.o
LOAD ./Drivers/STM32F4xx_HAL_Driver/Src/stm32f4xx_hal_pwr.o
LOAD ./Drivers/STM32F4xx_HAL_Driver/Src/stm32f4xx_hal_pwr_ex.o
LOAD ./Drivers/STM32F4xx_HAL_Driver/Src/stm32f4xx_hal_rcc.o
LOAD ./Drivers/STM32F4xx_HAL_Driver/Src/stm32f4xx_hal_rcc_ex.o
LOAD ./Drivers/STM32F4xx_HAL_Driver/Src/stm32f4xx_hal_spi.o
LOAD ./Drivers/STM32F4xx_HAL_Driver/Src/stm32f4xx_hal_tim.o
LOAD ./Drivers/STM32F4xx_HAL_Driver/Src/stm32f4xx_hal_tim_ex.o
LOAD ./Drivers/STM32F4xx_HAL_Driver/Src/stm32f4xx_hal_uart.o
LOAD ./Drivers/STM32F4xx_HAL_Driver/Src/stm32f4xx_ll_adc.o
START GROUP
LOAD C:/ST/STM32CubeIDE_1.19.0/STM32CubeIDE/plugins/com.st.stm32cube.ide.mcu.externaltools.gnu-tools-for-stm32.13.3.rel1.win32_1.0.0.202411081344/tools/bin/../lib/gcc/arm-none-eabi/13.3.1/../../../../arm-none-eabi/lib/thumb/v7e-m+fp/hard\libstdc++_nano.a
LOAD C:/ST/STM32CubeIDE_1.19.0/STM32CubeIDE/plugins/com.st.stm32cube.ide.mcu.externaltools.gnu-tools-for-stm32.13.3.rel1.win32_1.0.0.202411081344/tools/bin/../lib/gcc/arm-none-eabi/13.3.1/../../../../arm-none-eabi/lib/thumb/v7e-m+fp/hard\libsupc++_nano.a
END GROUP
LOAD C:/ST/STM32CubeIDE_1.19.0/STM32CubeIDE/plugins/com.st.stm32cube.ide.mcu.externaltools.gnu-tools-for-stm32.13.3.rel1.win32_1.0.0.202411081344/tools/bin/../lib/gcc/arm-none-eabi/13.3.1/../../../../arm-none-eabi/lib/thumb/v7e-m+fp/hard\libstdc++_nano.a
LOAD C:/ST/STM32CubeIDE_1.19.0/STM32CubeIDE/plugins/com.st.stm32cube.ide.mcu.externaltools.gnu-tools-for-stm32.13.3.rel1.win32_1.0.0.202411081344/tools/bin/../lib/gcc/arm-none-eabi/13.3.1/../../../../arm-none-eabi/lib/thumb/v7e-m+fp/hard\libm.a
LOAD C:/ST/STM32CubeIDE_1.19.0/STM32CubeIDE/plugins/com.st.stm32cube.ide.mcu.externaltools.gnu-tools-for-stm32.13.3.rel1.win32_1.0.0.202411081344/tools/bin/../lib/gcc/arm-none-eabi/13.3.1/../../../../arm-none-eabi/lib/thumb/v7e-m+fp/hard\libc_nano.a
START GROUP
LOAD C:/ST/STM32CubeIDE_1.19.0/STM32CubeIDE/plugins/com.st.stm32cube.ide.mcu.externaltools.gnu-tools-for-stm32.13.3.rel1.win32_1.0.0.202411081344/tools/bin/../lib/gcc/arm-none-eabi/13.3.1/thumb/v7e-m+fp/hard\libgcc.a
LOAD C:/ST/STM32CubeIDE_1.19.0/STM32CubeIDE/plugins/com.st.stm32cube.ide.mcu.externaltools.gnu-tools-for-stm32.13.3.rel1.win32_1.0.0.202411081344/tools/bin/../lib/gcc/arm-none-eabi/13.3.1/../../../../arm-none-eabi/lib/thumb/v7e-m+fp/hard\libc_nano.a
END GROUP
START GROUP
LOAD C:/ST/STM32CubeIDE_1.19.0/STM32CubeIDE/plugins/com.st.stm32cube.ide.mcu.externaltools.gnu-tools-for-stm32.13.3.rel1.win32_1.0.0.202411081344/tools/bin/../lib/gcc/arm-none-eabi/13.3.1/thumb/v7e-m+fp/hard\libgcc.a
LOAD C:/ST/STM32CubeIDE_1.19.0/STM32CubeIDE/plugins/com.st.stm32cube.ide.mcu.externaltools.gnu-tools-for-stm32.13.3.rel1.win32_1.0.0.202411081344/tools/bin/../lib/gcc/arm-none-eabi/13.3.1/../../../../arm-none-eabi/lib/thumb/v7e-m+fp/hard\libc_nano.a
LOAD C:/ST/STM32CubeIDE_1.19.0/STM32CubeIDE/plugins/com.st.stm32cube.ide.mcu.externaltools.gnu-tools-for-stm32.13.3.rel1.win32_1.0.0.202411081344/tools/bin/../lib/gcc/arm-none-eabi/13.3.1/../../../../arm-none-eabi/lib/thumb/v7e-m+fp/hard\libnosys.a
END GROUP
START GROUP
LOAD C:/ST/STM32CubeIDE_1.19.0/STM32CubeIDE/plugins/com.st.stm32cube.ide.mcu.externaltools.gnu-tools-for-stm32.13.3.rel1.win32_1.0.0.202411081344/tools/bin/../lib/gcc/arm-none-eabi/13.3.1/thumb/v7e-m+fp/hard\libgcc.a
LOAD C:/ST/STM32CubeIDE_1.19.0/STM32CubeIDE/plugins/com.st.stm32cube.ide.mcu.externaltools.gnu-tools-for-stm32.13.3.rel1.win32_1.0.0.202411081344/tools/bin/../lib/gcc/arm-none-eabi/13.3.1/../../../../arm-none-eabi/lib/thumb/v7e-m+fp/hard\libc_nano.a
LOAD C:/ST/STM32CubeIDE_1.19.0/STM32CubeIDE/plugins/com.st.stm32cube.ide.mcu.externaltools.gnu-tools-for-stm32.13.3.rel1.win32_1.0.0.202411081344/tools/bin/../lib/gcc/arm-none-eabi/13.3.1/../../../../arm-none-eabi/lib/thumb/v7e-m+fp/hard\libnosys.a
END GROUP
LOAD C:/ST/STM32CubeIDE_1.19.0/STM32CubeIDE/plugins/com.st.stm32cube.ide.mcu.externaltools.gnu-tools-for-stm32.13.3.rel1.win32_1.0.0.202411081344/tools/bin/../lib/gcc/arm-none-eabi/13.3.1/thumb/v7e-m+fp/hard/crtend.o
LOAD C:/ST/STM32CubeIDE_1.19.0/STM32CubeIDE/plugins/com.st.stm32cube.ide.mcu.externaltools.gnu-tools-for-stm32.13.3.rel1.win32_1.0.0.202411081344/tools/bin/../lib/gcc/arm-none-eabi/13.3.1/thumb/v7e-m+fp/hard/crtn.o
                0x20020000                        _estack = (ORIGIN (RAM) + LENGTH (RAM))
                0x00000200                        _Min_Heap_Size = 0x200
                0x00000400                        _Min_Stack_Size = 0x400

.isr_vector     0x08000000      0x1c4
                0x08000000                        . = ALIGN (0x4)
 *(.isr_vector)
 .isr_vector    0x08000000      0x1c4 ./Core/Startup/startup_stm32f446retx.o
                0x08000000                g_pfnVectors
                0x080001c4                        . = ALIGN (0x4)

.text           0x080001d0     0xf6ac
                0x080001d0                        . = ALIGN (0x4)
 *(.text)
 .text          0x080001d0       0x40 C:/ST/STM32CubeIDE_1.19.0/STM32CubeIDE/plugins/com.st.stm32cube.ide.mcu.externaltools.gnu-tools-for-stm32.13.3.rel1.win32_1.0.0.202411081344/tools/bin/../lib/gcc/arm-none-eabi/13.3.1/thumb/v7e-m+fp/hard/crtbegin.o
 .text          0x08000210       0xa0 C:/ST/STM32CubeIDE_1.19.0/STM32CubeIDE/plugins/com.st.stm32cube.ide.mcu.externaltools.gnu-tools-for-stm32.13.3.rel1.win32_1.0.0.202411081344/tools/bin/../lib/gcc/arm-none-eabi/13.3.1/../../../../arm-none-eabi/lib/thumb/v7e-m+fp/hard\libc_nano.a(libc_a-memchr.o)
                0x08000210                memchr
 .text          0x080002b0       0x10 C:/ST/STM32CubeIDE_1.19.0/STM32CubeIDE/plugins/com.st.stm32cube.ide.mcu.externaltools.gnu-tools-for-stm32.13.3.rel1.win32_1.0.0.202411081344/tools/bin/../lib/gcc/arm-none-eabi/13.3.1/../../../../arm-none-eabi/lib/thumb/v7e-m+fp/hard\libc_nano.a(libc_a-strlen.o)
                0x080002b0                strlen
 .text          0x080002c0      0x378 C:/ST/STM32CubeIDE_1.19.0/STM32CubeIDE/plugins/com.st.stm32cube.ide.mcu.externaltools.gnu-tools-for-stm32.13.3.rel1.win32_1.0.0.202411081344/tools/bin/../lib/gcc/arm-none-eabi/13.3.1/thumb/v7e-m+fp/hard\libgcc.a(_arm_addsubdf3.o)
                0x080002c0                __aeabi_drsub
                0x080002c8                __aeabi_dsub
                0x080002c8                __subdf3
                0x080002cc                __aeabi_dadd
                0x080002cc                __adddf3
                0x08000544                __floatunsidf
                0x08000544                __aeabi_ui2d
                0x08000564                __floatsidf
                0x08000564                __aeabi_i2d
                0x08000588                __aeabi_f2d
                0x08000588                __extendsfdf2
                0x080005cc                __floatundidf
                0x080005cc                __aeabi_ul2d
                0x080005dc                __floatdidf
                0x080005dc                __aeabi_l2d
 .text          0x08000638      0x424 C:/ST/STM32CubeIDE_1.19.0/STM32CubeIDE/plugins/com.st.stm32cube.ide.mcu.externaltools.gnu-tools-for-stm32.13.3.rel1.win32_1.0.0.202411081344/tools/bin/../lib/gcc/arm-none-eabi/13.3.1/thumb/v7e-m+fp/hard\libgcc.a(_arm_muldivdf3.o)
                0x08000638                __aeabi_dmul
                0x08000638                __muldf3
                0x0800088c                __divdf3
                0x0800088c                __aeabi_ddiv
 .text          0x08000a5c      0x110 C:/ST/STM32CubeIDE_1.19.0/STM32CubeIDE/plugins/com.st.stm32cube.ide.mcu.externaltools.gnu-tools-for-stm32.13.3.rel1.win32_1.0.0.202411081344/tools/bin/../lib/gcc/arm-none-eabi/13.3.1/thumb/v7e-m+fp/hard\libgcc.a(_arm_cmpdf2.o)
                0x08000a5c                __gtdf2
                0x08000a5c                __gedf2
                0x08000a64                __ltdf2
                0x08000a64                __ledf2
                0x08000a6c                __nedf2
                0x08000a6c                __eqdf2
                0x08000a6c                __cmpdf2
                0x08000ae8                __aeabi_cdrcmple
                0x08000af8                __aeabi_cdcmpeq
                0x08000af8                __aeabi_cdcmple
                0x08000b08                __aeabi_dcmpeq
                0x08000b1c                __aeabi_dcmplt
                0x08000b30                __aeabi_dcmple
                0x08000b44                __aeabi_dcmpge
                0x08000b58                __aeabi_dcmpgt
 .text          0x08000b6c       0x2c C:/ST/STM32CubeIDE_1.19.0/STM32CubeIDE/plugins/com.st.stm32cube.ide.mcu.externaltools.gnu-tools-for-stm32.13.3.rel1.win32_1.0.0.202411081344/tools/bin/../lib/gcc/arm-none-eabi/13.3.1/thumb/v7e-m+fp/hard\libgcc.a(_arm_unorddf2.o)
                0x08000b6c                __unorddf2
                0x08000b6c                __aeabi_dcmpun
 .text          0x08000b98       0x50 C:/ST/STM32CubeIDE_1.19.0/STM32CubeIDE/plugins/com.st.stm32cube.ide.mcu.externaltools.gnu-tools-for-stm32.13.3.rel1.win32_1.0.0.202411081344/tools/bin/../lib/gcc/arm-none-eabi/13.3.1/thumb/v7e-m+fp/hard\libgcc.a(_arm_fixdfsi.o)
                0x08000b98                __aeabi_d2iz
                0x08000b98                __fixdfsi
 .text          0x08000be8       0xa0 C:/ST/STM32CubeIDE_1.19.0/STM32CubeIDE/plugins/com.st.stm32cube.ide.mcu.externaltools.gnu-tools-for-stm32.13.3.rel1.win32_1.0.0.202411081344/tools/bin/../lib/gcc/arm-none-eabi/13.3.1/thumb/v7e-m+fp/hard\libgcc.a(_arm_truncdfsf2.o)
                0x08000be8                __truncdfsf2
                0x08000be8                __aeabi_d2f
 .text          0x08000c88       0x30 C:/ST/STM32CubeIDE_1.19.0/STM32CubeIDE/plugins/com.st.stm32cube.ide.mcu.externaltools.gnu-tools-for-stm32.13.3.rel1.win32_1.0.0.202411081344/tools/bin/../lib/gcc/arm-none-eabi/13.3.1/thumb/v7e-m+fp/hard\libgcc.a(_aeabi_uldivmod.o)
                0x08000c88                __aeabi_uldivmod
 .text          0x08000cb8      0x2f8 C:/ST/STM32CubeIDE_1.19.0/STM32CubeIDE/plugins/com.st.stm32cube.ide.mcu.externaltools.gnu-tools-for-stm32.13.3.rel1.win32_1.0.0.202411081344/tools/bin/../lib/gcc/arm-none-eabi/13.3.1/thumb/v7e-m+fp/hard\libgcc.a(_udivmoddi4.o)
                0x08000cb8                __udivmoddi4
 .text          0x08000fb0        0x4 C:/ST/STM32CubeIDE_1.19.0/STM32CubeIDE/plugins/com.st.stm32cube.ide.mcu.externaltools.gnu-tools-for-stm32.13.3.rel1.win32_1.0.0.202411081344/tools/bin/../lib/gcc/arm-none-eabi/13.3.1/thumb/v7e-m+fp/hard\libgcc.a(_dvmd_tls.o)
                0x08000fb0                __aeabi_idiv0
                0x08000fb0                __aeabi_ldiv0
 *(.text*)
 .text._ZN7ELE331219colorToILI9341ColorENS_5ColorE
                0x08000fb4      0x130 ./Core/Src/NucleoImp/Display/ILI9341Display.o
                0x08000fb4                ELE3312::colorToILI9341Color(ELE3312::Color)
 .text._ZN7ELE33127DisplayC2Ev
                0x080010e4       0x20 ./Core/Src/NucleoImp/Display/ILI9341Display.o
                0x080010e4                ELE3312::Display::Display()
                0x080010e4                ELE3312::Display::Display()
 .text._ZN7ELE33127DisplayD2Ev
                0x08001104       0x20 ./Core/Src/NucleoImp/Display/ILI9341Display.o
                0x08001104                ELE3312::Display::~Display()
                0x08001104                ELE3312::Display::~Display()
 .text._ZN7ELE33127DisplayD0Ev
                0x08001124       0x20 ./Core/Src/NucleoImp/Display/ILI9341Display.o
                0x08001124                ELE3312::Display::~Display()
 .text._ZN7ELE331214ILI9341DisplayC2Ev
                0x08001144       0x30 ./Core/Src/NucleoImp/Display/ILI9341Display.o
                0x08001144                ELE3312::ILI9341Display::ILI9341Display()
                0x08001144                ELE3312::ILI9341Display::ILI9341Display()
 .text._ZN7ELE331214ILI9341DisplayD2Ev
                0x08001174       0x3c ./Core/Src/NucleoImp/Display/ILI9341Display.o
                0x08001174                ELE3312::ILI9341Display::~ILI9341Display()
                0x08001174                ELE3312::ILI9341Display::~ILI9341Display()
 .text._ZN7ELE331214ILI9341DisplayD0Ev
                0x080011b0       0x20 ./Core/Src/NucleoImp/Display/ILI9341Display.o
                0x080011b0                ELE3312::ILI9341Display::~ILI9341Display()
 .text._ZN7ELE331214ILI9341Display5setupEP19__SPI_HandleTypeDef
                0x080011d0       0x58 ./Core/Src/NucleoImp/Display/ILI9341Display.o
                0x080011d0                ELE3312::ILI9341Display::setup(__SPI_HandleTypeDef*)
 .text._ZN7ELE331214ILI9341Display11clearScreenEv
                0x08001228       0x24 ./Core/Src/NucleoImp/Display/ILI9341Display.o
                0x08001228                ELE3312::ILI9341Display::clearScreen()
 .text._ZN7ELE331214ILI9341Display10fillScreenENS_5ColorE
                0x0800124c       0x26 ./Core/Src/NucleoImp/Display/ILI9341Display.o
                0x0800124c                ELE3312::ILI9341Display::fillScreen(ELE3312::Color)
 .text._ZN7ELE331214ILI9341Display9drawPixelENS_5ColorEtt
                0x08001272       0x3a ./Core/Src/NucleoImp/Display/ILI9341Display.o
                0x08001272                ELE3312::ILI9341Display::drawPixel(ELE3312::Color, unsigned short, unsigned short)
 .text._ZN7ELE331214ILI9341Display8drawLineENS_5ColorEtttt
                0x080012ac       0x4c ./Core/Src/NucleoImp/Display/ILI9341Display.o
                0x080012ac                ELE3312::ILI9341Display::drawLine(ELE3312::Color, unsigned short, unsigned short, unsigned short, unsigned short)
 .text._ZN7ELE331214ILI9341Display8drawRectENS_5ColorEtttt
                0x080012f8       0x46 ./Core/Src/NucleoImp/Display/ILI9341Display.o
                0x080012f8                ELE3312::ILI9341Display::drawRect(ELE3312::Color, unsigned short, unsigned short, unsigned short, unsigned short)
 .text._ZN7ELE331214ILI9341Display8drawRectENS_5ColorERKNS_4RectItEE
                0x0800133e       0x5e ./Core/Src/NucleoImp/Display/ILI9341Display.o
                0x0800133e                ELE3312::ILI9341Display::drawRect(ELE3312::Color, ELE3312::Rect<unsigned short> const&)
 .text._ZN7ELE331214ILI9341Display8fillRectENS_5ColorEtttt
                0x0800139c       0x46 ./Core/Src/NucleoImp/Display/ILI9341Display.o
                0x0800139c                ELE3312::ILI9341Display::fillRect(ELE3312::Color, unsigned short, unsigned short, unsigned short, unsigned short)
 .text._ZN7ELE331214ILI9341Display8fillRectENS_5ColorERKNS_4RectItEE
                0x080013e2       0x5e ./Core/Src/NucleoImp/Display/ILI9341Display.o
                0x080013e2                ELE3312::ILI9341Display::fillRect(ELE3312::Color, ELE3312::Rect<unsigned short> const&)
 .text._ZN7ELE331214ILI9341Display10drawCircleENS_5ColorEttt
                0x08001440       0x44 ./Core/Src/NucleoImp/Display/ILI9341Display.o
                0x08001440                ELE3312::ILI9341Display::drawCircle(ELE3312::Color, unsigned short, unsigned short, unsigned short)
 .text._ZN7ELE331214ILI9341Display10fillCircleENS_5ColorEttt
                0x08001484       0x44 ./Core/Src/NucleoImp/Display/ILI9341Display.o
                0x08001484                ELE3312::ILI9341Display::fillCircle(ELE3312::Color, unsigned short, unsigned short, unsigned short)
 .text._ZN7ELE331214ILI9341Display8drawCharEttc
                0x080014c8       0x80 ./Core/Src/NucleoImp/Display/ILI9341Display.o
                0x080014c8                ELE3312::ILI9341Display::drawChar(unsigned short, unsigned short, char)
 .text._ZN7ELE331214ILI9341Display10drawStringEttNSt7__cxx1112basic_stringIcSt11char_traitsIcESaIcEEENS_5ColorE
                0x08001548       0x90 ./Core/Src/NucleoImp/Display/ILI9341Display.o
                0x08001548                ELE3312::ILI9341Display::drawString(unsigned short, unsigned short, std::__cxx11::basic_string<char, std::char_traits<char>, std::allocator<char> >, ELE3312::Color)
 .text._ZN7ELE331214ILI9341Display10drawBitmapEPttttt
                0x080015d8       0x86 ./Core/Src/NucleoImp/Display/ILI9341Display.o
                0x080015d8                ELE3312::ILI9341Display::drawBitmap(unsigned short*, unsigned short, unsigned short, unsigned short, unsigned short)
 *fill*         0x0800165e        0x2 
 .text._ZN7ELE331214ILI9341Display18writeFillArcHelperEstttfft
                0x08001660      0x5e0 ./Core/Src/NucleoImp/Display/ILI9341Display.o
                0x08001660                ELE3312::ILI9341Display::writeFillArcHelper(short, unsigned short, unsigned short, unsigned short, float, float, unsigned short)
 .text._ZN7ELE331214ILI9341Display7fillArcEttttffNS_5ColorE
                0x08001c40      0x150 ./Core/Src/NucleoImp/Display/ILI9341Display.o
                0x08001c40                ELE3312::ILI9341Display::fillArc(unsigned short, unsigned short, unsigned short, unsigned short, float, float, ELE3312::Color)
 .text._ZNK7ELE331214ILI9341Display14getScreenWidthEv
                0x08001d90       0x18 ./Core/Src/NucleoImp/Display/ILI9341Display.o
                0x08001d90                ELE3312::ILI9341Display::getScreenWidth() const
 .text._ZNK7ELE331214ILI9341Display15getScreenHeightEv
                0x08001da8       0x16 ./Core/Src/NucleoImp/Display/ILI9341Display.o
                0x08001da8                ELE3312::ILI9341Display::getScreenHeight() const
 .text._ZN7ELE331214ILI9341Display18setBackgroundColorENS_5ColorE
                0x08001dbe       0x1c ./Core/Src/NucleoImp/Display/ILI9341Display.o
                0x08001dbe                ELE3312::ILI9341Display::setBackgroundColor(ELE3312::Color)
 .text._ZNK7ELE331214ILI9341Display18getBackgroundColorEv
                0x08001dda       0x18 ./Core/Src/NucleoImp/Display/ILI9341Display.o
                0x08001dda                ELE3312::ILI9341Display::getBackgroundColor() const
 .text._ZN7ELE331214ILI9341Display10readMemoryEttttPh
                0x08001df2       0x80 ./Core/Src/NucleoImp/Display/ILI9341Display.o
                0x08001df2                ELE3312::ILI9341Display::readMemory(unsigned short, unsigned short, unsigned short, unsigned short, unsigned char*)
 .text._ZNK7ELE33124RectItE5getX1Ev
                0x08001e72       0x1c ./Core/Src/NucleoImp/Display/ILI9341Display.o
                0x08001e72                ELE3312::Rect<unsigned short>::getX1() const
 .text._ZNK7ELE33124RectItE5getY1Ev
                0x08001e8e       0x1c ./Core/Src/NucleoImp/Display/ILI9341Display.o
                0x08001e8e                ELE3312::Rect<unsigned short>::getY1() const
 .text._ZNK7ELE33124RectItE8getWidthEv
                0x08001eaa       0x2e ./Core/Src/NucleoImp/Display/ILI9341Display.o
                0x08001eaa                ELE3312::Rect<unsigned short>::getWidth() const
 .text._ZNK7ELE33124RectItE9getHeightEv
                0x08001ed8       0x2e ./Core/Src/NucleoImp/Display/ILI9341Display.o
                0x08001ed8                ELE3312::Rect<unsigned short>::getHeight() const
 .text._ZNK7ELE33125PointItE4getXEv
                0x08001f06       0x18 ./Core/Src/NucleoImp/Display/ILI9341Display.o
                0x08001f06                ELE3312::Point<unsigned short>::getX() const
 .text._ZNK7ELE33125PointItE4getYEv
                0x08001f1e       0x18 ./Core/Src/NucleoImp/Display/ILI9341Display.o
                0x08001f1e                ELE3312::Point<unsigned short>::getY() const
 .text.ili9341_new
                0x08001f36      0x1f0 ./Core/Src/NucleoImp/Display/ili9341.o
                0x08001f36                ili9341_new
 .text.ili9341_spi_tft_select
                0x08002126       0x20 ./Core/Src/NucleoImp/Display/ili9341.o
                0x08002126                ili9341_spi_tft_select
 .text.ili9341_spi_tft_release
                0x08002146       0x20 ./Core/Src/NucleoImp/Display/ili9341.o
                0x08002146                ili9341_spi_tft_release
 .text.ili9341_spi_touch_select
                0x08002166       0x20 ./Core/Src/NucleoImp/Display/ili9341.o
                0x08002166                ili9341_spi_touch_select
 .text.ili9341_spi_touch_release
                0x08002186       0x20 ./Core/Src/NucleoImp/Display/ili9341.o
                0x08002186                ili9341_spi_touch_release
 .text.ili9341_spi_slave_select
                0x080021a6       0x32 ./Core/Src/NucleoImp/Display/ili9341.o
                0x080021a6                ili9341_spi_slave_select
 .text.ili9341_spi_slave_release
                0x080021d8       0x32 ./Core/Src/NucleoImp/Display/ili9341.o
                0x080021d8                ili9341_spi_slave_release
 .text.ili9341_spi_write_command
                0x0800220a       0x70 ./Core/Src/NucleoImp/Display/ili9341.o
                0x0800220a                ili9341_spi_write_command
 .text.ili9341_spi_write_data
                0x0800227a       0x72 ./Core/Src/NucleoImp/Display/ili9341.o
                0x0800227a                ili9341_spi_write_data
 .text.ili9341_spi_write_command_data
                0x080022ec       0x76 ./Core/Src/NucleoImp/Display/ili9341.o
                0x080022ec                ili9341_spi_write_command_data
 .text.ili9341_reset
                0x08002362       0x42 ./Core/Src/NucleoImp/Display/ili9341.o
 .text.ili9341_initialize
                0x080023a4      0x2c0 ./Core/Src/NucleoImp/Display/ili9341.o
 .text.ili9341_screen_size
                0x08002664       0x60 ./Core/Src/NucleoImp/Display/ili9341.o
 .text.ili9341_screen_rotation
                0x080026c4       0x38 ./Core/Src/NucleoImp/Display/ili9341.o
 .text.ili9341_read_memory
                0x080026fc       0xf4 ./Core/Src/NucleoImp/Display/ili9341.o
                0x080026fc                ili9341_read_memory
 .text.glyph_index
                0x080027f0       0x2c ./Core/Src/NucleoImp/Display/ili9341_font.o
                0x080027f0                glyph_index
 .text.ili9341_spi_tft_set_address_rect
                0x0800281c       0xa2 ./Core/Src/NucleoImp/Display/ili9341_gfx.o
                0x0800281c                ili9341_spi_tft_set_address_rect
 .text.ili9341_transmit_wait
                0x080028be       0x2e ./Core/Src/NucleoImp/Display/ili9341_gfx.o
                0x080028be                ili9341_transmit_wait
 .text.ili9341_transmit_color
                0x080028ec       0x4a ./Core/Src/NucleoImp/Display/ili9341_gfx.o
                0x080028ec                ili9341_transmit_color
 .text.ili9341_draw_pixel
                0x08002936       0xb2 ./Core/Src/NucleoImp/Display/ili9341_gfx.o
                0x08002936                ili9341_draw_pixel
 .text.ili9341_draw_line
                0x080029e8      0x1da ./Core/Src/NucleoImp/Display/ili9341_gfx.o
                0x080029e8                ili9341_draw_line
 .text.ili9341_draw_rect
                0x08002bc2       0xe0 ./Core/Src/NucleoImp/Display/ili9341_gfx.o
                0x08002bc2                ili9341_draw_rect
 *fill*         0x08002ca2        0x2 
 .text.ili9341_fill_rect
                0x08002ca4      0x124 ./Core/Src/NucleoImp/Display/ili9341_gfx.o
                0x08002ca4                ili9341_fill_rect
 .text.ili9341_draw_circle
                0x08002dc8      0x1e4 ./Core/Src/NucleoImp/Display/ili9341_gfx.o
                0x08002dc8                ili9341_draw_circle
 .text.ili9341_fill_circle
                0x08002fac       0x7a ./Core/Src/NucleoImp/Display/ili9341_gfx.o
                0x08002fac                ili9341_fill_circle
 .text.ili9341_fill_screen
                0x08003026       0x2c ./Core/Src/NucleoImp/Display/ili9341_gfx.o
                0x08003026                ili9341_fill_screen
 *fill*         0x08003052        0x2 
 .text.ili9341_draw_char
                0x08003054      0x1cc ./Core/Src/NucleoImp/Display/ili9341_gfx.o
                0x08003054                ili9341_draw_char
 .text.ili9341_draw_string
                0x08003220       0x9a ./Core/Src/NucleoImp/Display/ili9341_gfx.o
                0x08003220                ili9341_draw_string
 .text.ili9341_clip_rect
                0x080032ba      0x13e ./Core/Src/NucleoImp/Display/ili9341_gfx.o
 .text.ili9341_fill_quarter_circle
                0x080033f8      0x204 ./Core/Src/NucleoImp/Display/ili9341_gfx.o
 .text.cpp_main
                0x080035fc      0x134 ./Core/Src/cpp_main.o
                0x080035fc                cpp_main
 .text._ZN7ELE33124RectItEC2Etttt
                0x08003730       0x4c ./Core/Src/cpp_main.o
                0x08003730                ELE3312::Rect<unsigned short>::Rect(unsigned short, unsigned short, unsigned short, unsigned short)
                0x08003730                ELE3312::Rect<unsigned short>::Rect(unsigned short, unsigned short, unsigned short, unsigned short)
 .text._ZN7ELE33124RectItED2Ev
                0x0800377c       0x30 ./Core/Src/cpp_main.o
                0x0800377c                ELE3312::Rect<unsigned short>::~Rect()
                0x0800377c                ELE3312::Rect<unsigned short>::~Rect()
 .text._ZN7ELE33124RectItED0Ev
                0x080037ac       0x20 ./Core/Src/cpp_main.o
                0x080037ac                ELE3312::Rect<unsigned short>::~Rect()
 .text._ZNSt15__new_allocatorIcED2Ev
                0x080037cc       0x16 ./Core/Src/cpp_main.o
                0x080037cc                std::__new_allocator<char>::~__new_allocator()
                0x080037cc                std::__new_allocator<char>::~__new_allocator()
 .text._ZN7ELE33125PointItEC2Ett
                0x080037e2       0x2a ./Core/Src/cpp_main.o
                0x080037e2                ELE3312::Point<unsigned short>::Point(unsigned short, unsigned short)
                0x080037e2                ELE3312::Point<unsigned short>::Point(unsigned short, unsigned short)
 .text._ZN7ELE33125PointItED2Ev
                0x0800380c       0x16 ./Core/Src/cpp_main.o
                0x0800380c                ELE3312::Point<unsigned short>::~Point()
                0x0800380c                ELE3312::Point<unsigned short>::~Point()
 *fill*         0x08003822        0x2 
 .text._Z41__static_initialization_and_destruction_0v
                0x08003824       0x14 ./Core/Src/cpp_main.o
 .text._Z41__static_initialization_and_destruction_1v
                0x08003838       0x14 ./Core/Src/cpp_main.o
 .text._GLOBAL__sub_I_display
                0x0800384c        0xa ./Core/Src/cpp_main.o
 .text._GLOBAL__sub_D_display
                0x08003856        0xa ./Core/Src/cpp_main.o
 .text.main     0x08003860       0x64 ./Core/Src/main.o
                0x08003860                main
 .text.SystemClock_Config
                0x080038c4       0xdc ./Core/Src/main.o
                0x080038c4                SystemClock_Config
 .text.MX_ADC1_Init
                0x080039a0       0xa4 ./Core/Src/main.o
 .text.MX_DAC_Init
                0x08003a44       0x54 ./Core/Src/main.o
 .text.MX_I2C3_Init
                0x08003a98       0x5c ./Core/Src/main.o
 .text.MX_SPI1_Init
                0x08003af4       0x6c ./Core/Src/main.o
 .text.MX_TIM1_Init
                0x08003b60      0x170 ./Core/Src/main.o
 .text.MX_TIM2_Init
                0x08003cd0      0x134 ./Core/Src/main.o
 .text.MX_TIM4_Init
                0x08003e04       0x98 ./Core/Src/main.o
 .text.MX_TIM6_Init
                0x08003e9c       0x6c ./Core/Src/main.o
 .text.MX_UART5_Init
                0x08003f08       0x54 ./Core/Src/main.o
 .text.MX_USART2_UART_Init
                0x08003f5c       0x54 ./Core/Src/main.o
 .text.MX_DMA_Init
                0x08003fb0       0x9c ./Core/Src/main.o
 .text.MX_GPIO_Init
                0x0800404c      0x15c ./Core/Src/main.o
 .text.Error_Handler
                0x080041a8        0xc ./Core/Src/main.o
                0x080041a8                Error_Handler
 .text.HAL_MspInit
                0x080041b4       0x50 ./Core/Src/stm32f4xx_hal_msp.o
                0x080041b4                HAL_MspInit
 .text.HAL_ADC_MspInit
                0x08004204       0x88 ./Core/Src/stm32f4xx_hal_msp.o
                0x08004204                HAL_ADC_MspInit
 .text.HAL_DAC_MspInit
                0x0800428c       0xf4 ./Core/Src/stm32f4xx_hal_msp.o
                0x0800428c                HAL_DAC_MspInit
 .text.HAL_I2C_MspInit
                0x08004380       0xf4 ./Core/Src/stm32f4xx_hal_msp.o
                0x08004380                HAL_I2C_MspInit
 .text.HAL_SPI_MspInit
                0x08004474      0x16c ./Core/Src/stm32f4xx_hal_msp.o
                0x08004474                HAL_SPI_MspInit
 .text.HAL_TIM_Base_MspInit
                0x080045e0      0x120 ./Core/Src/stm32f4xx_hal_msp.o
                0x080045e0                HAL_TIM_Base_MspInit
 .text.HAL_TIM_MspPostInit
                0x08004700       0xbc ./Core/Src/stm32f4xx_hal_msp.o
                0x08004700                HAL_TIM_MspPostInit
 .text.HAL_UART_MspInit
                0x080047bc      0x228 ./Core/Src/stm32f4xx_hal_msp.o
                0x080047bc                HAL_UART_MspInit
 .text.NMI_Handler
                0x080049e4        0x8 ./Core/Src/stm32f4xx_it.o
                0x080049e4                NMI_Handler
 .text.HardFault_Handler
                0x080049ec        0x8 ./Core/Src/stm32f4xx_it.o
                0x080049ec                HardFault_Handler
 .text.MemManage_Handler
                0x080049f4        0x8 ./Core/Src/stm32f4xx_it.o
                0x080049f4                MemManage_Handler
 .text.BusFault_Handler
                0x080049fc        0x8 ./Core/Src/stm32f4xx_it.o
                0x080049fc                BusFault_Handler
 .text.UsageFault_Handler
                0x08004a04        0x8 ./Core/Src/stm32f4xx_it.o
                0x08004a04                UsageFault_Handler
 .text.SVC_Handler
                0x08004a0c        0xe ./Core/Src/stm32f4xx_it.o
                0x08004a0c                SVC_Handler
 .text.DebugMon_Handler
                0x08004a1a        0xe ./Core/Src/stm32f4xx_it.o
                0x08004a1a                DebugMon_Handler
 .text.PendSV_Handler
                0x08004a28        0xe ./Core/Src/stm32f4xx_it.o
                0x08004a28                PendSV_Handler
 .text.SysTick_Handler
                0x08004a36       0x10 ./Core/Src/stm32f4xx_it.o
                0x08004a36                SysTick_Handler
 *fill*         0x08004a46        0x2 
 .text.DMA1_Stream0_IRQHandler
                0x08004a48       0x14 ./Core/Src/stm32f4xx_it.o
                0x08004a48                DMA1_Stream0_IRQHandler
 .text.DMA1_Stream5_IRQHandler
                0x08004a5c       0x14 ./Core/Src/stm32f4xx_it.o
                0x08004a5c                DMA1_Stream5_IRQHandler
 .text.TIM2_IRQHandler
                0x08004a70       0x14 ./Core/Src/stm32f4xx_it.o
                0x08004a70                TIM2_IRQHandler
 .text.SPI1_IRQHandler
                0x08004a84       0x14 ./Core/Src/stm32f4xx_it.o
                0x08004a84                SPI1_IRQHandler
 .text.USART2_IRQHandler
                0x08004a98       0x14 ./Core/Src/stm32f4xx_it.o
                0x08004a98                USART2_IRQHandler
 .text.DMA1_Stream7_IRQHandler
                0x08004aac       0x14 ./Core/Src/stm32f4xx_it.o
                0x08004aac                DMA1_Stream7_IRQHandler
 .text.UART5_IRQHandler
                0x08004ac0       0x14 ./Core/Src/stm32f4xx_it.o
                0x08004ac0                UART5_IRQHandler
 .text.DMA2_Stream0_IRQHandler
                0x08004ad4       0x14 ./Core/Src/stm32f4xx_it.o
                0x08004ad4                DMA2_Stream0_IRQHandler
 .text.DMA2_Stream3_IRQHandler
                0x08004ae8       0x14 ./Core/Src/stm32f4xx_it.o
                0x08004ae8                DMA2_Stream3_IRQHandler
 .text.I2C3_EV_IRQHandler
                0x08004afc       0x14 ./Core/Src/stm32f4xx_it.o
                0x08004afc                I2C3_EV_IRQHandler
 .text.I2C3_ER_IRQHandler
                0x08004b10       0x14 ./Core/Src/stm32f4xx_it.o
                0x08004b10                I2C3_ER_IRQHandler
 .text._getpid  0x08004b24       0x10 ./Core/Src/syscalls.o
                0x08004b24                _getpid
 .text._kill    0x08004b34       0x20 ./Core/Src/syscalls.o
                0x08004b34                _kill
 .text._exit    0x08004b54       0x16 ./Core/Src/syscalls.o
                0x08004b54                _exit
 .text._read    0x08004b6a       0x3a ./Core/Src/syscalls.o
                0x08004b6a                _read
 .text._write   0x08004ba4       0x38 ./Core/Src/syscalls.o
                0x08004ba4                _write
 .text._close   0x08004bdc       0x18 ./Core/Src/syscalls.o
                0x08004bdc                _close
 .text._fstat   0x08004bf4       0x20 ./Core/Src/syscalls.o
                0x08004bf4                _fstat
 .text._isatty  0x08004c14       0x16 ./Core/Src/syscalls.o
                0x08004c14                _isatty
 .text._lseek   0x08004c2a       0x1a ./Core/Src/syscalls.o
                0x08004c2a                _lseek
 .text._sbrk    0x08004c44       0x6c ./Core/Src/sysmem.o
                0x08004c44                _sbrk
 .text.SystemInit
                0x08004cb0       0x24 ./Core/Src/system_stm32f4xx.o
                0x08004cb0                SystemInit
 .text.Reset_Handler
                0x08004cd4       0x50 ./Core/Startup/startup_stm32f446retx.o
                0x08004cd4                Reset_Handler
 .text.Default_Handler
                0x08004d24        0x2 ./Core/Startup/startup_stm32f446retx.o
                0x08004d24                RTC_Alarm_IRQHandler
                0x08004d24                EXTI2_IRQHandler
                0x08004d24                TIM8_CC_IRQHandler
                0x08004d24                FMPI2C1_EV_IRQHandler
                0x08004d24                SPI4_IRQHandler
                0x08004d24                TIM1_CC_IRQHandler
                0x08004d24                DMA2_Stream5_IRQHandler
                0x08004d24                PVD_IRQHandler
                0x08004d24                SDIO_IRQHandler
                0x08004d24                TAMP_STAMP_IRQHandler
                0x08004d24                CAN2_RX1_IRQHandler
                0x08004d24                EXTI3_IRQHandler
                0x08004d24                TIM8_TRG_COM_TIM14_IRQHandler
                0x08004d24                TIM1_UP_TIM10_IRQHandler
                0x08004d24                TIM8_UP_TIM13_IRQHandler
                0x08004d24                EXTI0_IRQHandler
                0x08004d24                I2C2_EV_IRQHandler
                0x08004d24                DMA1_Stream2_IRQHandler
                0x08004d24                CAN1_RX0_IRQHandler
                0x08004d24                FPU_IRQHandler
                0x08004d24                OTG_HS_WKUP_IRQHandler
                0x08004d24                CAN2_SCE_IRQHandler
                0x08004d24                DMA2_Stream2_IRQHandler
                0x08004d24                TIM6_DAC_IRQHandler
                0x08004d24                TIM1_BRK_TIM9_IRQHandler
                0x08004d24                DCMI_IRQHandler
                0x08004d24                CAN2_RX0_IRQHandler
                0x08004d24                SAI2_IRQHandler
                0x08004d24                USART6_IRQHandler
                0x08004d24                USART3_IRQHandler
                0x08004d24                CAN1_RX1_IRQHandler
                0x08004d24                TIM4_IRQHandler
                0x08004d24                QUADSPI_IRQHandler
                0x08004d24                I2C1_EV_IRQHandler
                0x08004d24                DMA1_Stream6_IRQHandler
                0x08004d24                DMA1_Stream1_IRQHandler
                0x08004d24                UART4_IRQHandler
                0x08004d24                TIM3_IRQHandler
                0x08004d24                RCC_IRQHandler
                0x08004d24                TIM8_BRK_TIM12_IRQHandler
                0x08004d24                Default_Handler
                0x08004d24                CEC_IRQHandler
                0x08004d24                EXTI15_10_IRQHandler
                0x08004d24                ADC_IRQHandler
                0x08004d24                TIM7_IRQHandler
                0x08004d24                CAN2_TX_IRQHandler
                0x08004d24                TIM5_IRQHandler
                0x08004d24                DMA2_Stream7_IRQHandler
                0x08004d24                EXTI9_5_IRQHandler
                0x08004d24                RTC_WKUP_IRQHandler
                0x08004d24                SPDIF_RX_IRQHandler
                0x08004d24                SPI2_IRQHandler
                0x08004d24                OTG_HS_EP1_IN_IRQHandler
                0x08004d24                CAN1_TX_IRQHandler
                0x08004d24                FMPI2C1_ER_IRQHandler
                0x08004d24                EXTI4_IRQHandler
                0x08004d24                OTG_HS_EP1_OUT_IRQHandler
                0x08004d24                WWDG_IRQHandler
                0x08004d24                OTG_FS_WKUP_IRQHandler
                0x08004d24                TIM1_TRG_COM_TIM11_IRQHandler
                0x08004d24                OTG_HS_IRQHandler
                0x08004d24                EXTI1_IRQHandler
                0x08004d24                I2C2_ER_IRQHandler
                0x08004d24                DMA2_Stream1_IRQHandler
                0x08004d24                CAN1_SCE_IRQHandler
                0x08004d24                FLASH_IRQHandler
                0x08004d24                DMA2_Stream4_IRQHandler
                0x08004d24                USART1_IRQHandler
                0x08004d24                OTG_FS_IRQHandler
                0x08004d24                SPI3_IRQHandler
                0x08004d24                DMA1_Stream4_IRQHandler
                0x08004d24                I2C1_ER_IRQHandler
                0x08004d24                FMC_IRQHandler
                0x08004d24                DMA2_Stream6_IRQHandler
                0x08004d24                SAI1_IRQHandler
                0x08004d24                DMA1_Stream3_IRQHandler
 *fill*         0x08004d26        0x2 
 .text.HAL_Init
                0x08004d28       0x44 ./Drivers/STM32F4xx_HAL_Driver/Src/stm32f4xx_hal.o
                0x08004d28                HAL_Init
 .text.HAL_InitTick
                0x08004d6c       0x60 ./Drivers/STM32F4xx_HAL_Driver/Src/stm32f4xx_hal.o
                0x08004d6c                HAL_InitTick
 .text.HAL_IncTick
                0x08004dcc       0x28 ./Drivers/STM32F4xx_HAL_Driver/Src/stm32f4xx_hal.o
                0x08004dcc                HAL_IncTick
 .text.HAL_GetTick
                0x08004df4       0x18 ./Drivers/STM32F4xx_HAL_Driver/Src/stm32f4xx_hal.o
                0x08004df4                HAL_GetTick
 .text.HAL_Delay
                0x08004e0c       0x48 ./Drivers/STM32F4xx_HAL_Driver/Src/stm32f4xx_hal.o
                0x08004e0c                HAL_Delay
 .text.HAL_ADC_Init
                0x08004e54       0x86 ./Drivers/STM32F4xx_HAL_Driver/Src/stm32f4xx_hal_adc.o
                0x08004e54                HAL_ADC_Init
 *fill*         0x08004eda        0x2 
 .text.HAL_ADC_ConfigChannel
                0x08004edc      0x264 ./Drivers/STM32F4xx_HAL_Driver/Src/stm32f4xx_hal_adc.o
                0x08004edc                HAL_ADC_ConfigChannel
 .text.ADC_Init
                0x08005140      0x1f8 ./Drivers/STM32F4xx_HAL_Driver/Src/stm32f4xx_hal_adc.o
 .text.__NVIC_SetPriorityGrouping
                0x08005338       0x48 ./Drivers/STM32F4xx_HAL_Driver/Src/stm32f4xx_hal_cortex.o
 .text.__NVIC_GetPriorityGrouping
                0x08005380       0x1c ./Drivers/STM32F4xx_HAL_Driver/Src/stm32f4xx_hal_cortex.o
 .text.__NVIC_EnableIRQ
                0x0800539c       0x3c ./Drivers/STM32F4xx_HAL_Driver/Src/stm32f4xx_hal_cortex.o
 .text.__NVIC_SetPriority
                0x080053d8       0x54 ./Drivers/STM32F4xx_HAL_Driver/Src/stm32f4xx_hal_cortex.o
 .text.NVIC_EncodePriority
                0x0800542c       0x66 ./Drivers/STM32F4xx_HAL_Driver/Src/stm32f4xx_hal_cortex.o
 *fill*         0x08005492        0x2 
 .text.SysTick_Config
                0x08005494       0x44 ./Drivers/STM32F4xx_HAL_Driver/Src/stm32f4xx_hal_cortex.o
 .text.HAL_NVIC_SetPriorityGrouping
                0x080054d8       0x16 ./Drivers/STM32F4xx_HAL_Driver/Src/stm32f4xx_hal_cortex.o
                0x080054d8                HAL_NVIC_SetPriorityGrouping
 .text.HAL_NVIC_SetPriority
                0x080054ee       0x38 ./Drivers/STM32F4xx_HAL_Driver/Src/stm32f4xx_hal_cortex.o
                0x080054ee                HAL_NVIC_SetPriority
 .text.HAL_NVIC_EnableIRQ
                0x08005526       0x1c ./Drivers/STM32F4xx_HAL_Driver/Src/stm32f4xx_hal_cortex.o
                0x08005526                HAL_NVIC_EnableIRQ
 .text.HAL_SYSTICK_Config
                0x08005542       0x18 ./Drivers/STM32F4xx_HAL_Driver/Src/stm32f4xx_hal_cortex.o
                0x08005542                HAL_SYSTICK_Config
 .text.HAL_SYSTICK_Callback
                0x0800555a        0xe ./Drivers/STM32F4xx_HAL_Driver/Src/stm32f4xx_hal_cortex.o
                0x0800555a                HAL_SYSTICK_Callback
 .text.HAL_DAC_Init
                0x08005568       0x44 ./Drivers/STM32F4xx_HAL_Driver/Src/stm32f4xx_hal_dac.o
                0x08005568                HAL_DAC_Init
 .text.HAL_DAC_ConfigChannel
                0x080055ac       0xb2 ./Drivers/STM32F4xx_HAL_Driver/Src/stm32f4xx_hal_dac.o
                0x080055ac                HAL_DAC_ConfigChannel
 *fill*         0x0800565e        0x2 
 .text.HAL_DMA_Init
                0x08005660      0x15c ./Drivers/STM32F4xx_HAL_Driver/Src/stm32f4xx_hal_dma.o
                0x08005660                HAL_DMA_Init
 .text.HAL_DMA_Start_IT
                0x080057bc       0xb0 ./Drivers/STM32F4xx_HAL_Driver/Src/stm32f4xx_hal_dma.o
                0x080057bc                HAL_DMA_Start_IT
 .text.HAL_DMA_Abort
                0x0800586c       0xe0 ./Drivers/STM32F4xx_HAL_Driver/Src/stm32f4xx_hal_dma.o
                0x0800586c                HAL_DMA_Abort
 .text.HAL_DMA_Abort_IT
                0x0800594c       0x44 ./Drivers/STM32F4xx_HAL_Driver/Src/stm32f4xx_hal_dma.o
                0x0800594c                HAL_DMA_Abort_IT
 .text.HAL_DMA_IRQHandler
                0x08005990      0x314 ./Drivers/STM32F4xx_HAL_Driver/Src/stm32f4xx_hal_dma.o
                0x08005990                HAL_DMA_IRQHandler
 .text.HAL_DMA_GetState
                0x08005ca4       0x1c ./Drivers/STM32F4xx_HAL_Driver/Src/stm32f4xx_hal_dma.o
                0x08005ca4                HAL_DMA_GetState
 .text.DMA_SetConfig
                0x08005cc0       0x5c ./Drivers/STM32F4xx_HAL_Driver/Src/stm32f4xx_hal_dma.o
 .text.DMA_CalcBaseAndBitshift
                0x08005d1c       0x6c ./Drivers/STM32F4xx_HAL_Driver/Src/stm32f4xx_hal_dma.o
 .text.DMA_CheckFifoParam
                0x08005d88       0xf8 ./Drivers/STM32F4xx_HAL_Driver/Src/stm32f4xx_hal_dma.o
 .text.HAL_GPIO_Init
                0x08005e80      0x328 ./Drivers/STM32F4xx_HAL_Driver/Src/stm32f4xx_hal_gpio.o
                0x08005e80                HAL_GPIO_Init
 .text.HAL_GPIO_WritePin
                0x080061a8       0x32 ./Drivers/STM32F4xx_HAL_Driver/Src/stm32f4xx_hal_gpio.o
                0x080061a8                HAL_GPIO_WritePin
 *fill*         0x080061da        0x2 
 .text.HAL_I2C_Init
                0x080061dc      0x288 ./Drivers/STM32F4xx_HAL_Driver/Src/stm32f4xx_hal_i2c.o
                0x080061dc                HAL_I2C_Init
 .text.I2C_Flush_DR
                0x08006464       0x2a ./Drivers/STM32F4xx_HAL_Driver/Src/stm32f4xx_hal_i2c.o
 .text.HAL_I2C_EV_IRQHandler
                0x0800648e      0x2e2 ./Drivers/STM32F4xx_HAL_Driver/Src/stm32f4xx_hal_i2c.o
                0x0800648e                HAL_I2C_EV_IRQHandler
 .text.HAL_I2C_ER_IRQHandler
                0x08006770      0x14e ./Drivers/STM32F4xx_HAL_Driver/Src/stm32f4xx_hal_i2c.o
                0x08006770                HAL_I2C_ER_IRQHandler
 .text.HAL_I2C_MasterTxCpltCallback
                0x080068be       0x14 ./Drivers/STM32F4xx_HAL_Driver/Src/stm32f4xx_hal_i2c.o
                0x080068be                HAL_I2C_MasterTxCpltCallback
 .text.HAL_I2C_MasterRxCpltCallback
                0x080068d2       0x14 ./Drivers/STM32F4xx_HAL_Driver/Src/stm32f4xx_hal_i2c.o
                0x080068d2                HAL_I2C_MasterRxCpltCallback
 .text.HAL_I2C_SlaveTxCpltCallback
                0x080068e6       0x14 ./Drivers/STM32F4xx_HAL_Driver/Src/stm32f4xx_hal_i2c.o
                0x080068e6                HAL_I2C_SlaveTxCpltCallback
 .text.HAL_I2C_SlaveRxCpltCallback
                0x080068fa       0x14 ./Drivers/STM32F4xx_HAL_Driver/Src/stm32f4xx_hal_i2c.o
                0x080068fa                HAL_I2C_SlaveRxCpltCallback
 .text.HAL_I2C_AddrCallback
                0x0800690e       0x1c ./Drivers/STM32F4xx_HAL_Driver/Src/stm32f4xx_hal_i2c.o
                0x0800690e                HAL_I2C_AddrCallback
 .text.HAL_I2C_ListenCpltCallback
                0x0800692a       0x14 ./Drivers/STM32F4xx_HAL_Driver/Src/stm32f4xx_hal_i2c.o
                0x0800692a                HAL_I2C_ListenCpltCallback
 .text.HAL_I2C_MemTxCpltCallback
                0x0800693e       0x14 ./Drivers/STM32F4xx_HAL_Driver/Src/stm32f4xx_hal_i2c.o
                0x0800693e                HAL_I2C_MemTxCpltCallback
 .text.HAL_I2C_MemRxCpltCallback
                0x08006952       0x14 ./Drivers/STM32F4xx_HAL_Driver/Src/stm32f4xx_hal_i2c.o
                0x08006952                HAL_I2C_MemRxCpltCallback
 .text.HAL_I2C_ErrorCallback
                0x08006966       0x14 ./Drivers/STM32F4xx_HAL_Driver/Src/stm32f4xx_hal_i2c.o
                0x08006966                HAL_I2C_ErrorCallback
 .text.HAL_I2C_AbortCpltCallback
                0x0800697a       0x14 ./Drivers/STM32F4xx_HAL_Driver/Src/stm32f4xx_hal_i2c.o
                0x0800697a                HAL_I2C_AbortCpltCallback
 .text.I2C_MasterTransmit_TXE
                0x0800698e      0x138 ./Drivers/STM32F4xx_HAL_Driver/Src/stm32f4xx_hal_i2c.o
 .text.I2C_MasterTransmit_BTF
                0x08006ac6       0xec ./Drivers/STM32F4xx_HAL_Driver/Src/stm32f4xx_hal_i2c.o
 .text.I2C_MemoryTransmit_TXE_BTF
                0x08006bb2      0x130 ./Drivers/STM32F4xx_HAL_Driver/Src/stm32f4xx_hal_i2c.o
 .text.I2C_MasterReceive_RXNE
                0x08006ce2      0x190 ./Drivers/STM32F4xx_HAL_Driver/Src/stm32f4xx_hal_i2c.o
 .text.I2C_MasterReceive_BTF
                0x08006e72      0x1e2 ./Drivers/STM32F4xx_HAL_Driver/Src/stm32f4xx_hal_i2c.o
 .text.I2C_Master_SB
                0x08007054      0x10c ./Drivers/STM32F4xx_HAL_Driver/Src/stm32f4xx_hal_i2c.o
 .text.I2C_Master_ADD10
                0x08007160       0x54 ./Drivers/STM32F4xx_HAL_Driver/Src/stm32f4xx_hal_i2c.o
 .text.I2C_Master_ADDR
                0x080071b4      0x322 ./Drivers/STM32F4xx_HAL_Driver/Src/stm32f4xx_hal_i2c.o
 .text.I2C_SlaveTransmit_TXE
                0x080074d6       0x7a ./Drivers/STM32F4xx_HAL_Driver/Src/stm32f4xx_hal_i2c.o
 .text.I2C_SlaveTransmit_BTF
                0x08007550       0x42 ./Drivers/STM32F4xx_HAL_Driver/Src/stm32f4xx_hal_i2c.o
 .text.I2C_SlaveReceive_RXNE
                0x08007592       0x7c ./Drivers/STM32F4xx_HAL_Driver/Src/stm32f4xx_hal_i2c.o
 .text.I2C_SlaveReceive_BTF
                0x0800760e       0x44 ./Drivers/STM32F4xx_HAL_Driver/Src/stm32f4xx_hal_i2c.o
 .text.I2C_Slave_ADDR
                0x08007652       0x94 ./Drivers/STM32F4xx_HAL_Driver/Src/stm32f4xx_hal_i2c.o
 *fill*         0x080076e6        0x2 
 .text.I2C_Slave_STOPF
                0x080076e8      0x260 ./Drivers/STM32F4xx_HAL_Driver/Src/stm32f4xx_hal_i2c.o
 .text.I2C_Slave_AF
                0x08007948       0xe8 ./Drivers/STM32F4xx_HAL_Driver/Src/stm32f4xx_hal_i2c.o
 .text.I2C_ITError
                0x08007a30      0x264 ./Drivers/STM32F4xx_HAL_Driver/Src/stm32f4xx_hal_i2c.o
 .text.I2C_DMAAbort
                0x08007c94      0x150 ./Drivers/STM32F4xx_HAL_Driver/Src/stm32f4xx_hal_i2c.o
 .text.I2C_WaitOnSTOPRequestThroughIT
                0x08007de4       0x64 ./Drivers/STM32F4xx_HAL_Driver/Src/stm32f4xx_hal_i2c.o
 .text.I2C_ConvertOtherXferOptions
                0x08007e48       0x36 ./Drivers/STM32F4xx_HAL_Driver/Src/stm32f4xx_hal_i2c.o
 *fill*         0x08007e7e        0x2 
 .text.HAL_RCC_ClockConfig
                0x08007e80      0x1cc ./Drivers/STM32F4xx_HAL_Driver/Src/stm32f4xx_hal_rcc.o
                0x08007e80                HAL_RCC_ClockConfig
 .text.HAL_RCC_GetHCLKFreq
                0x0800804c       0x18 ./Drivers/STM32F4xx_HAL_Driver/Src/stm32f4xx_hal_rcc.o
                0x0800804c                HAL_RCC_GetHCLKFreq
 .text.HAL_RCC_GetPCLK1Freq
                0x08008064       0x28 ./Drivers/STM32F4xx_HAL_Driver/Src/stm32f4xx_hal_rcc.o
                0x08008064                HAL_RCC_GetPCLK1Freq
 .text.HAL_RCC_GetPCLK2Freq
                0x0800808c       0x28 ./Drivers/STM32F4xx_HAL_Driver/Src/stm32f4xx_hal_rcc.o
                0x0800808c                HAL_RCC_GetPCLK2Freq
 .text.HAL_RCC_GetSysClockFreq
                0x080080b4      0x460 ./Drivers/STM32F4xx_HAL_Driver/Src/stm32f4xx_hal_rcc_ex.o
                0x080080b4                HAL_RCC_GetSysClockFreq
 .text.HAL_RCC_OscConfig
                0x08008514      0x53c ./Drivers/STM32F4xx_HAL_Driver/Src/stm32f4xx_hal_rcc_ex.o
                0x08008514                HAL_RCC_OscConfig
 .text.HAL_SPI_Init
                0x08008a50      0x112 ./Drivers/STM32F4xx_HAL_Driver/Src/stm32f4xx_hal_spi.o
                0x08008a50                HAL_SPI_Init
 .text.HAL_SPI_Transmit
                0x08008b62      0x288 ./Drivers/STM32F4xx_HAL_Driver/Src/stm32f4xx_hal_spi.o
                0x08008b62                HAL_SPI_Transmit
 .text.HAL_SPI_Receive
                0x08008dea      0x232 ./Drivers/STM32F4xx_HAL_Driver/Src/stm32f4xx_hal_spi.o
                0x08008dea                HAL_SPI_Receive
 .text.HAL_SPI_TransmitReceive
                0x0800901c      0x352 ./Drivers/STM32F4xx_HAL_Driver/Src/stm32f4xx_hal_spi.o
                0x0800901c                HAL_SPI_TransmitReceive
 *fill*         0x0800936e        0x2 
 .text.HAL_SPI_Transmit_DMA
                0x08009370      0x164 ./Drivers/STM32F4xx_HAL_Driver/Src/stm32f4xx_hal_spi.o
                0x08009370                HAL_SPI_Transmit_DMA
 .text.HAL_SPI_IRQHandler
                0x080094d4      0x200 ./Drivers/STM32F4xx_HAL_Driver/Src/stm32f4xx_hal_spi.o
                0x080094d4                HAL_SPI_IRQHandler
 .text.HAL_SPI_TxCpltCallback
                0x080096d4       0x14 ./Drivers/STM32F4xx_HAL_Driver/Src/stm32f4xx_hal_spi.o
                0x080096d4                HAL_SPI_TxCpltCallback
 .text.HAL_SPI_TxHalfCpltCallback
                0x080096e8       0x14 ./Drivers/STM32F4xx_HAL_Driver/Src/stm32f4xx_hal_spi.o
                0x080096e8                HAL_SPI_TxHalfCpltCallback
 .text.HAL_SPI_ErrorCallback
                0x080096fc       0x14 ./Drivers/STM32F4xx_HAL_Driver/Src/stm32f4xx_hal_spi.o
                0x080096fc                HAL_SPI_ErrorCallback
 .text.SPI_DMATransmitCplt
                0x08009710       0xa8 ./Drivers/STM32F4xx_HAL_Driver/Src/stm32f4xx_hal_spi.o
 .text.SPI_DMAHalfTransmitCplt
                0x080097b8       0x1c ./Drivers/STM32F4xx_HAL_Driver/Src/stm32f4xx_hal_spi.o
 .text.SPI_DMAError
                0x080097d4       0x40 ./Drivers/STM32F4xx_HAL_Driver/Src/stm32f4xx_hal_spi.o
 .text.SPI_DMAAbortOnError
                0x08009814       0x28 ./Drivers/STM32F4xx_HAL_Driver/Src/stm32f4xx_hal_spi.o
 .text.SPI_WaitFlagStateUntilTimeout
                0x0800983c      0x110 ./Drivers/STM32F4xx_HAL_Driver/Src/stm32f4xx_hal_spi.o
 .text.SPI_EndRxTransaction
                0x0800994c       0xca ./Drivers/STM32F4xx_HAL_Driver/Src/stm32f4xx_hal_spi.o
 *fill*         0x08009a16        0x2 
 .text.SPI_EndRxTxTransaction
                0x08009a18       0xa8 ./Drivers/STM32F4xx_HAL_Driver/Src/stm32f4xx_hal_spi.o
 .text.HAL_TIM_Base_Init
                0x08009ac0       0x9e ./Drivers/STM32F4xx_HAL_Driver/Src/stm32f4xx_hal_tim.o
                0x08009ac0                HAL_TIM_Base_Init
 .text.HAL_TIM_PWM_Init
                0x08009b5e       0x9e ./Drivers/STM32F4xx_HAL_Driver/Src/stm32f4xx_hal_tim.o
                0x08009b5e                HAL_TIM_PWM_Init
 .text.HAL_TIM_PWM_MspInit
                0x08009bfc       0x14 ./Drivers/STM32F4xx_HAL_Driver/Src/stm32f4xx_hal_tim.o
                0x08009bfc                HAL_TIM_PWM_MspInit
 .text.HAL_TIM_IC_Init
                0x08009c10       0x9e ./Drivers/STM32F4xx_HAL_Driver/Src/stm32f4xx_hal_tim.o
                0x08009c10                HAL_TIM_IC_Init
 .text.HAL_TIM_IC_MspInit
                0x08009cae       0x14 ./Drivers/STM32F4xx_HAL_Driver/Src/stm32f4xx_hal_tim.o
                0x08009cae                HAL_TIM_IC_MspInit
 .text.HAL_TIM_IRQHandler
                0x08009cc2      0x1e0 ./Drivers/STM32F4xx_HAL_Driver/Src/stm32f4xx_hal_tim.o
                0x08009cc2                HAL_TIM_IRQHandler
 .text.HAL_TIM_IC_ConfigChannel
                0x08009ea2      0x138 ./Drivers/STM32F4xx_HAL_Driver/Src/stm32f4xx_hal_tim.o
                0x08009ea2                HAL_TIM_IC_ConfigChannel
 *fill*         0x08009fda        0x2 
 .text.HAL_TIM_PWM_ConfigChannel
                0x08009fdc      0x184 ./Drivers/STM32F4xx_HAL_Driver/Src/stm32f4xx_hal_tim.o
                0x08009fdc                HAL_TIM_PWM_ConfigChannel
 .text.HAL_TIM_ConfigClockSource
                0x0800a160      0x18e ./Drivers/STM32F4xx_HAL_Driver/Src/stm32f4xx_hal_tim.o
                0x0800a160                HAL_TIM_ConfigClockSource
 .text.HAL_TIM_PeriodElapsedCallback
                0x0800a2ee       0x14 ./Drivers/STM32F4xx_HAL_Driver/Src/stm32f4xx_hal_tim.o
                0x0800a2ee                HAL_TIM_PeriodElapsedCallback
 .text.HAL_TIM_OC_DelayElapsedCallback
                0x0800a302       0x14 ./Drivers/STM32F4xx_HAL_Driver/Src/stm32f4xx_hal_tim.o
                0x0800a302                HAL_TIM_OC_DelayElapsedCallback
 .text.HAL_TIM_IC_CaptureCallback
                0x0800a316       0x14 ./Drivers/STM32F4xx_HAL_Driver/Src/stm32f4xx_hal_tim.o
                0x0800a316                HAL_TIM_IC_CaptureCallback
 .text.HAL_TIM_PWM_PulseFinishedCallback
                0x0800a32a       0x14 ./Drivers/STM32F4xx_HAL_Driver/Src/stm32f4xx_hal_tim.o
                0x0800a32a                HAL_TIM_PWM_PulseFinishedCallback
 .text.HAL_TIM_TriggerCallback
                0x0800a33e       0x14 ./Drivers/STM32F4xx_HAL_Driver/Src/stm32f4xx_hal_tim.o
                0x0800a33e                HAL_TIM_TriggerCallback
 *fill*         0x0800a352        0x2 
 .text.TIM_Base_SetConfig
                0x0800a354      0x14c ./Drivers/STM32F4xx_HAL_Driver/Src/stm32f4xx_hal_tim.o
                0x0800a354                TIM_Base_SetConfig
 .text.TIM_OC1_SetConfig
                0x0800a4a0       0xe0 ./Drivers/STM32F4xx_HAL_Driver/Src/stm32f4xx_hal_tim.o
 .text.TIM_OC2_SetConfig
                0x0800a580       0xec ./Drivers/STM32F4xx_HAL_Driver/Src/stm32f4xx_hal_tim.o
                0x0800a580                TIM_OC2_SetConfig
 .text.TIM_OC3_SetConfig
                0x0800a66c       0xe8 ./Drivers/STM32F4xx_HAL_Driver/Src/stm32f4xx_hal_tim.o
 .text.TIM_OC4_SetConfig
                0x0800a754       0xac ./Drivers/STM32F4xx_HAL_Driver/Src/stm32f4xx_hal_tim.o
 .text.TIM_TI1_SetConfig
                0x0800a800       0xe8 ./Drivers/STM32F4xx_HAL_Driver/Src/stm32f4xx_hal_tim.o
                0x0800a800                TIM_TI1_SetConfig
 .text.TIM_TI1_ConfigInputStage
                0x0800a8e8       0x5e ./Drivers/STM32F4xx_HAL_Driver/Src/stm32f4xx_hal_tim.o
 .text.TIM_TI2_SetConfig
                0x0800a946       0x7a ./Drivers/STM32F4xx_HAL_Driver/Src/stm32f4xx_hal_tim.o
 .text.TIM_TI2_ConfigInputStage
                0x0800a9c0       0x60 ./Drivers/STM32F4xx_HAL_Driver/Src/stm32f4xx_hal_tim.o
 .text.TIM_TI3_SetConfig
                0x0800aa20       0x78 ./Drivers/STM32F4xx_HAL_Driver/Src/stm32f4xx_hal_tim.o
 .text.TIM_TI4_SetConfig
                0x0800aa98       0x7a ./Drivers/STM32F4xx_HAL_Driver/Src/stm32f4xx_hal_tim.o
 .text.TIM_ITRx_SetConfig
                0x0800ab12       0x36 ./Drivers/STM32F4xx_HAL_Driver/Src/stm32f4xx_hal_tim.o
 .text.TIM_ETR_SetConfig
                0x0800ab48       0x40 ./Drivers/STM32F4xx_HAL_Driver/Src/stm32f4xx_hal_tim.o
                0x0800ab48                TIM_ETR_SetConfig
 .text.HAL_TIMEx_MasterConfigSynchronization
                0x0800ab88       0xf8 ./Drivers/STM32F4xx_HAL_Driver/Src/stm32f4xx_hal_tim_ex.o
                0x0800ab88                HAL_TIMEx_MasterConfigSynchronization
 .text.HAL_TIMEx_ConfigBreakDeadTime
                0x0800ac80       0xa4 ./Drivers/STM32F4xx_HAL_Driver/Src/stm32f4xx_hal_tim_ex.o
                0x0800ac80                HAL_TIMEx_ConfigBreakDeadTime
 .text.HAL_TIMEx_CommutCallback
                0x0800ad24       0x14 ./Drivers/STM32F4xx_HAL_Driver/Src/stm32f4xx_hal_tim_ex.o
                0x0800ad24                HAL_TIMEx_CommutCallback
 .text.HAL_TIMEx_BreakCallback
                0x0800ad38       0x14 ./Drivers/STM32F4xx_HAL_Driver/Src/stm32f4xx_hal_tim_ex.o
                0x0800ad38                HAL_TIMEx_BreakCallback
 .text.HAL_UART_Init
                0x0800ad4c       0xa0 ./Drivers/STM32F4xx_HAL_Driver/Src/stm32f4xx_hal_uart.o
                0x0800ad4c                HAL_UART_Init
 .text.HAL_UART_IRQHandler
                0x0800adec      0x554 ./Drivers/STM32F4xx_HAL_Driver/Src/stm32f4xx_hal_uart.o
                0x0800adec                HAL_UART_IRQHandler
 .text.HAL_UART_TxCpltCallback
                0x0800b340       0x14 ./Drivers/STM32F4xx_HAL_Driver/Src/stm32f4xx_hal_uart.o
                0x0800b340                HAL_UART_TxCpltCallback
 .text.HAL_UART_RxCpltCallback
                0x0800b354       0x14 ./Drivers/STM32F4xx_HAL_Driver/Src/stm32f4xx_hal_uart.o
                0x0800b354                HAL_UART_RxCpltCallback
 .text.HAL_UART_ErrorCallback
                0x0800b368       0x14 ./Drivers/STM32F4xx_HAL_Driver/Src/stm32f4xx_hal_uart.o
                0x0800b368                HAL_UART_ErrorCallback
 .text.HAL_UARTEx_RxEventCallback
                0x0800b37c       0x18 ./Drivers/STM32F4xx_HAL_Driver/Src/stm32f4xx_hal_uart.o
                0x0800b37c                HAL_UARTEx_RxEventCallback
 .text.UART_EndRxTransfer
                0x0800b394       0xc6 ./Drivers/STM32F4xx_HAL_Driver/Src/stm32f4xx_hal_uart.o
 .text.UART_DMAAbortOnError
                0x0800b45a       0x22 ./Drivers/STM32F4xx_HAL_Driver/Src/stm32f4xx_hal_uart.o
 .text.UART_Transmit_IT
                0x0800b47c       0xa0 ./Drivers/STM32F4xx_HAL_Driver/Src/stm32f4xx_hal_uart.o
 .text.UART_EndTransmit_IT
                0x0800b51c       0x30 ./Drivers/STM32F4xx_HAL_Driver/Src/stm32f4xx_hal_uart.o
 .text.UART_Receive_IT
                0x0800b54c      0x17c ./Drivers/STM32F4xx_HAL_Driver/Src/stm32f4xx_hal_uart.o
 .text.UART_SetConfig
                0x0800b6c8      0x4e8 ./Drivers/STM32F4xx_HAL_Driver/Src/stm32f4xx_hal_uart.o
 .text._ZdlPvj  0x0800bbb0        0x4 C:/ST/STM32CubeIDE_1.19.0/STM32CubeIDE/plugins/com.st.stm32cube.ide.mcu.externaltools.gnu-tools-for-stm32.13.3.rel1.win32_1.0.0.202411081344/tools/bin/../lib/gcc/arm-none-eabi/13.3.1/../../../../arm-none-eabi/lib/thumb/v7e-m+fp/hard\libstdc++_nano.a(del_ops.o)
                0x0800bbb0                operator delete(void*, unsigned int)
 .text._Znwj    0x0800bbb4       0x22 C:/ST/STM32CubeIDE_1.19.0/STM32CubeIDE/plugins/com.st.stm32cube.ide.mcu.externaltools.gnu-tools-for-stm32.13.3.rel1.win32_1.0.0.202411081344/tools/bin/../lib/gcc/arm-none-eabi/13.3.1/../../../../arm-none-eabi/lib/thumb/v7e-m+fp/hard\libstdc++_nano.a(new_op.o)
                0x0800bbb4                operator new(unsigned int)
 .text._ZNSt11char_traitsIcE4copyEPcPKcj.isra.0
                0x0800bbd6        0x8 C:/ST/STM32CubeIDE_1.19.0/STM32CubeIDE/plugins/com.st.stm32cube.ide.mcu.externaltools.gnu-tools-for-stm32.13.3.rel1.win32_1.0.0.202411081344/tools/bin/../lib/gcc/arm-none-eabi/13.3.1/../../../../arm-none-eabi/lib/thumb/v7e-m+fp/hard\libstdc++_nano.a(string-inst.o)
 .text._ZNSt7__cxx1112basic_stringIcSt11char_traitsIcESaIcEE11_S_allocateERS3_j
                0x0800bbde       0x12 C:/ST/STM32CubeIDE_1.19.0/STM32CubeIDE/plugins/com.st.stm32cube.ide.mcu.externaltools.gnu-tools-for-stm32.13.3.rel1.win32_1.0.0.202411081344/tools/bin/../lib/gcc/arm-none-eabi/13.3.1/../../../../arm-none-eabi/lib/thumb/v7e-m+fp/hard\libstdc++_nano.a(string-inst.o)
                0x0800bbde                std::__cxx11::basic_string<char, std::char_traits<char>, std::allocator<char> >::_S_allocate(std::allocator<char>&, unsigned int)
 .text._ZNKSt7__cxx1112basic_stringIcSt11char_traitsIcESaIcEE11_M_is_localEv
                0x0800bbf0        0xc C:/ST/STM32CubeIDE_1.19.0/STM32CubeIDE/plugins/com.st.stm32cube.ide.mcu.externaltools.gnu-tools-for-stm32.13.3.rel1.win32_1.0.0.202411081344/tools/bin/../lib/gcc/arm-none-eabi/13.3.1/../../../../arm-none-eabi/lib/thumb/v7e-m+fp/hard\libstdc++_nano.a(string-inst.o)
                0x0800bbf0                std::__cxx11::basic_string<char, std::char_traits<char>, std::allocator<char> >::_M_is_local() const
 .text._ZNSt7__cxx1112basic_stringIcSt11char_traitsIcESaIcEE9_M_createERjj
                0x0800bbfc       0x3c C:/ST/STM32CubeIDE_1.19.0/STM32CubeIDE/plugins/com.st.stm32cube.ide.mcu.externaltools.gnu-tools-for-stm32.13.3.rel1.win32_1.0.0.202411081344/tools/bin/../lib/gcc/arm-none-eabi/13.3.1/../../../../arm-none-eabi/lib/thumb/v7e-m+fp/hard\libstdc++_nano.a(string-inst.o)
                0x0800bbfc                std::__cxx11::basic_string<char, std::char_traits<char>, std::allocator<char> >::_M_create(unsigned int&, unsigned int)
 .text._ZNSt7__cxx1112basic_stringIcSt11char_traitsIcESaIcEE10_M_destroyEj
                0x0800bc38        0x6 C:/ST/STM32CubeIDE_1.19.0/STM32CubeIDE/plugins/com.st.stm32cube.ide.mcu.externaltools.gnu-tools-for-stm32.13.3.rel1.win32_1.0.0.202411081344/tools/bin/../lib/gcc/arm-none-eabi/13.3.1/../../../../arm-none-eabi/lib/thumb/v7e-m+fp/hard\libstdc++_nano.a(string-inst.o)
                0x0800bc38                std::__cxx11::basic_string<char, std::char_traits<char>, std::allocator<char> >::_M_destroy(unsigned int)
 .text._ZNSt7__cxx1112basic_stringIcSt11char_traitsIcESaIcEE10_M_disposeEv
                0x0800bc3e       0x14 C:/ST/STM32CubeIDE_1.19.0/STM32CubeIDE/plugins/com.st.stm32cube.ide.mcu.externaltools.gnu-tools-for-stm32.13.3.rel1.win32_1.0.0.202411081344/tools/bin/../lib/gcc/arm-none-eabi/13.3.1/../../../../arm-none-eabi/lib/thumb/v7e-m+fp/hard\libstdc++_nano.a(string-inst.o)
                0x0800bc3e                std::__cxx11::basic_string<char, std::char_traits<char>, std::allocator<char> >::_M_dispose()
 .text._ZNSt7__cxx1112basic_stringIcSt11char_traitsIcESaIcEE7_S_copyEPcPKcj
                0x0800bc52       0x18 C:/ST/STM32CubeIDE_1.19.0/STM32CubeIDE/plugins/com.st.stm32cube.ide.mcu.externaltools.gnu-tools-for-stm32.13.3.rel1.win32_1.0.0.202411081344/tools/bin/../lib/gcc/arm-none-eabi/13.3.1/../../../../arm-none-eabi/lib/thumb/v7e-m+fp/hard\libstdc++_nano.a(string-inst.o)
                0x0800bc52                std::__cxx11::basic_string<char, std::char_traits<char>, std::allocator<char> >::_S_copy(char*, char const*, unsigned int)
 .text._ZNSt7__cxx1112basic_stringIcSt11char_traitsIcESaIcEE13_S_copy_charsEPcPKcS7_
                0x0800bc6a        0xa C:/ST/STM32CubeIDE_1.19.0/STM32CubeIDE/plugins/com.st.stm32cube.ide.mcu.externaltools.gnu-tools-for-stm32.13.3.rel1.win32_1.0.0.202411081344/tools/bin/../lib/gcc/arm-none-eabi/13.3.1/../../../../arm-none-eabi/lib/thumb/v7e-m+fp/hard\libstdc++_nano.a(string-inst.o)
                0x0800bc6a                std::__cxx11::basic_string<char, std::char_traits<char>, std::allocator<char> >::_S_copy_chars(char*, char const*, char const*)
 .text._ZNSt7__cxx1112basic_stringIcSt11char_traitsIcESaIcEED2Ev
                0x0800bc74        0xc C:/ST/STM32CubeIDE_1.19.0/STM32CubeIDE/plugins/com.st.stm32cube.ide.mcu.externaltools.gnu-tools-for-stm32.13.3.rel1.win32_1.0.0.202411081344/tools/bin/../lib/gcc/arm-none-eabi/13.3.1/../../../../arm-none-eabi/lib/thumb/v7e-m+fp/hard\libstdc++_nano.a(string-inst.o)
                0x0800bc74                std::__cxx11::basic_string<char, std::char_traits<char>, std::allocator<char> >::~basic_string()
                0x0800bc74                std::__cxx11::basic_string<char, std::char_traits<char>, std::allocator<char> >::~basic_string()
 .text._ZNKSt7__cxx1112basic_stringIcSt11char_traitsIcESaIcEE5c_strEv
                0x0800bc80        0x4 C:/ST/STM32CubeIDE_1.19.0/STM32CubeIDE/plugins/com.st.stm32cube.ide.mcu.externaltools.gnu-tools-for-stm32.13.3.rel1.win32_1.0.0.202411081344/tools/bin/../lib/gcc/arm-none-eabi/13.3.1/../../../../arm-none-eabi/lib/thumb/v7e-m+fp/hard\libstdc++_nano.a(string-inst.o)
                0x0800bc80                std::__cxx11::basic_string<char, std::char_traits<char>, std::allocator<char> >::c_str() const
 .text._ZNSt7__cxx1112basic_stringIcSt11char_traitsIcESaIcEE12_M_constructIPKcEEvT_S8_St20forward_iterator_tag
                0x0800bc84       0x36 C:/ST/STM32CubeIDE_1.19.0/STM32CubeIDE/plugins/com.st.stm32cube.ide.mcu.externaltools.gnu-tools-for-stm32.13.3.rel1.win32_1.0.0.202411081344/tools/bin/../lib/gcc/arm-none-eabi/13.3.1/../../../../arm-none-eabi/lib/thumb/v7e-m+fp/hard\libstdc++_nano.a(string-inst.o)
                0x0800bc84                void std::__cxx11::basic_string<char, std::char_traits<char>, std::allocator<char> >::_M_construct<char const*>(char const*, char const*, std::forward_iterator_tag)
 *fill*         0x0800bcba        0x2 
 .text._ZNSt7__cxx1112basic_stringIcSt11char_traitsIcESaIcEEC2EPKcRKS3_
                0x0800bcbc       0x30 C:/ST/STM32CubeIDE_1.19.0/STM32CubeIDE/plugins/com.st.stm32cube.ide.mcu.externaltools.gnu-tools-for-stm32.13.3.rel1.win32_1.0.0.202411081344/tools/bin/../lib/gcc/arm-none-eabi/13.3.1/../../../../arm-none-eabi/lib/thumb/v7e-m+fp/hard\libstdc++_nano.a(string-inst.o)
                0x0800bcbc                std::__cxx11::basic_string<char, std::char_traits<char>, std::allocator<char> >::basic_string(char const*, std::allocator<char> const&)
                0x0800bcbc                std::__cxx11::basic_string<char, std::char_traits<char>, std::allocator<char> >::basic_string(char const*, std::allocator<char> const&)
 .text._ZdlPv   0x0800bcec        0x4 C:/ST/STM32CubeIDE_1.19.0/STM32CubeIDE/plugins/com.st.stm32cube.ide.mcu.externaltools.gnu-tools-for-stm32.13.3.rel1.win32_1.0.0.202411081344/tools/bin/../lib/gcc/arm-none-eabi/13.3.1/../../../../arm-none-eabi/lib/thumb/v7e-m+fp/hard\libstdc++_nano.a(del_op.o)
                0x0800bcec                operator delete(void*)
 .text._ZSt15get_new_handlerv
                0x0800bcf0       0x10 C:/ST/STM32CubeIDE_1.19.0/STM32CubeIDE/plugins/com.st.stm32cube.ide.mcu.externaltools.gnu-tools-for-stm32.13.3.rel1.win32_1.0.0.202411081344/tools/bin/../lib/gcc/arm-none-eabi/13.3.1/../../../../arm-none-eabi/lib/thumb/v7e-m+fp/hard\libstdc++_nano.a(new_handler.o)
                0x0800bcf0                std::get_new_handler()
 .text.unlikely._ZSt17__throw_bad_allocv
                0x0800bd00        0x6 C:/ST/STM32CubeIDE_1.19.0/STM32CubeIDE/plugins/com.st.stm32cube.ide.mcu.externaltools.gnu-tools-for-stm32.13.3.rel1.win32_1.0.0.202411081344/tools/bin/../lib/gcc/arm-none-eabi/13.3.1/../../../../arm-none-eabi/lib/thumb/v7e-m+fp/hard\libstdc++_nano.a(functexcept.o)
                0x0800bd00                std::__throw_bad_alloc()
 .text.unlikely._ZSt19__throw_logic_errorPKc
                0x0800bd06        0x6 C:/ST/STM32CubeIDE_1.19.0/STM32CubeIDE/plugins/com.st.stm32cube.ide.mcu.externaltools.gnu-tools-for-stm32.13.3.rel1.win32_1.0.0.202411081344/tools/bin/../lib/gcc/arm-none-eabi/13.3.1/../../../../arm-none-eabi/lib/thumb/v7e-m+fp/hard\libstdc++_nano.a(functexcept.o)
                0x0800bd06                std::__throw_logic_error(char const*)
 .text.unlikely._ZSt20__throw_length_errorPKc
                0x0800bd0c        0x6 C:/ST/STM32CubeIDE_1.19.0/STM32CubeIDE/plugins/com.st.stm32cube.ide.mcu.externaltools.gnu-tools-for-stm32.13.3.rel1.win32_1.0.0.202411081344/tools/bin/../lib/gcc/arm-none-eabi/13.3.1/../../../../arm-none-eabi/lib/thumb/v7e-m+fp/hard\libstdc++_nano.a(functexcept.o)
                0x0800bd0c                std::__throw_length_error(char const*)
 *fill*         0x0800bd12        0x6 
 .text.cos      0x0800bd18       0xa8 C:/ST/STM32CubeIDE_1.19.0/STM32CubeIDE/plugins/com.st.stm32cube.ide.mcu.externaltools.gnu-tools-for-stm32.13.3.rel1.win32_1.0.0.202411081344/tools/bin/../lib/gcc/arm-none-eabi/13.3.1/../../../../arm-none-eabi/lib/thumb/v7e-m+fp/hard\libm.a(libm_a-s_cos.o)
                0x0800bd18                cos
 .text.sin      0x0800bdc0       0xa8 C:/ST/STM32CubeIDE_1.19.0/STM32CubeIDE/plugins/com.st.stm32cube.ide.mcu.externaltools.gnu-tools-for-stm32.13.3.rel1.win32_1.0.0.202411081344/tools/bin/../lib/gcc/arm-none-eabi/13.3.1/../../../../arm-none-eabi/lib/thumb/v7e-m+fp/hard\libm.a(libm_a-s_sin.o)
                0x0800bdc0                sin
 .text.fmodf    0x0800be68       0x40 C:/ST/STM32CubeIDE_1.19.0/STM32CubeIDE/plugins/com.st.stm32cube.ide.mcu.externaltools.gnu-tools-for-stm32.13.3.rel1.win32_1.0.0.202411081344/tools/bin/../lib/gcc/arm-none-eabi/13.3.1/../../../../arm-none-eabi/lib/thumb/v7e-m+fp/hard\libm.a(libm_a-wf_fmod.o)
                0x0800be68                fmodf
 .text.__kernel_cos
                0x0800bea8      0x18c C:/ST/STM32CubeIDE_1.19.0/STM32CubeIDE/plugins/com.st.stm32cube.ide.mcu.externaltools.gnu-tools-for-stm32.13.3.rel1.win32_1.0.0.202411081344/tools/bin/../lib/gcc/arm-none-eabi/13.3.1/../../../../arm-none-eabi/lib/thumb/v7e-m+fp/hard\libm.a(libm_a-k_cos.o)
                0x0800bea8                __kernel_cos
 *fill*         0x0800c034        0x4 
 .text.__kernel_sin
                0x0800c038      0x174 C:/ST/STM32CubeIDE_1.19.0/STM32CubeIDE/plugins/com.st.stm32cube.ide.mcu.externaltools.gnu-tools-for-stm32.13.3.rel1.win32_1.0.0.202411081344/tools/bin/../lib/gcc/arm-none-eabi/13.3.1/../../../../arm-none-eabi/lib/thumb/v7e-m+fp/hard\libm.a(libm_a-k_sin.o)
                0x0800c038                __kernel_sin
 *fill*         0x0800c1ac        0x4 
 .text.__ieee754_rem_pio2
                0x0800c1b0      0x3f8 C:/ST/STM32CubeIDE_1.19.0/STM32CubeIDE/plugins/com.st.stm32cube.ide.mcu.externaltools.gnu-tools-for-stm32.13.3.rel1.win32_1.0.0.202411081344/tools/bin/../lib/gcc/arm-none-eabi/13.3.1/../../../../arm-none-eabi/lib/thumb/v7e-m+fp/hard\libm.a(libm_a-e_rem_pio2.o)
                0x0800c1b0                __ieee754_rem_pio2
 .text.fabs     0x0800c5a8       0x10 C:/ST/STM32CubeIDE_1.19.0/STM32CubeIDE/plugins/com.st.stm32cube.ide.mcu.externaltools.gnu-tools-for-stm32.13.3.rel1.win32_1.0.0.202411081344/tools/bin/../lib/gcc/arm-none-eabi/13.3.1/../../../../arm-none-eabi/lib/thumb/v7e-m+fp/hard\libm.a(libm_a-s_fabs.o)
                0x0800c5a8                fabs
 .text.__ieee754_fmodf
                0x0800c5b8      0x104 C:/ST/STM32CubeIDE_1.19.0/STM32CubeIDE/plugins/com.st.stm32cube.ide.mcu.externaltools.gnu-tools-for-stm32.13.3.rel1.win32_1.0.0.202411081344/tools/bin/../lib/gcc/arm-none-eabi/13.3.1/../../../../arm-none-eabi/lib/thumb/v7e-m+fp/hard\libm.a(libm_a-ef_fmod.o)
                0x0800c5b8                __ieee754_fmodf
 *fill*         0x0800c6bc        0x4 
 .text.__kernel_rem_pio2
                0x0800c6c0      0x6a0 C:/ST/STM32CubeIDE_1.19.0/STM32CubeIDE/plugins/com.st.stm32cube.ide.mcu.externaltools.gnu-tools-for-stm32.13.3.rel1.win32_1.0.0.202411081344/tools/bin/../lib/gcc/arm-none-eabi/13.3.1/../../../../arm-none-eabi/lib/thumb/v7e-m+fp/hard\libm.a(libm_a-k_rem_pio2.o)
                0x0800c6c0                __kernel_rem_pio2
 .text.scalbn   0x0800cd60       0xf4 C:/ST/STM32CubeIDE_1.19.0/STM32CubeIDE/plugins/com.st.stm32cube.ide.mcu.externaltools.gnu-tools-for-stm32.13.3.rel1.win32_1.0.0.202411081344/tools/bin/../lib/gcc/arm-none-eabi/13.3.1/../../../../arm-none-eabi/lib/thumb/v7e-m+fp/hard\libm.a(libm_a-s_scalbn.o)
                0x0800cd60                scalbn
 *fill*         0x0800ce54        0x4 
 .text.floor    0x0800ce58       0xf8 C:/ST/STM32CubeIDE_1.19.0/STM32CubeIDE/plugins/com.st.stm32cube.ide.mcu.externaltools.gnu-tools-for-stm32.13.3.rel1.win32_1.0.0.202411081344/tools/bin/../lib/gcc/arm-none-eabi/13.3.1/../../../../arm-none-eabi/lib/thumb/v7e-m+fp/hard\libm.a(libm_a-s_floor.o)
                0x0800ce58                floor
 .text.abort    0x0800cf50        0xe C:/ST/STM32CubeIDE_1.19.0/STM32CubeIDE/plugins/com.st.stm32cube.ide.mcu.externaltools.gnu-tools-for-stm32.13.3.rel1.win32_1.0.0.202411081344/tools/bin/../lib/gcc/arm-none-eabi/13.3.1/../../../../arm-none-eabi/lib/thumb/v7e-m+fp/hard\libc_nano.a(libc_a-abort.o)
                0x0800cf50                abort
 *fill*         0x0800cf5e        0x2 
 .text.malloc   0x0800cf60       0x10 C:/ST/STM32CubeIDE_1.19.0/STM32CubeIDE/plugins/com.st.stm32cube.ide.mcu.externaltools.gnu-tools-for-stm32.13.3.rel1.win32_1.0.0.202411081344/tools/bin/../lib/gcc/arm-none-eabi/13.3.1/../../../../arm-none-eabi/lib/thumb/v7e-m+fp/hard\libc_nano.a(libc_a-malloc.o)
                0x0800cf60                malloc
 .text.free     0x0800cf70       0x10 C:/ST/STM32CubeIDE_1.19.0/STM32CubeIDE/plugins/com.st.stm32cube.ide.mcu.externaltools.gnu-tools-for-stm32.13.3.rel1.win32_1.0.0.202411081344/tools/bin/../lib/gcc/arm-none-eabi/13.3.1/../../../../arm-none-eabi/lib/thumb/v7e-m+fp/hard\libc_nano.a(libc_a-malloc.o)
                0x0800cf70                free
 .text.sbrk_aligned
                0x0800cf80       0x44 C:/ST/STM32CubeIDE_1.19.0/STM32CubeIDE/plugins/com.st.stm32cube.ide.mcu.externaltools.gnu-tools-for-stm32.13.3.rel1.win32_1.0.0.202411081344/tools/bin/../lib/gcc/arm-none-eabi/13.3.1/../../../../arm-none-eabi/lib/thumb/v7e-m+fp/hard\libc_nano.a(libc_a-mallocr.o)
 .text._malloc_r
                0x0800cfc4      0x100 C:/ST/STM32CubeIDE_1.19.0/STM32CubeIDE/plugins/com.st.stm32cube.ide.mcu.externaltools.gnu-tools-for-stm32.13.3.rel1.win32_1.0.0.202411081344/tools/bin/../lib/gcc/arm-none-eabi/13.3.1/../../../../arm-none-eabi/lib/thumb/v7e-m+fp/hard\libc_nano.a(libc_a-mallocr.o)
                0x0800cfc4                _malloc_r
 .text.__malloc_lock
                0x0800d0c4        0xc C:/ST/STM32CubeIDE_1.19.0/STM32CubeIDE/plugins/com.st.stm32cube.ide.mcu.externaltools.gnu-tools-for-stm32.13.3.rel1.win32_1.0.0.202411081344/tools/bin/../lib/gcc/arm-none-eabi/13.3.1/../../../../arm-none-eabi/lib/thumb/v7e-m+fp/hard\libc_nano.a(libc_a-mlock.o)
                0x0800d0c4                __malloc_lock
 .text.__malloc_unlock
                0x0800d0d0        0xc C:/ST/STM32CubeIDE_1.19.0/STM32CubeIDE/plugins/com.st.stm32cube.ide.mcu.externaltools.gnu-tools-for-stm32.13.3.rel1.win32_1.0.0.202411081344/tools/bin/../lib/gcc/arm-none-eabi/13.3.1/../../../../arm-none-eabi/lib/thumb/v7e-m+fp/hard\libc_nano.a(libc_a-mlock.o)
                0x0800d0d0                __malloc_unlock
 .text.__cvt    0x0800d0dc       0xca C:/ST/STM32CubeIDE_1.19.0/STM32CubeIDE/plugins/com.st.stm32cube.ide.mcu.externaltools.gnu-tools-for-stm32.13.3.rel1.win32_1.0.0.202411081344/tools/bin/../lib/gcc/arm-none-eabi/13.3.1/../../../../arm-none-eabi/lib/thumb/v7e-m+fp/hard\libc_nano.a(libc_a-nano-vfprintf_float.o)
                0x0800d0dc                __cvt
 .text.__exponent
                0x0800d1a6       0x74 C:/ST/STM32CubeIDE_1.19.0/STM32CubeIDE/plugins/com.st.stm32cube.ide.mcu.externaltools.gnu-tools-for-stm32.13.3.rel1.win32_1.0.0.202411081344/tools/bin/../lib/gcc/arm-none-eabi/13.3.1/../../../../arm-none-eabi/lib/thumb/v7e-m+fp/hard\libc_nano.a(libc_a-nano-vfprintf_float.o)
                0x0800d1a6                __exponent
 *fill*         0x0800d21a        0x2 
 .text._printf_float
                0x0800d21c      0x454 C:/ST/STM32CubeIDE_1.19.0/STM32CubeIDE/plugins/com.st.stm32cube.ide.mcu.externaltools.gnu-tools-for-stm32.13.3.rel1.win32_1.0.0.202411081344/tools/bin/../lib/gcc/arm-none-eabi/13.3.1/../../../../arm-none-eabi/lib/thumb/v7e-m+fp/hard\libc_nano.a(libc_a-nano-vfprintf_float.o)
                0x0800d21c                _printf_float
 .text._printf_common
                0x0800d670       0xda C:/ST/STM32CubeIDE_1.19.0/STM32CubeIDE/plugins/com.st.stm32cube.ide.mcu.externaltools.gnu-tools-for-stm32.13.3.rel1.win32_1.0.0.202411081344/tools/bin/../lib/gcc/arm-none-eabi/13.3.1/../../../../arm-none-eabi/lib/thumb/v7e-m+fp/hard\libc_nano.a(libc_a-nano-vfprintf_i.o)
                0x0800d670                _printf_common
 *fill*         0x0800d74a        0x2 
 .text._printf_i
                0x0800d74c      0x23c C:/ST/STM32CubeIDE_1.19.0/STM32CubeIDE/plugins/com.st.stm32cube.ide.mcu.externaltools.gnu-tools-for-stm32.13.3.rel1.win32_1.0.0.202411081344/tools/bin/../lib/gcc/arm-none-eabi/13.3.1/../../../../arm-none-eabi/lib/thumb/v7e-m+fp/hard\libc_nano.a(libc_a-nano-vfprintf_i.o)
                0x0800d74c                _printf_i
 .text.std      0x0800d988       0x6c C:/ST/STM32CubeIDE_1.19.0/STM32CubeIDE/plugins/com.st.stm32cube.ide.mcu.externaltools.gnu-tools-for-stm32.13.3.rel1.win32_1.0.0.202411081344/tools/bin/../lib/gcc/arm-none-eabi/13.3.1/../../../../arm-none-eabi/lib/thumb/v7e-m+fp/hard\libc_nano.a(libc_a-findfp.o)
 .text.stdio_exit_handler
                0x0800d9f4       0x18 C:/ST/STM32CubeIDE_1.19.0/STM32CubeIDE/plugins/com.st.stm32cube.ide.mcu.externaltools.gnu-tools-for-stm32.13.3.rel1.win32_1.0.0.202411081344/tools/bin/../lib/gcc/arm-none-eabi/13.3.1/../../../../arm-none-eabi/lib/thumb/v7e-m+fp/hard\libc_nano.a(libc_a-findfp.o)
 .text.cleanup_stdio
                0x0800da0c       0x40 C:/ST/STM32CubeIDE_1.19.0/STM32CubeIDE/plugins/com.st.stm32cube.ide.mcu.externaltools.gnu-tools-for-stm32.13.3.rel1.win32_1.0.0.202411081344/tools/bin/../lib/gcc/arm-none-eabi/13.3.1/../../../../arm-none-eabi/lib/thumb/v7e-m+fp/hard\libc_nano.a(libc_a-findfp.o)
 .text.global_stdio_init.part.0
                0x0800da4c       0x3c C:/ST/STM32CubeIDE_1.19.0/STM32CubeIDE/plugins/com.st.stm32cube.ide.mcu.externaltools.gnu-tools-for-stm32.13.3.rel1.win32_1.0.0.202411081344/tools/bin/../lib/gcc/arm-none-eabi/13.3.1/../../../../arm-none-eabi/lib/thumb/v7e-m+fp/hard\libc_nano.a(libc_a-findfp.o)
 .text.__sfp_lock_acquire
                0x0800da88        0xc C:/ST/STM32CubeIDE_1.19.0/STM32CubeIDE/plugins/com.st.stm32cube.ide.mcu.externaltools.gnu-tools-for-stm32.13.3.rel1.win32_1.0.0.202411081344/tools/bin/../lib/gcc/arm-none-eabi/13.3.1/../../../../arm-none-eabi/lib/thumb/v7e-m+fp/hard\libc_nano.a(libc_a-findfp.o)
                0x0800da88                __sfp_lock_acquire
 .text.__sfp_lock_release
                0x0800da94        0xc C:/ST/STM32CubeIDE_1.19.0/STM32CubeIDE/plugins/com.st.stm32cube.ide.mcu.externaltools.gnu-tools-for-stm32.13.3.rel1.win32_1.0.0.202411081344/tools/bin/../lib/gcc/arm-none-eabi/13.3.1/../../../../arm-none-eabi/lib/thumb/v7e-m+fp/hard\libc_nano.a(libc_a-findfp.o)
                0x0800da94                __sfp_lock_release
 .text.__sinit  0x0800daa0       0x30 C:/ST/STM32CubeIDE_1.19.0/STM32CubeIDE/plugins/com.st.stm32cube.ide.mcu.externaltools.gnu-tools-for-stm32.13.3.rel1.win32_1.0.0.202411081344/tools/bin/../lib/gcc/arm-none-eabi/13.3.1/../../../../arm-none-eabi/lib/thumb/v7e-m+fp/hard\libc_nano.a(libc_a-findfp.o)
                0x0800daa0                __sinit
 .text._fwalk_sglue
                0x0800dad0       0x3c C:/ST/STM32CubeIDE_1.19.0/STM32CubeIDE/plugins/com.st.stm32cube.ide.mcu.externaltools.gnu-tools-for-stm32.13.3.rel1.win32_1.0.0.202411081344/tools/bin/../lib/gcc/arm-none-eabi/13.3.1/../../../../arm-none-eabi/lib/thumb/v7e-m+fp/hard\libc_nano.a(libc_a-fwalk.o)
                0x0800dad0                _fwalk_sglue
 .text.__sread  0x0800db0c       0x22 C:/ST/STM32CubeIDE_1.19.0/STM32CubeIDE/plugins/com.st.stm32cube.ide.mcu.externaltools.gnu-tools-for-stm32.13.3.rel1.win32_1.0.0.202411081344/tools/bin/../lib/gcc/arm-none-eabi/13.3.1/../../../../arm-none-eabi/lib/thumb/v7e-m+fp/hard\libc_nano.a(libc_a-stdio.o)
                0x0800db0c                __sread
 .text.__swrite
                0x0800db2e       0x38 C:/ST/STM32CubeIDE_1.19.0/STM32CubeIDE/plugins/com.st.stm32cube.ide.mcu.externaltools.gnu-tools-for-stm32.13.3.rel1.win32_1.0.0.202411081344/tools/bin/../lib/gcc/arm-none-eabi/13.3.1/../../../../arm-none-eabi/lib/thumb/v7e-m+fp/hard\libc_nano.a(libc_a-stdio.o)
                0x0800db2e                __swrite
 .text.__sseek  0x0800db66       0x24 C:/ST/STM32CubeIDE_1.19.0/STM32CubeIDE/plugins/com.st.stm32cube.ide.mcu.externaltools.gnu-tools-for-stm32.13.3.rel1.win32_1.0.0.202411081344/tools/bin/../lib/gcc/arm-none-eabi/13.3.1/../../../../arm-none-eabi/lib/thumb/v7e-m+fp/hard\libc_nano.a(libc_a-stdio.o)
                0x0800db66                __sseek
 .text.__sclose
                0x0800db8a        0x8 C:/ST/STM32CubeIDE_1.19.0/STM32CubeIDE/plugins/com.st.stm32cube.ide.mcu.externaltools.gnu-tools-for-stm32.13.3.rel1.win32_1.0.0.202411081344/tools/bin/../lib/gcc/arm-none-eabi/13.3.1/../../../../arm-none-eabi/lib/thumb/v7e-m+fp/hard\libc_nano.a(libc_a-stdio.o)
                0x0800db8a                __sclose
 .text.memset   0x0800db92       0x10 C:/ST/STM32CubeIDE_1.19.0/STM32CubeIDE/plugins/com.st.stm32cube.ide.mcu.externaltools.gnu-tools-for-stm32.13.3.rel1.win32_1.0.0.202411081344/tools/bin/../lib/gcc/arm-none-eabi/13.3.1/../../../../arm-none-eabi/lib/thumb/v7e-m+fp/hard\libc_nano.a(libc_a-memset.o)
                0x0800db92                memset
 .text._raise_r
                0x0800dba2       0x50 C:/ST/STM32CubeIDE_1.19.0/STM32CubeIDE/plugins/com.st.stm32cube.ide.mcu.externaltools.gnu-tools-for-stm32.13.3.rel1.win32_1.0.0.202411081344/tools/bin/../lib/gcc/arm-none-eabi/13.3.1/../../../../arm-none-eabi/lib/thumb/v7e-m+fp/hard\libc_nano.a(libc_a-signal.o)
                0x0800dba2                _raise_r
 *fill*         0x0800dbf2        0x2 
 .text.raise    0x0800dbf4       0x10 C:/ST/STM32CubeIDE_1.19.0/STM32CubeIDE/plugins/com.st.stm32cube.ide.mcu.externaltools.gnu-tools-for-stm32.13.3.rel1.win32_1.0.0.202411081344/tools/bin/../lib/gcc/arm-none-eabi/13.3.1/../../../../arm-none-eabi/lib/thumb/v7e-m+fp/hard\libc_nano.a(libc_a-signal.o)
                0x0800dbf4                raise
 .text._localeconv_r
                0x0800dc04        0x8 C:/ST/STM32CubeIDE_1.19.0/STM32CubeIDE/plugins/com.st.stm32cube.ide.mcu.externaltools.gnu-tools-for-stm32.13.3.rel1.win32_1.0.0.202411081344/tools/bin/../lib/gcc/arm-none-eabi/13.3.1/../../../../arm-none-eabi/lib/thumb/v7e-m+fp/hard\libc_nano.a(libc_a-localeconv.o)
                0x0800dc04                _localeconv_r
 .text._close_r
                0x0800dc0c       0x20 C:/ST/STM32CubeIDE_1.19.0/STM32CubeIDE/plugins/com.st.stm32cube.ide.mcu.externaltools.gnu-tools-for-stm32.13.3.rel1.win32_1.0.0.202411081344/tools/bin/../lib/gcc/arm-none-eabi/13.3.1/../../../../arm-none-eabi/lib/thumb/v7e-m+fp/hard\libc_nano.a(libc_a-closer.o)
                0x0800dc0c                _close_r
 .text._lseek_r
                0x0800dc2c       0x24 C:/ST/STM32CubeIDE_1.19.0/STM32CubeIDE/plugins/com.st.stm32cube.ide.mcu.externaltools.gnu-tools-for-stm32.13.3.rel1.win32_1.0.0.202411081344/tools/bin/../lib/gcc/arm-none-eabi/13.3.1/../../../../arm-none-eabi/lib/thumb/v7e-m+fp/hard\libc_nano.a(libc_a-lseekr.o)
                0x0800dc2c                _lseek_r
 .text._read_r  0x0800dc50       0x24 C:/ST/STM32CubeIDE_1.19.0/STM32CubeIDE/plugins/com.st.stm32cube.ide.mcu.externaltools.gnu-tools-for-stm32.13.3.rel1.win32_1.0.0.202411081344/tools/bin/../lib/gcc/arm-none-eabi/13.3.1/../../../../arm-none-eabi/lib/thumb/v7e-m+fp/hard\libc_nano.a(libc_a-readr.o)
                0x0800dc50                _read_r
 .text._kill_r  0x0800dc74       0x24 C:/ST/STM32CubeIDE_1.19.0/STM32CubeIDE/plugins/com.st.stm32cube.ide.mcu.externaltools.gnu-tools-for-stm32.13.3.rel1.win32_1.0.0.202411081344/tools/bin/../lib/gcc/arm-none-eabi/13.3.1/../../../../arm-none-eabi/lib/thumb/v7e-m+fp/hard\libc_nano.a(libc_a-signalr.o)
                0x0800dc74                _kill_r
 .text._getpid_r
                0x0800dc98        0x4 C:/ST/STM32CubeIDE_1.19.0/STM32CubeIDE/plugins/com.st.stm32cube.ide.mcu.externaltools.gnu-tools-for-stm32.13.3.rel1.win32_1.0.0.202411081344/tools/bin/../lib/gcc/arm-none-eabi/13.3.1/../../../../arm-none-eabi/lib/thumb/v7e-m+fp/hard\libc_nano.a(libc_a-signalr.o)
                0x0800dc98                _getpid_r
 .text._sbrk_r  0x0800dc9c       0x20 C:/ST/STM32CubeIDE_1.19.0/STM32CubeIDE/plugins/com.st.stm32cube.ide.mcu.externaltools.gnu-tools-for-stm32.13.3.rel1.win32_1.0.0.202411081344/tools/bin/../lib/gcc/arm-none-eabi/13.3.1/../../../../arm-none-eabi/lib/thumb/v7e-m+fp/hard\libc_nano.a(libc_a-sbrkr.o)
                0x0800dc9c                _sbrk_r
 .text._write_r
                0x0800dcbc       0x24 C:/ST/STM32CubeIDE_1.19.0/STM32CubeIDE/plugins/com.st.stm32cube.ide.mcu.externaltools.gnu-tools-for-stm32.13.3.rel1.win32_1.0.0.202411081344/tools/bin/../lib/gcc/arm-none-eabi/13.3.1/../../../../arm-none-eabi/lib/thumb/v7e-m+fp/hard\libc_nano.a(libc_a-writer.o)
                0x0800dcbc                _write_r
 .text.__errno  0x0800dce0        0xc C:/ST/STM32CubeIDE_1.19.0/STM32CubeIDE/plugins/com.st.stm32cube.ide.mcu.externaltools.gnu-tools-for-stm32.13.3.rel1.win32_1.0.0.202411081344/tools/bin/../lib/gcc/arm-none-eabi/13.3.1/../../../../arm-none-eabi/lib/thumb/v7e-m+fp/hard\libc_nano.a(libc_a-errno.o)
                0x0800dce0                __errno
 .text.__libc_init_array
                0x0800dcec       0x48 C:/ST/STM32CubeIDE_1.19.0/STM32CubeIDE/plugins/com.st.stm32cube.ide.mcu.externaltools.gnu-tools-for-stm32.13.3.rel1.win32_1.0.0.202411081344/tools/bin/../lib/gcc/arm-none-eabi/13.3.1/../../../../arm-none-eabi/lib/thumb/v7e-m+fp/hard\libc_nano.a(libc_a-init.o)
                0x0800dcec                __libc_init_array
 .text.__retarget_lock_init_recursive
                0x0800dd34        0x2 C:/ST/STM32CubeIDE_1.19.0/STM32CubeIDE/plugins/com.st.stm32cube.ide.mcu.externaltools.gnu-tools-for-stm32.13.3.rel1.win32_1.0.0.202411081344/tools/bin/../lib/gcc/arm-none-eabi/13.3.1/../../../../arm-none-eabi/lib/thumb/v7e-m+fp/hard\libc_nano.a(libc_a-lock.o)
                0x0800dd34                __retarget_lock_init_recursive
 .text.__retarget_lock_acquire_recursive
                0x0800dd36        0x2 C:/ST/STM32CubeIDE_1.19.0/STM32CubeIDE/plugins/com.st.stm32cube.ide.mcu.externaltools.gnu-tools-for-stm32.13.3.rel1.win32_1.0.0.202411081344/tools/bin/../lib/gcc/arm-none-eabi/13.3.1/../../../../arm-none-eabi/lib/thumb/v7e-m+fp/hard\libc_nano.a(libc_a-lock.o)
                0x0800dd36                __retarget_lock_acquire_recursive
 .text.__retarget_lock_release_recursive
                0x0800dd38        0x2 C:/ST/STM32CubeIDE_1.19.0/STM32CubeIDE/plugins/com.st.stm32cube.ide.mcu.externaltools.gnu-tools-for-stm32.13.3.rel1.win32_1.0.0.202411081344/tools/bin/../lib/gcc/arm-none-eabi/13.3.1/../../../../arm-none-eabi/lib/thumb/v7e-m+fp/hard\libc_nano.a(libc_a-lock.o)
                0x0800dd38                __retarget_lock_release_recursive
 .text.memcpy   0x0800dd3a       0x1c C:/ST/STM32CubeIDE_1.19.0/STM32CubeIDE/plugins/com.st.stm32cube.ide.mcu.externaltools.gnu-tools-for-stm32.13.3.rel1.win32_1.0.0.202411081344/tools/bin/../lib/gcc/arm-none-eabi/13.3.1/../../../../arm-none-eabi/lib/thumb/v7e-m+fp/hard\libc_nano.a(libc_a-memcpy-stub.o)
                0x0800dd3a                memcpy
 .text.quorem   0x0800dd56      0x110 C:/ST/STM32CubeIDE_1.19.0/STM32CubeIDE/plugins/com.st.stm32cube.ide.mcu.externaltools.gnu-tools-for-stm32.13.3.rel1.win32_1.0.0.202411081344/tools/bin/../lib/gcc/arm-none-eabi/13.3.1/../../../../arm-none-eabi/lib/thumb/v7e-m+fp/hard\libc_nano.a(libc_a-dtoa.o)
 *fill*         0x0800de66        0x2 
 .text._dtoa_r  0x0800de68      0xba0 C:/ST/STM32CubeIDE_1.19.0/STM32CubeIDE/plugins/com.st.stm32cube.ide.mcu.externaltools.gnu-tools-for-stm32.13.3.rel1.win32_1.0.0.202411081344/tools/bin/../lib/gcc/arm-none-eabi/13.3.1/../../../../arm-none-eabi/lib/thumb/v7e-m+fp/hard\libc_nano.a(libc_a-dtoa.o)
                0x0800de68                _dtoa_r
 .text._free_r  0x0800ea08       0x94 C:/ST/STM32CubeIDE_1.19.0/STM32CubeIDE/plugins/com.st.stm32cube.ide.mcu.externaltools.gnu-tools-for-stm32.13.3.rel1.win32_1.0.0.202411081344/tools/bin/../lib/gcc/arm-none-eabi/13.3.1/../../../../arm-none-eabi/lib/thumb/v7e-m+fp/hard\libc_nano.a(libc_a-freer.o)
                0x0800ea08                _free_r
 .text._Balloc  0x0800ea9c       0x80 C:/ST/STM32CubeIDE_1.19.0/STM32CubeIDE/plugins/com.st.stm32cube.ide.mcu.externaltools.gnu-tools-for-stm32.13.3.rel1.win32_1.0.0.202411081344/tools/bin/../lib/gcc/arm-none-eabi/13.3.1/../../../../arm-none-eabi/lib/thumb/v7e-m+fp/hard\libc_nano.a(libc_a-mprec.o)
                0x0800ea9c                _Balloc
 .text._Bfree   0x0800eb1c       0x44 C:/ST/STM32CubeIDE_1.19.0/STM32CubeIDE/plugins/com.st.stm32cube.ide.mcu.externaltools.gnu-tools-for-stm32.13.3.rel1.win32_1.0.0.202411081344/tools/bin/../lib/gcc/arm-none-eabi/13.3.1/../../../../arm-none-eabi/lib/thumb/v7e-m+fp/hard\libc_nano.a(libc_a-mprec.o)
                0x0800eb1c                _Bfree
 .text.__multadd
                0x0800eb60       0x8c C:/ST/STM32CubeIDE_1.19.0/STM32CubeIDE/plugins/com.st.stm32cube.ide.mcu.externaltools.gnu-tools-for-stm32.13.3.rel1.win32_1.0.0.202411081344/tools/bin/../lib/gcc/arm-none-eabi/13.3.1/../../../../arm-none-eabi/lib/thumb/v7e-m+fp/hard\libc_nano.a(libc_a-mprec.o)
                0x0800eb60                __multadd
 .text.__hi0bits
                0x0800ebec       0x3e C:/ST/STM32CubeIDE_1.19.0/STM32CubeIDE/plugins/com.st.stm32cube.ide.mcu.externaltools.gnu-tools-for-stm32.13.3.rel1.win32_1.0.0.202411081344/tools/bin/../lib/gcc/arm-none-eabi/13.3.1/../../../../arm-none-eabi/lib/thumb/v7e-m+fp/hard\libc_nano.a(libc_a-mprec.o)
                0x0800ebec                __hi0bits
 .text.__lo0bits
                0x0800ec2a       0x5a C:/ST/STM32CubeIDE_1.19.0/STM32CubeIDE/plugins/com.st.stm32cube.ide.mcu.externaltools.gnu-tools-for-stm32.13.3.rel1.win32_1.0.0.202411081344/tools/bin/../lib/gcc/arm-none-eabi/13.3.1/../../../../arm-none-eabi/lib/thumb/v7e-m+fp/hard\libc_nano.a(libc_a-mprec.o)
                0x0800ec2a                __lo0bits
 .text.__i2b    0x0800ec84       0x2c C:/ST/STM32CubeIDE_1.19.0/STM32CubeIDE/plugins/com.st.stm32cube.ide.mcu.externaltools.gnu-tools-for-stm32.13.3.rel1.win32_1.0.0.202411081344/tools/bin/../lib/gcc/arm-none-eabi/13.3.1/../../../../arm-none-eabi/lib/thumb/v7e-m+fp/hard\libc_nano.a(libc_a-mprec.o)
                0x0800ec84                __i2b
 .text.__multiply
                0x0800ecb0      0x144 C:/ST/STM32CubeIDE_1.19.0/STM32CubeIDE/plugins/com.st.stm32cube.ide.mcu.externaltools.gnu-tools-for-stm32.13.3.rel1.win32_1.0.0.202411081344/tools/bin/../lib/gcc/arm-none-eabi/13.3.1/../../../../arm-none-eabi/lib/thumb/v7e-m+fp/hard\libc_nano.a(libc_a-mprec.o)
                0x0800ecb0                __multiply
 .text.__pow5mult
                0x0800edf4       0xb4 C:/ST/STM32CubeIDE_1.19.0/STM32CubeIDE/plugins/com.st.stm32cube.ide.mcu.externaltools.gnu-tools-for-stm32.13.3.rel1.win32_1.0.0.202411081344/tools/bin/../lib/gcc/arm-none-eabi/13.3.1/../../../../arm-none-eabi/lib/thumb/v7e-m+fp/hard\libc_nano.a(libc_a-mprec.o)
                0x0800edf4                __pow5mult
 .text.__lshift
                0x0800eea8       0xd8 C:/ST/STM32CubeIDE_1.19.0/STM32CubeIDE/plugins/com.st.stm32cube.ide.mcu.externaltools.gnu-tools-for-stm32.13.3.rel1.win32_1.0.0.202411081344/tools/bin/../lib/gcc/arm-none-eabi/13.3.1/../../../../arm-none-eabi/lib/thumb/v7e-m+fp/hard\libc_nano.a(libc_a-mprec.o)
                0x0800eea8                __lshift
 .text.__mcmp   0x0800ef80       0x36 C:/ST/STM32CubeIDE_1.19.0/STM32CubeIDE/plugins/com.st.stm32cube.ide.mcu.externaltools.gnu-tools-for-stm32.13.3.rel1.win32_1.0.0.202411081344/tools/bin/../lib/gcc/arm-none-eabi/13.3.1/../../../../arm-none-eabi/lib/thumb/v7e-m+fp/hard\libc_nano.a(libc_a-mprec.o)
                0x0800ef80                __mcmp
 *fill*         0x0800efb6        0x2 