Archive member included to satisfy reference by file (symbol)

/opt/st/stm32cubeide_1.19.0/plugins/com.st.stm32cube.ide.mcu.externaltools.gnu-tools-for-stm32.13.3.rel1.linux64_1.0.0.202410170706/tools/bin/../lib/gcc/arm-none-eabi/13.3.1/../../../../arm-none-eabi/lib/thumb/v7e-m+fp/hard/libstdc++_nano.a(del_ops.o)
                              ./Core/Src/Interfaces/Display/Point.o (operator delete(void*, unsigned int))
/opt/st/stm32cubeide_1.19.0/plugins/com.st.stm32cube.ide.mcu.externaltools.gnu-tools-for-stm32.13.3.rel1.linux64_1.0.0.202410170706/tools/bin/../lib/gcc/arm-none-eabi/13.3.1/../../../../arm-none-eabi/lib/thumb/v7e-m+fp/hard/libstdc++_nano.a(new_op.o)
                              ./Core/Src/NucleoImp/Display/ILI9341Display.o (operator new(unsigned int))
/opt/st/stm32cubeide_1.19.0/plugins/com.st.stm32cube.ide.mcu.externaltools.gnu-tools-for-stm32.13.3.rel1.linux64_1.0.0.202410170706/tools/bin/../lib/gcc/arm-none-eabi/13.3.1/../../../../arm-none-eabi/lib/thumb/v7e-m+fp/hard/libstdc++_nano.a(string-inst.o)
                              ./Core/Src/NucleoImp/Display/ILI9341Display.o (std::__cxx11::basic_string<char, std::char_traits<char>, std::allocator<char> >::c_str() const)
/opt/st/stm32cubeide_1.19.0/plugins/com.st.stm32cube.ide.mcu.externaltools.gnu-tools-for-stm32.13.3.rel1.linux64_1.0.0.202410170706/tools/bin/../lib/gcc/arm-none-eabi/13.3.1/../../../../arm-none-eabi/lib/thumb/v7e-m+fp/hard/libstdc++_nano.a(del_op.o)
                              /opt/st/stm32cubeide_1.19.0/plugins/com.st.stm32cube.ide.mcu.externaltools.gnu-tools-for-stm32.13.3.rel1.linux64_1.0.0.202410170706/tools/bin/../lib/gcc/arm-none-eabi/13.3.1/../../../../arm-none-eabi/lib/thumb/v7e-m+fp/hard/libstdc++_nano.a(del_ops.o) (operator delete(void*))
/opt/st/stm32cubeide_1.19.0/plugins/com.st.stm32cube.ide.mcu.externaltools.gnu-tools-for-stm32.13.3.rel1.linux64_1.0.0.202410170706/tools/bin/../lib/gcc/arm-none-eabi/13.3.1/../../../../arm-none-eabi/lib/thumb/v7e-m+fp/hard/libstdc++_nano.a(new_handler.o)
                              /opt/st/stm32cubeide_1.19.0/plugins/com.st.stm32cube.ide.mcu.externaltools.gnu-tools-for-stm32.13.3.rel1.linux64_1.0.0.202410170706/tools/bin/../lib/gcc/arm-none-eabi/13.3.1/../../../../arm-none-eabi/lib/thumb/v7e-m+fp/hard/libstdc++_nano.a(new_op.o) (std::get_new_handler())
/opt/st/stm32cubeide_1.19.0/plugins/com.st.stm32cube.ide.mcu.externaltools.gnu-tools-for-stm32.13.3.rel1.linux64_1.0.0.202410170706/tools/bin/../lib/gcc/arm-none-eabi/13.3.1/../../../../arm-none-eabi/lib/thumb/v7e-m+fp/hard/libstdc++_nano.a(functexcept.o)
                              /opt/st/stm32cubeide_1.19.0/plugins/com.st.stm32cube.ide.mcu.externaltools.gnu-tools-for-stm32.13.3.rel1.linux64_1.0.0.202410170706/tools/bin/../lib/gcc/arm-none-eabi/13.3.1/../../../../arm-none-eabi/lib/thumb/v7e-m+fp/hard/libstdc++_nano.a(string-inst.o) (std::__throw_bad_alloc())
/opt/st/stm32cubeide_1.19.0/plugins/com.st.stm32cube.ide.mcu.externaltools.gnu-tools-for-stm32.13.3.rel1.linux64_1.0.0.202410170706/tools/bin/../lib/gcc/arm-none-eabi/13.3.1/../../../../arm-none-eabi/lib/thumb/v7e-m+fp/hard/libm.a(libm_a-w_sqrt.o)
                              ./Core/Src/Interfaces/Display/Point.o (sqrt)
/opt/st/stm32cubeide_1.19.0/plugins/com.st.stm32cube.ide.mcu.externaltools.gnu-tools-for-stm32.13.3.rel1.linux64_1.0.0.202410170706/tools/bin/../lib/gcc/arm-none-eabi/13.3.1/../../../../arm-none-eabi/lib/thumb/v7e-m+fp/hard/libm.a(libm_a-s_cos.o)
                              ./Core/Src/NucleoImp/Display/ILI9341Display.o (cos)
/opt/st/stm32cubeide_1.19.0/plugins/com.st.stm32cube.ide.mcu.externaltools.gnu-tools-for-stm32.13.3.rel1.linux64_1.0.0.202410170706/tools/bin/../lib/gcc/arm-none-eabi/13.3.1/../../../../arm-none-eabi/lib/thumb/v7e-m+fp/hard/libm.a(libm_a-s_sin.o)
                              ./Core/Src/NucleoImp/Display/ILI9341Display.o (sin)
/opt/st/stm32cubeide_1.19.0/plugins/com.st.stm32cube.ide.mcu.externaltools.gnu-tools-for-stm32.13.3.rel1.linux64_1.0.0.202410170706/tools/bin/../lib/gcc/arm-none-eabi/13.3.1/../../../../arm-none-eabi/lib/thumb/v7e-m+fp/hard/libm.a(libm_a-wf_fmod.o)
                              ./Core/Src/NucleoImp/Display/ILI9341Display.o (fmodf)
/opt/st/stm32cubeide_1.19.0/plugins/com.st.stm32cube.ide.mcu.externaltools.gnu-tools-for-stm32.13.3.rel1.linux64_1.0.0.202410170706/tools/bin/../lib/gcc/arm-none-eabi/13.3.1/../../../../arm-none-eabi/lib/thumb/v7e-m+fp/hard/libm.a(libm_a-e_sqrt.o)
                              /opt/st/stm32cubeide_1.19.0/plugins/com.st.stm32cube.ide.mcu.externaltools.gnu-tools-for-stm32.13.3.rel1.linux64_1.0.0.202410170706/tools/bin/../lib/gcc/arm-none-eabi/13.3.1/../../../../arm-none-eabi/lib/thumb/v7e-m+fp/hard/libm.a(libm_a-w_sqrt.o) (__ieee754_sqrt)
[...]
Memory Configuration

Name             Origin             Length             Attributes
RAM              0x20000000         0x00020000         xrw
FLASH            0x08000000         0x00080000         xr
*default*        0x00000000         0xffffffff

Linker script and memory map

LOAD /opt/st/stm32cubeide_1.19.0/plugins/com.st.stm32cube.ide.mcu.externaltools.gnu-tools-for-stm32.13.3.rel1.linux64_1.0.0.202410170706/tools/bin/../lib/gcc/arm-none-eabi/13.3.1/thumb/v7e-m+fp/hard/crti.o
LOAD /opt/st/stm32cubeide_1.19.0/plugins/com.st.stm32cube.ide.mcu.externaltools.gnu-tools-for-stm32.13.3.rel1.linux64_1.0.0.202410170706/tools/bin/../lib/gcc/arm-none-eabi/13.3.1/thumb/v7e-m+fp/hard/crtbegin.o
LOAD /opt/st/stm32cubeide_1.19.0/plugins/com.st.stm32cube.ide.mcu.externaltools.gnu-tools-for-stm32.13.3.rel1.linux64_1.0.0.202410170706/tools/bin/../lib/gcc/arm-none-eabi/13.3.1/../../../../arm-none-eabi/lib/thumb/v7e-m+fp/hard/crt0.o
LOAD ./Core/Src/Interfaces/Display/Point.o
LOAD ./Core/Src/Interfaces/Display/Rect.o
LOAD ./Core/Src/Interfaces/Display/Sprite.o
LOAD ./Core/Src/NucleoImp/Display/ILI9341Display.o
LOAD ./Core/Src/NucleoImp/Display/ili9341.o
LOAD ./Core/Src/NucleoImp/Display/ili9341_font.o
LOAD ./Core/Src/NucleoImp/Display/ili9341_gfx.o
LOAD ./Core/Src/cpp_main.o
LOAD ./Core/Src/main.o
LOAD ./Core/Src/stm32f4xx_hal_msp.o
LOAD ./Core/Src/stm32f4xx_it.o
LOAD ./Core/Src/syscalls.o
LOAD ./Core/Src/sysmem.o
LOAD ./Core/Src/system_stm32f4xx.o
LOAD ./Core/Startup/startup_stm32f446retx.o
LOAD ./Drivers/STM32F4xx_HAL_Driver/Src/stm32f4xx_hal.o
LOAD ./Drivers/STM32F4xx_HAL_Driver/Src/stm32f4xx_hal_adc.o
LOAD ./Drivers/STM32F4xx_HAL_Driver/Src/stm32f4xx_hal_adc_ex.o
LOAD ./Drivers/STM32F4xx_HAL_Driver/Src/stm32f4xx_hal_cortex.o
LOAD ./Drivers/STM32F4xx_HAL_Driver/Src/stm32f4xx_hal_dac.o
LOAD ./Drivers/STM32F4xx_HAL_Driver/Src/stm32f4xx_hal_dac_ex.o
LOAD ./Drivers/STM32F4xx_HAL_Driver/Src/stm32f4xx_hal_dma.o
LOAD ./Drivers/STM32F4xx_HAL_Driver/Src/stm32f4xx_hal_dma_ex.o
LOAD ./Drivers/STM32F4xx_HAL_Driver/Src/stm32f4xx_hal_exti.o
LOAD ./Drivers/STM32F4xx_HAL_Driver/Src/stm32f4xx_hal_flash.o
LOAD ./Drivers/STM32F4xx_HAL_Driver/Src/stm32f4xx_hal_flash_ex.o
LOAD ./Drivers/STM32F4xx_HAL_Driver/Src/stm32f4xx_hal_flash_ramfunc.o
LOAD ./Drivers/STM32F4xx_HAL_Driver/Src/stm32f4xx_hal_gpio.o
LOAD ./Drivers/STM32F4xx_HAL_Driver/Src/stm32f4xx_hal_i2c.o
LOAD ./Drivers/STM32F4xx_HAL_Driver/Src/stm32f4xx_hal_i2c_ex.o
LOAD ./Drivers/STM32F4xx_HAL_Driver/Src/stm32f4xx_hal_pwr.o
LOAD ./Drivers/STM32F4xx_HAL_Driver/Src/stm32f4xx_hal_pwr_ex.o
LOAD ./Drivers/STM32F4xx_HAL_Driver/Src/stm32f4xx_hal_rcc.o
LOAD ./Drivers/STM32F4xx_HAL_Driver/Src/stm32f4xx_hal_rcc_ex.o
LOAD ./Drivers/STM32F4xx_HAL_Driver/Src/stm32f4xx_hal_spi.o
LOAD ./Drivers/STM32F4xx_HAL_Driver/Src/stm32f4xx_hal_tim.o
LOAD ./Drivers/STM32F4xx_HAL_Driver/Src/stm32f4xx_hal_tim_ex.o
LOAD ./Drivers/STM32F4xx_HAL_Driver/Src/stm32f4xx_hal_uart.o
LOAD ./Drivers/STM32F4xx_HAL_Driver/Src/stm32f4xx_ll_adc.o
START GROUP
LOAD /opt/st/stm32cubeide_1.19.0/plugins/com.st.stm32cube.ide.mcu.externaltools.gnu-tools-for-stm32.13.3.rel1.linux64_1.0.0.202410170706/tools/bin/../lib/gcc/arm-none-eabi/13.3.1/../../../../arm-none-eabi/lib/thumb/v7e-m+fp/hard/libstdc++_nano.a
LOAD /opt/st/stm32cubeide_1.19.0/plugins/com.st.stm32cube.ide.mcu.externaltools.gnu-tools-for-stm32.13.3.rel1.linux64_1.0.0.202410170706/tools/bin/../lib/gcc/arm-none-eabi/13.3.1/../../../../arm-none-eabi/lib/thumb/v7e-m+fp/hard/libsupc++_nano.a
END GROUP
LOAD /opt/st/stm32cubeide_1.19.0/plugins/com.st.stm32cube.ide.mcu.externaltools.gnu-tools-for-stm32.13.3.rel1.linux64_1.0.0.202410170706/tools/bin/../lib/gcc/arm-none-eabi/13.3.1/../../../../arm-none-eabi/lib/thumb/v7e-m+fp/hard/libstdc++_nano.a
LOAD /opt/st/stm32cubeide_1.19.0/plugins/com.st.stm32cube.ide.mcu.externaltools.gnu-tools-for-stm32.13.3.rel1.linux64_1.0.0.202410170706/tools/bin/../lib/gcc/arm-none-eabi/13.3.1/../../../../arm-none-eabi/lib/thumb/v7e-m+fp/hard/libm.a
LOAD /opt/st/stm32cubeide_1.19.0/plugins/com.st.stm32cube.ide.mcu.externaltools.gnu-tools-for-stm32.13.3.rel1.linux64_1.0.0.202410170706/tools/bin/../lib/gcc/arm-none-eabi/13.3.1/../../../../arm-none-eabi/lib/thumb/v7e-m+fp/hard/libc_nano.a
START GROUP
LOAD /opt/st/stm32cubeide_1.19.0/plugins/com.st.stm32cube.ide.mcu.externaltools.gnu-tools-for-stm32.13.3.rel1.linux64_1.0.0.202410170706/tools/bin/../lib/gcc/arm-none-eabi/13.3.1/thumb/v7e-m+fp/hard/libgcc.a
LOAD /opt/st/stm32cubeide_1.19.0/plugins/com.st.stm32cube.ide.mcu.externaltools.gnu-tools-for-stm32.13.3.rel1.linux64_1.0.0.202410170706/tools/bin/../lib/gcc/arm-none-eabi/13.3.1/../../../../arm-none-eabi/lib/thumb/v7e-m+fp/hard/libc_nano.a
END GROUP
START GROUP
LOAD /opt/st/stm32cubeide_1.19.0/plugins/com.st.stm32cube.ide.mcu.externaltools.gnu-tools-for-stm32.13.3.rel1.linux64_1.0.0.202410170706/tools/bin/../lib/gcc/arm-none-eabi/13.3.1/thumb/v7e-m+fp/hard/libgcc.a
LOAD /opt/st/stm32cubeide_1.19.0/plugins/com.st.stm32cube.ide.mcu.externaltools.gnu-tools-for-stm32.13.3.rel1.linux64_1.0.0.202410170706/tools/bin/../lib/gcc/arm-none-eabi/13.3.1/../../../../arm-none-eabi/lib/thumb/v7e-m+fp/hard/libc_nano.a
LOAD /opt/st/stm32cubeide_1.19.0/plugins/com.st.stm32cube.ide.mcu.externaltools.gnu-tools-for-stm32.13.3.rel1.linux64_1.0.0.202410170706/tools/bin/../lib/gcc/arm-none-eabi/13.3.1/../../../../arm-none-eabi/lib/thumb/v7e-m+fp/hard/libnosys.a
END GROUP
START GROUP
LOAD /opt/st/stm32cubeide_1.19.0/plugins/com.st.stm32cube.ide.mcu.externaltools.gnu-tools-for-stm32.13.3.rel1.linux64_1.0.0.202410170706/tools/bin/../lib/gcc/arm-none-eabi/13.3.1/thumb/v7e-m+fp/hard/libgcc.a
LOAD /opt/st/stm32cubeide_1.19.0/plugins/com.st.stm32cube.ide.mcu.externaltools.gnu-tools-for-stm32.13.3.rel1.linux64_1.0.0.202410170706/tools/bin/../lib/gcc/arm-none-eabi/13.3.1/../../../../arm-none-eabi/lib/thumb/v7e-m+fp/hard/libc_nano.a
LOAD /opt/st/stm32cubeide_1.19.0/plugins/com.st.stm32cube.ide.mcu.externaltools.gnu-tools-for-stm32.13.3.rel1.linux64_1.0.0.202410170706/tools/bin/../lib/gcc/arm-none-eabi/13.3.1/../../../../arm-none-eabi/lib/thumb/v7e-m+fp/hard/libnosys.a
END GROUP
LOAD /opt/st/stm32cubeide_1.19.0/plugins/com.st.stm32cube.ide.mcu.externaltools.gnu-tools-for-stm32.13.3.rel1.linux64_1.0.0.202410170706/tools/bin/../lib/gcc/arm-none-eabi/13.3.1/thumb/v7e-m+fp/hard/crtend.o
LOAD /opt/st/stm32cubeide_1.19.0/plugins/com.st.stm32cube.ide.mcu.externaltools.gnu-tools-for-stm32.13.3.rel1.linux64_1.0.0.202410170706/tools/bin/../lib/gcc/arm-none-eabi/13.3.1/thumb/v7e-m+fp/hard/crtn.o
                0x20020000                        _estack = (ORIGIN (RAM) + LENGTH (RAM))
                0x00000200                        _Min_Heap_Size = 0x200
                0x00000400                        _Min_Stack_Size = 0x400

.isr_vector     0x08000000      0x1c4
                0x08000000                        . = ALIGN (0x4)
 *(.isr_vector)
 .isr_vector    0x08000000      0x1c4 ./Core/Startup/startup_stm32f446retx.o
                0x08000000                g_pfnVectors
                0x080001c4                        . = ALIGN (0x4)

.text           0x080001d0     0xf85c
                0x080001d0                        . = ALIGN (0x4)
 *(.text)
 .text          0x080001d0       0x40 /opt/st/stm32cubeide_1.19.0/plugins/com.st.stm32cube.ide.mcu.externaltools.gnu-tools-for-stm32.13.3.rel1.linux64_1.0.0.202410170706/tools/bin/../lib/gcc/arm-none-eabi/13.3.1/thumb/v7e-m+fp/hard/crtbegin.o
 .text          0x08000210       0xa0 /opt/st/stm32cubeide_1.19.0/plugins/com.st.stm32cube.ide.mcu.externaltools.gnu-tools-for-stm32.13.3.rel1.linux64_1.0.0.202410170706/tools/bin/../lib/gcc/arm-none-eabi/13.3.1/../../../../arm-none-eabi/lib/thumb/v7e-m+fp/hard/libc_nano.a(libc_a-memchr.o)
                0x08000210                memchr
 .text          0x080002b0       0x10 /opt/st/stm32cubeide_1.19.0/plugins/com.st.stm32cube.ide.mcu.externaltools.gnu-tools-for-stm32.13.3.rel1.linux64_1.0.0.202410170706/tools/bin/../lib/gcc/arm-none-eabi/13.3.1/../../../../arm-none-eabi/lib/thumb/v7e-m+fp/hard/libc_nano.a(libc_a-strlen.o)
                0x080002b0                strlen
 .text          0x080002c0      0x378 /opt/st/stm32cubeide_1.19.0/plugins/com.st.stm32cube.ide.mcu.externaltools.gnu-tools-for-stm32.13.3.rel1.linux64_1.0.0.202410170706/tools/bin/../lib/gcc/arm-none-eabi/13.3.1/thumb/v7e-m+fp/hard/libgcc.a(_arm_addsubdf3.o)
                0x080002c0                __aeabi_drsub
                0x080002c8                __aeabi_dsub
                0x080002c8                __subdf3
                0x080002cc                __adddf3
                0x080002cc                __aeabi_dadd
                0x08000544                __aeabi_ui2d
                0x08000544                __floatunsidf
                0x08000564                __floatsidf
                0x08000564                __aeabi_i2d
                0x08000588                __extendsfdf2
                0x08000588                __aeabi_f2d
                0x080005cc                __aeabi_ul2d
                0x080005cc                __floatundidf
                0x080005dc                __floatdidf
                0x080005dc                __aeabi_l2d
 .text          0x08000638      0x424 /opt/st/stm32cubeide_1.19.0/plugins/com.st.stm32cube.ide.mcu.externaltools.gnu-tools-for-stm32.13.3.rel1.linux64_1.0.0.202410170706/tools/bin/../lib/gcc/arm-none-eabi/13.3.1/thumb/v7e-m+fp/hard/libgcc.a(_arm_muldivdf3.o)
                0x08000638                __aeabi_dmul
                0x08000638                __muldf3
                0x0800088c                __aeabi_ddiv
                0x0800088c                __divdf3
 .text          0x08000a5c      0x110 /opt/st/stm32cubeide_1.19.0/plugins/com.st.stm32cube.ide.mcu.externaltools.gnu-tools-for-stm32.13.3.rel1.linux64_1.0.0.202410170706/tools/bin/../lib/gcc/arm-none-eabi/13.3.1/thumb/v7e-m+fp/hard/libgcc.a(_arm_cmpdf2.o)
                0x08000a5c                __gtdf2
                0x08000a5c                __gedf2
                0x08000a64                __ltdf2
                0x08000a64                __ledf2
                0x08000a6c                __cmpdf2
                0x08000a6c                __eqdf2
                0x08000a6c                __nedf2
                0x08000ae8                __aeabi_cdrcmple
                0x08000af8                __aeabi_cdcmple
                0x08000af8                __aeabi_cdcmpeq
                0x08000b08                __aeabi_dcmpeq
                0x08000b1c                __aeabi_dcmplt
                0x08000b30                __aeabi_dcmple
                0x08000b44                __aeabi_dcmpge
                0x08000b58                __aeabi_dcmpgt
 .text          0x08000b6c       0x2c /opt/st/stm32cubeide_1.19.0/plugins/com.st.stm32cube.ide.mcu.externaltools.gnu-tools-for-stm32.13.3.rel1.linux64_1.0.0.202410170706/tools/bin/../lib/gcc/arm-none-eabi/13.3.1/thumb/v7e-m+fp/hard/libgcc.a(_arm_unorddf2.o)
                0x08000b6c                __aeabi_dcmpun
                0x08000b6c                __unorddf2
 .text          0x08000b98       0x50 /opt/st/stm32cubeide_1.19.0/plugins/com.st.stm32cube.ide.mcu.externaltools.gnu-tools-for-stm32.13.3.rel1.linux64_1.0.0.202410170706/tools/bin/../lib/gcc/arm-none-eabi/13.3.1/thumb/v7e-m+fp/hard/libgcc.a(_arm_fixdfsi.o)
                0x08000b98                __fixdfsi
                0x08000b98                __aeabi_d2iz
 .text          0x08000be8       0xa0 /opt/st/stm32cubeide_1.19.0/plugins/com.st.stm32cube.ide.mcu.externaltools.gnu-tools-for-stm32.13.3.rel1.linux64_1.0.0.202410170706/tools/bin/../lib/gcc/arm-none-eabi/13.3.1/thumb/v7e-m+fp/hard/libgcc.a(_arm_truncdfsf2.o)
                0x08000be8                __aeabi_d2f
                0x08000be8                __truncdfsf2
 .text          0x08000c88       0x30 /opt/st/stm32cubeide_1.19.0/plugins/com.st.stm32cube.ide.mcu.externaltools.gnu-tools-for-stm32.13.3.rel1.linux64_1.0.0.202410170706/tools/bin/../lib/gcc/arm-none-eabi/13.3.1/thumb/v7e-m+fp/hard/libgcc.a(_aeabi_uldivmod.o)
                0x08000c88                __aeabi_uldivmod
 .text          0x08000cb8      0x2f8 /opt/st/stm32cubeide_1.19.0/plugins/com.st.stm32cube.ide.mcu.externaltools.gnu-tools-for-stm32.13.3.rel1.linux64_1.0.0.202410170706/tools/bin/../lib/gcc/arm-none-eabi/13.3.1/thumb/v7e-m+fp/hard/libgcc.a(_udivmoddi4.o)
                0x08000cb8                __udivmoddi4
 .text          0x08000fb0        0x4 /opt/st/stm32cubeide_1.19.0/plugins/com.st.stm32cube.ide.mcu.externaltools.gnu-tools-for-stm32.13.3.rel1.linux64_1.0.0.202410170706/tools/bin/../lib/gcc/arm-none-eabi/13.3.1/thumb/v7e-m+fp/hard/libgcc.a(_dvmd_tls.o)
                0x08000fb0                __aeabi_ldiv0
                0x08000fb0                __aeabi_idiv0
 *(.text*)
 .text._ZNK7ELE33125Point4getXEv
                0x08000fb4       0x18 ./Core/Src/Interfaces/Display/Point.o
                0x08000fb4                ELE3312::Point::getX() const
 .text._ZNK7ELE33125Point4getYEv
                0x08000fcc       0x18 ./Core/Src/Interfaces/Display/Point.o
                0x08000fcc                ELE3312::Point::getY() const
 .text._ZNK7ELE33124Rect8getWidthEv
                0x08000fe4       0x76 ./Core/Src/Interfaces/Display/Rect.o
                0x08000fe4                ELE3312::Rect::getWidth() const
 .text._ZNK7ELE33124Rect9getHeightEv
                0x0800105a       0x76 ./Core/Src/Interfaces/Display/Rect.o
                0x0800105a                ELE3312::Rect::getHeight() const
 .text._ZNK7ELE33124Rect5getX1Ev
                0x080010d0       0x1c ./Core/Src/Interfaces/Display/Rect.o
                0x080010d0                ELE3312::Rect::getX1() const
 .text._ZNK7ELE33124Rect5getY1Ev
                0x080010ec       0x1c ./Core/Src/Interfaces/Display/Rect.o
                0x080010ec                ELE3312::Rect::getY1() const
 .text._ZN7ELE331219colorToILI9341ColorENS_5ColorE
                0x08001108      0x130 ./Core/Src/NucleoImp/Display/ILI9341Display.o
                0x08001108                ELE3312::colorToILI9341Color(ELE3312::Color)
 .text._ZN7ELE33127DisplayC2Ev
                0x08001238       0x20 ./Core/Src/NucleoImp/Display/ILI9341Display.o
                0x08001238                ELE3312::Display::Display()
                0x08001238                ELE3312::Display::Display()
 .text._ZN7ELE331214ILI9341DisplayC2Ev
                0x08001258       0x30 ./Core/Src/NucleoImp/Display/ILI9341Display.o
                0x08001258                ELE3312::ILI9341Display::ILI9341Display()
                0x08001258                ELE3312::ILI9341Display::ILI9341Display()
 .text._ZN7ELE331214ILI9341DisplayD2Ev
                0x08001288       0x34 ./Core/Src/NucleoImp/Display/ILI9341Display.o
                0x08001288                ELE3312::ILI9341Display::~ILI9341Display()
                0x08001288                ELE3312::ILI9341Display::~ILI9341Display()
 .text._ZN7ELE331214ILI9341DisplayD0Ev
                0x080012bc       0x20 ./Core/Src/NucleoImp/Display/ILI9341Display.o
                0x080012bc                ELE3312::ILI9341Display::~ILI9341Display()
 .text._ZN7ELE331214ILI9341Display5setupEP19__SPI_HandleTypeDef
                0x080012dc       0x58 ./Core/Src/NucleoImp/Display/ILI9341Display.o
                0x080012dc                ELE3312::ILI9341Display::setup(__SPI_HandleTypeDef*)
 .text._ZN7ELE331214ILI9341Display11clearScreenEv
                0x08001334       0x24 ./Core/Src/NucleoImp/Display/ILI9341Display.o
                0x08001334                ELE3312::ILI9341Display::clearScreen()
 .text._ZN7ELE331214ILI9341Display10fillScreenENS_5ColorE
                0x08001358       0x26 ./Core/Src/NucleoImp/Display/ILI9341Display.o
                0x08001358                ELE3312::ILI9341Display::fillScreen(ELE3312::Color)
 .text._ZN7ELE331214ILI9341Display9drawPixelENS_5ColorEtt
                0x0800137e       0x3a ./Core/Src/NucleoImp/Display/ILI9341Display.o
                0x0800137e                ELE3312::ILI9341Display::drawPixel(ELE3312::Color, unsigned short, unsigned short)
 .text._ZN7ELE331214ILI9341Display8drawLineENS_5ColorEtttt
                0x080013b8       0x4c ./Core/Src/NucleoImp/Display/ILI9341Display.o
                0x080013b8                ELE3312::ILI9341Display::drawLine(ELE3312::Color, unsigned short, unsigned short, unsigned short, unsigned short)
 .text._ZN7ELE331214ILI9341Display8drawRectENS_5ColorEtttt
                0x08001404       0x46 ./Core/Src/NucleoImp/Display/ILI9341Display.o
                0x08001404                ELE3312::ILI9341Display::drawRect(ELE3312::Color, unsigned short, unsigned short, unsigned short, unsigned short)
 .text._ZN7ELE331214ILI9341Display8drawRectENS_5ColorERKNS_4RectE
                0x0800144a       0x5e ./Core/Src/NucleoImp/Display/ILI9341Display.o
                0x0800144a                ELE3312::ILI9341Display::drawRect(ELE3312::Color, ELE3312::Rect const&)
 .text._ZN7ELE331214ILI9341Display8fillRectENS_5ColorEtttt
                0x080014a8       0x46 ./Core/Src/NucleoImp/Display/ILI9341Display.o
                0x080014a8                ELE3312::ILI9341Display::fillRect(ELE3312::Color, unsigned short, unsigned short, unsigned short, unsigned short)
 .text._ZN7ELE331214ILI9341Display8fillRectENS_5ColorERKNS_4RectE
                0x080014ee       0x5e ./Core/Src/NucleoImp/Display/ILI9341Display.o
                0x080014ee                ELE3312::ILI9341Display::fillRect(ELE3312::Color, ELE3312::Rect const&)
 .text._ZN7ELE331214ILI9341Display10drawCircleENS_5ColorEttt
                0x0800154c       0x44 ./Core/Src/NucleoImp/Display/ILI9341Display.o
                0x0800154c                ELE3312::ILI9341Display::drawCircle(ELE3312::Color, unsigned short, unsigned short, unsigned short)
 .text._ZN7ELE331214ILI9341Display10fillCircleENS_5ColorEttt
                0x08001590       0x44 ./Core/Src/NucleoImp/Display/ILI9341Display.o
                0x08001590                ELE3312::ILI9341Display::fillCircle(ELE3312::Color, unsigned short, unsigned short, unsigned short)
 .text._ZN7ELE331214ILI9341Display8drawCharEttc
                0x080015d4       0x80 ./Core/Src/NucleoImp/Display/ILI9341Display.o
                0x080015d4                ELE3312::ILI9341Display::drawChar(unsigned short, unsigned short, char)
 .text._ZN7ELE331214ILI9341Display10drawStringEttNSt7__cxx1112basic_stringIcSt11char_traitsIcESaIcEEENS_5ColorE
                0x08001654       0x90 ./Core/Src/NucleoImp/Display/ILI9341Display.o
                0x08001654                ELE3312::ILI9341Display::drawString(unsigned short, unsigned short, std::__cxx11::basic_string<char, std::char_traits<char>, std::allocator<char> >, ELE3312::Color)
 .text._ZN7ELE331214ILI9341Display10drawBitmapEPttttt
                0x080016e4       0x86 ./Core/Src/NucleoImp/Display/ILI9341Display.o
                0x080016e4                ELE3312::ILI9341Display::drawBitmap(unsigned short*, unsigned short, unsigned short, unsigned short, unsigned short)
 *fill*         0x0800176a        0x6 
 .text._ZN7ELE331214ILI9341Display18writeFillArcHelperEstttfft
                0x08001770      0x5e0 ./Core/Src/NucleoImp/Display/ILI9341Display.o
                0x08001770                ELE3312::ILI9341Display::writeFillArcHelper(short, unsigned short, unsigned short, unsigned short, float, float, unsigned short)
 .text._ZN7ELE331214ILI9341Display7fillArcEttttffNS_5ColorE
                0x08001d50      0x150 ./Core/Src/NucleoImp/Display/ILI9341Display.o
                0x08001d50                ELE3312::ILI9341Display::fillArc(unsigned short, unsigned short, unsigned short, unsigned short, float, float, ELE3312::Color)
 .text._ZNK7ELE331214ILI9341Display14getScreenWidthEv
                0x08001ea0       0x18 ./Core/Src/NucleoImp/Display/ILI9341Display.o
                0x08001ea0                ELE3312::ILI9341Display::getScreenWidth() const
 .text._ZNK7ELE331214ILI9341Display15getScreenHeightEv
                0x08001eb8       0x16 ./Core/Src/NucleoImp/Display/ILI9341Display.o
                0x08001eb8                ELE3312::ILI9341Display::getScreenHeight() const
 .text._ZN7ELE331214ILI9341Display18setBackgroundColorENS_5ColorE
                0x08001ece       0x1c ./Core/Src/NucleoImp/Display/ILI9341Display.o
                0x08001ece                ELE3312::ILI9341Display::setBackgroundColor(ELE3312::Color)
 .text._ZNK7ELE331214ILI9341Display18getBackgroundColorEv
                0x08001eea       0x18 ./Core/Src/NucleoImp/Display/ILI9341Display.o
                0x08001eea                ELE3312::ILI9341Display::getBackgroundColor() const
 .text._ZN7ELE331214ILI9341Display10readMemoryEttttPh
                0x08001f02       0x80 ./Core/Src/NucleoImp/Display/ILI9341Display.o
                0x08001f02                ELE3312::ILI9341Display::readMemory(unsigned short, unsigned short, unsigned short, unsigned short, unsigned char*)
 .text.ili9341_new
                0x08001f82      0x1f0 ./Core/Src/NucleoImp/Display/ili9341.o
                0x08001f82                ili9341_new
 .text.ili9341_spi_tft_select
                0x08002172       0x20 ./Core/Src/NucleoImp/Display/ili9341.o
                0x08002172                ili9341_spi_tft_select
 .text.ili9341_spi_tft_release
                0x08002192       0x20 ./Core/Src/NucleoImp/Display/ili9341.o
                0x08002192                ili9341_spi_tft_release
 .text.ili9341_spi_touch_select
                0x080021b2       0x20 ./Core/Src/NucleoImp/Display/ili9341.o
                0x080021b2                ili9341_spi_touch_select
 .text.ili9341_spi_touch_release
                0x080021d2       0x20 ./Core/Src/NucleoImp/Display/ili9341.o
                0x080021d2                ili9341_spi_touch_release
 .text.ili9341_spi_slave_select
                0x080021f2       0x32 ./Core/Src/NucleoImp/Display/ili9341.o
                0x080021f2                ili9341_spi_slave_select
 .text.ili9341_spi_slave_release
                0x08002224       0x32 ./Core/Src/NucleoImp/Display/ili9341.o
                0x08002224                ili9341_spi_slave_release
 .text.ili9341_spi_write_command
                0x08002256       0x70 ./Core/Src/NucleoImp/Display/ili9341.o
                0x08002256                ili9341_spi_write_command
 .text.ili9341_spi_write_data
                0x080022c6       0x72 ./Core/Src/NucleoImp/Display/ili9341.o
                0x080022c6                ili9341_spi_write_data
 .text.ili9341_spi_write_command_data
                0x08002338       0x76 ./Core/Src/NucleoImp/Display/ili9341.o
                0x08002338                ili9341_spi_write_command_data
 .text.ili9341_reset
                0x080023ae       0x42 ./Core/Src/NucleoImp/Display/ili9341.o
 .text.ili9341_initialize
                0x080023f0      0x2c0 ./Core/Src/NucleoImp/Display/ili9341.o
 .text.ili9341_screen_size
                0x080026b0       0x60 ./Core/Src/NucleoImp/Display/ili9341.o
 .text.ili9341_screen_rotation
                0x08002710       0x38 ./Core/Src/NucleoImp/Display/ili9341.o
 .text.ili9341_read_memory
                0x08002748       0xf4 ./Core/Src/NucleoImp/Display/ili9341.o
                0x08002748                ili9341_read_memory
 .text.glyph_index
                0x0800283c       0x2c ./Core/Src/NucleoImp/Display/ili9341_font.o
                0x0800283c                glyph_index
 .text.ili9341_spi_tft_set_address_rect
                0x08002868       0xa2 ./Core/Src/NucleoImp/Display/ili9341_gfx.o
                0x08002868                ili9341_spi_tft_set_address_rect
 .text.ili9341_transmit_wait
                0x0800290a       0x2e ./Core/Src/NucleoImp/Display/ili9341_gfx.o
                0x0800290a                ili9341_transmit_wait
 .text.ili9341_transmit_color
                0x08002938       0x4a ./Core/Src/NucleoImp/Display/ili9341_gfx.o
                0x08002938                ili9341_transmit_color
 .text.ili9341_draw_pixel
                0x08002982       0xb2 ./Core/Src/NucleoImp/Display/ili9341_gfx.o
                0x08002982                ili9341_draw_pixel
 .text.ili9341_draw_line
                0x08002a34      0x1da ./Core/Src/NucleoImp/Display/ili9341_gfx.o
                0x08002a34                ili9341_draw_line
 .text.ili9341_draw_rect
                0x08002c0e       0xe0 ./Core/Src/NucleoImp/Display/ili9341_gfx.o
                0x08002c0e                ili9341_draw_rect
 *fill*         0x08002cee        0x2 
 .text.ili9341_fill_rect
                0x08002cf0      0x124 ./Core/Src/NucleoImp/Display/ili9341_gfx.o
                0x08002cf0                ili9341_fill_rect
 .text.ili9341_draw_circle
                0x08002e14      0x1e4 ./Core/Src/NucleoImp/Display/ili9341_gfx.o
                0x08002e14                ili9341_draw_circle
 .text.ili9341_fill_circle
                0x08002ff8       0x7a ./Core/Src/NucleoImp/Display/ili9341_gfx.o
                0x08002ff8                ili9341_fill_circle
 .text.ili9341_fill_screen
                0x08003072       0x2c ./Core/Src/NucleoImp/Display/ili9341_gfx.o
                0x08003072                ili9341_fill_screen
 *fill*         0x0800309e        0x2 
 .text.ili9341_draw_char
                0x080030a0      0x1cc ./Core/Src/NucleoImp/Display/ili9341_gfx.o
                0x080030a0                ili9341_draw_char
 .text.ili9341_draw_string
                0x0800326c       0x9a ./Core/Src/NucleoImp/Display/ili9341_gfx.o
                0x0800326c                ili9341_draw_string
 .text.ili9341_clip_rect
                0x08003306      0x13e ./Core/Src/NucleoImp/Display/ili9341_gfx.o
 .text.ili9341_fill_quarter_circle
                0x08003444      0x204 ./Core/Src/NucleoImp/Display/ili9341_gfx.o
 .text._ZN7ELE33124tile7idColorENS_8tileTypeE
                0x08003648       0x5c ./Core/Src/cpp_main.o
                0x08003648                ELE3312::tile::idColor(ELE3312::tileType)
 .text._ZN7ELE33124tile4dispERNS_14ILI9341DisplayE
                0x080036a4       0x3c ./Core/Src/cpp_main.o
                0x080036a4                ELE3312::tile::disp(ELE3312::ILI9341Display&)
 .text._Z15generate_fruitsRN7ELE331214ILI9341DisplayEPNS_4tileE
                0x080036e0      0x118 ./Core/Src/cpp_main.o
                0x080036e0                generate_fruits(ELE3312::ILI9341Display&, ELE3312::tile*)
 .text._Z14generate_snakeRN7ELE331214ILI9341DisplayEPNS_4tileE
                0x080037f8      0x188 ./Core/Src/cpp_main.o
                0x080037f8                generate_snake(ELE3312::ILI9341Display&, ELE3312::tile*)
 .text.cpp_main
                0x08003980       0x3c ./Core/Src/cpp_main.o
                0x08003980                cpp_main
 .text._Z41__static_initialization_and_destruction_0v
                0x080039bc       0x14 ./Core/Src/cpp_main.o
 .text._Z41__static_initialization_and_destruction_1v
                0x080039d0       0x14 ./Core/Src/cpp_main.o
 .text._GLOBAL__sub_I__Z15generate_fruitsRN7ELE331214ILI9341DisplayEPNS_4tileE
                0x080039e4        0xa ./Core/Src/cpp_main.o
 .text._GLOBAL__sub_D__Z15generate_fruitsRN7ELE331214ILI9341DisplayEPNS_4tileE
                0x080039ee        0xa ./Core/Src/cpp_main.o
 .text.main     0x080039f8       0x64 ./Core/Src/main.o
                0x080039f8                main
 .text.SystemClock_Config
                0x08003a5c       0xdc ./Core/Src/main.o
                0x08003a5c                SystemClock_Config
 .text.MX_ADC1_Init
                0x08003b38       0xa4 ./Core/Src/main.o
 .text.MX_DAC_Init
                0x08003bdc       0x54 ./Core/Src/main.o
 .text.MX_I2C3_Init
                0x08003c30       0x5c ./Core/Src/main.o
 .text.MX_SPI1_Init
                0x08003c8c       0x6c ./Core/Src/main.o
 .text.MX_TIM1_Init
                0x08003cf8      0x170 ./Core/Src/main.o
 .text.MX_TIM2_Init
                0x08003e68      0x134 ./Core/Src/main.o
 .text.MX_TIM4_Init
                0x08003f9c       0x98 ./Core/Src/main.o
 .text.MX_TIM6_Init
                0x08004034       0x6c ./Core/Src/main.o
 .text.MX_UART5_Init
                0x080040a0       0x54 ./Core/Src/main.o
 .text.MX_USART2_UART_Init
                0x080040f4       0x54 ./Core/Src/main.o
 .text.MX_DMA_Init
                0x08004148       0x9c ./Core/Src/main.o
 .text.MX_GPIO_Init
                0x080041e4      0x15c ./Core/Src/main.o
 .text.Error_Handler
                0x08004340        0xc ./Core/Src/main.o
                0x08004340                Error_Handler
 .text.HAL_MspInit
                0x0800434c       0x50 ./Core/Src/stm32f4xx_hal_msp.o
                0x0800434c                HAL_MspInit
 .text.HAL_ADC_MspInit
                0x0800439c       0x88 ./Core/Src/stm32f4xx_hal_msp.o
                0x0800439c                HAL_ADC_MspInit
 .text.HAL_DAC_MspInit
                0x08004424       0xf4 ./Core/Src/stm32f4xx_hal_msp.o
                0x08004424                HAL_DAC_MspInit
 .text.HAL_I2C_MspInit
                0x08004518       0xf4 ./Core/Src/stm32f4xx_hal_msp.o
                0x08004518                HAL_I2C_MspInit
 .text.HAL_SPI_MspInit
                0x0800460c      0x16c ./Core/Src/stm32f4xx_hal_msp.o
                0x0800460c                HAL_SPI_MspInit
 .text.HAL_TIM_Base_MspInit
                0x08004778      0x120 ./Core/Src/stm32f4xx_hal_msp.o
                0x08004778                HAL_TIM_Base_MspInit
 .text.HAL_TIM_MspPostInit
                0x08004898       0xbc ./Core/Src/stm32f4xx_hal_msp.o
                0x08004898                HAL_TIM_MspPostInit
 .text.HAL_UART_MspInit
                0x08004954      0x228 ./Core/Src/stm32f4xx_hal_msp.o
                0x08004954                HAL_UART_MspInit
 .text.NMI_Handler
                0x08004b7c        0x8 ./Core/Src/stm32f4xx_it.o
                0x08004b7c                NMI_Handler
 .text.HardFault_Handler
                0x08004b84        0x8 ./Core/Src/stm32f4xx_it.o
                0x08004b84                HardFault_Handler
 .text.MemManage_Handler
                0x08004b8c        0x8 ./Core/Src/stm32f4xx_it.o
                0x08004b8c                MemManage_Handler
 .text.BusFault_Handler
                0x08004b94        0x8 ./Core/Src/stm32f4xx_it.o
                0x08004b94                BusFault_Handler
 .text.UsageFault_Handler
                0x08004b9c        0x8 ./Core/Src/stm32f4xx_it.o
                0x08004b9c                UsageFault_Handler
 .text.SVC_Handler
                0x08004ba4        0xe ./Core/Src/stm32f4xx_it.o
                0x08004ba4                SVC_Handler
 .text.DebugMon_Handler
                0x08004bb2        0xe ./Core/Src/stm32f4xx_it.o
                0x08004bb2                DebugMon_Handler
 .text.PendSV_Handler
                0x08004bc0        0xe ./Core/Src/stm32f4xx_it.o
                0x08004bc0                PendSV_Handler
 .text.SysTick_Handler
                0x08004bce       0x10 ./Core/Src/stm32f4xx_it.o
                0x08004bce                SysTick_Handler
 *fill*         0x08004bde        0x2 
 .text.DMA1_Stream0_IRQHandler
                0x08004be0       0x14 ./Core/Src/stm32f4xx_it.o
                0x08004be0                DMA1_Stream0_IRQHandler
 .text.DMA1_Stream5_IRQHandler
                0x08004bf4       0x14 ./Core/Src/stm32f4xx_it.o
                0x08004bf4                DMA1_Stream5_IRQHandler
 .text.TIM2_IRQHandler
                0x08004c08       0x14 ./Core/Src/stm32f4xx_it.o
                0x08004c08                TIM2_IRQHandler
 .text.SPI1_IRQHandler
                0x08004c1c       0x14 ./Core/Src/stm32f4xx_it.o
                0x08004c1c                SPI1_IRQHandler
 .text.USART2_IRQHandler
                0x08004c30       0x14 ./Core/Src/stm32f4xx_it.o
                0x08004c30                USART2_IRQHandler
 .text.DMA1_Stream7_IRQHandler
                0x08004c44       0x14 ./Core/Src/stm32f4xx_it.o
                0x08004c44                DMA1_Stream7_IRQHandler
 .text.UART5_IRQHandler
                0x08004c58       0x14 ./Core/Src/stm32f4xx_it.o
                0x08004c58                UART5_IRQHandler
 .text.DMA2_Stream0_IRQHandler
                0x08004c6c       0x14 ./Core/Src/stm32f4xx_it.o
                0x08004c6c                DMA2_Stream0_IRQHandler
 .text.DMA2_Stream3_IRQHandler
                0x08004c80       0x14 ./Core/Src/stm32f4xx_it.o
                0x08004c80                DMA2_Stream3_IRQHandler
 .text.I2C3_EV_IRQHandler
                0x08004c94       0x14 ./Core/Src/stm32f4xx_it.o
                0x08004c94                I2C3_EV_IRQHandler
 .text.I2C3_ER_IRQHandler
                0x08004ca8       0x14 ./Core/Src/stm32f4xx_it.o
                0x08004ca8                I2C3_ER_IRQHandler
 .text._getpid  0x08004cbc       0x10 ./Core/Src/syscalls.o
                0x08004cbc                _getpid
 .text._kill    0x08004ccc       0x20 ./Core/Src/syscalls.o
                0x08004ccc                _kill
 .text._exit    0x08004cec       0x16 ./Core/Src/syscalls.o
                0x08004cec                _exit
 .text._read    0x08004d02       0x3a ./Core/Src/syscalls.o
                0x08004d02                _read
 .text._write   0x08004d3c       0x38 ./Core/Src/syscalls.o
                0x08004d3c                _write
 .text._close   0x08004d74       0x18 ./Core/Src/syscalls.o
                0x08004d74                _close
 .text._fstat   0x08004d8c       0x20 ./Core/Src/syscalls.o
                0x08004d8c                _fstat
 .text._isatty  0x08004dac       0x16 ./Core/Src/syscalls.o
                0x08004dac                _isatty
 .text._lseek   0x08004dc2       0x1a ./Core/Src/syscalls.o
                0x08004dc2                _lseek
 .text._sbrk    0x08004ddc       0x6c ./Core/Src/sysmem.o
                0x08004ddc                _sbrk
 .text.SystemInit
                0x08004e48       0x24 ./Core/Src/system_stm32f4xx.o
                0x08004e48                SystemInit
 .text.Reset_Handler
                0x08004e6c       0x50 ./Core/Startup/startup_stm32f446retx.o
                0x08004e6c                Reset_Handler
 .text.Default_Handler
                0x08004ebc        0x2 ./Core/Startup/startup_stm32f446retx.o
                0x08004ebc                RTC_Alarm_IRQHandler
                0x08004ebc                EXTI2_IRQHandler
                0x08004ebc                TIM8_CC_IRQHandler
                0x08004ebc                FMPI2C1_EV_IRQHandler
                0x08004ebc                SPI4_IRQHandler
                0x08004ebc                TIM1_CC_IRQHandler
                0x08004ebc                DMA2_Stream5_IRQHandler
                0x08004ebc                PVD_IRQHandler
                0x08004ebc                SDIO_IRQHandler
                0x08004ebc                TAMP_STAMP_IRQHandler
                0x08004ebc                CAN2_RX1_IRQHandler
                0x08004ebc                EXTI3_IRQHandler
                0x08004ebc                TIM8_TRG_COM_TIM14_IRQHandler
                0x08004ebc                TIM1_UP_TIM10_IRQHandler
                0x08004ebc                TIM8_UP_TIM13_IRQHandler
                0x08004ebc                EXTI0_IRQHandler
                0x08004ebc                I2C2_EV_IRQHandler
                0x08004ebc                DMA1_Stream2_IRQHandler
                0x08004ebc                CAN1_RX0_IRQHandler
                0x08004ebc                FPU_IRQHandler
                0x08004ebc                OTG_HS_WKUP_IRQHandler
                0x08004ebc                CAN2_SCE_IRQHandler
                0x08004ebc                DMA2_Stream2_IRQHandler
                0x08004ebc                TIM6_DAC_IRQHandler
                0x08004ebc                TIM1_BRK_TIM9_IRQHandler
                0x08004ebc                DCMI_IRQHandler
                0x08004ebc                CAN2_RX0_IRQHandler
                0x08004ebc                SAI2_IRQHandler
                0x08004ebc                USART6_IRQHandler
                0x08004ebc                USART3_IRQHandler
                0x08004ebc                CAN1_RX1_IRQHandler
                0x08004ebc                TIM4_IRQHandler
                0x08004ebc                QUADSPI_IRQHandler
                0x08004ebc                I2C1_EV_IRQHandler
                0x08004ebc                DMA1_Stream6_IRQHandler
                0x08004ebc                DMA1_Stream1_IRQHandler
                0x08004ebc                UART4_IRQHandler
                0x08004ebc                TIM3_IRQHandler
                0x08004ebc                RCC_IRQHandler
                0x08004ebc                TIM8_BRK_TIM12_IRQHandler
                0x08004ebc                Default_Handler
                0x08004ebc                CEC_IRQHandler
                0x08004ebc                EXTI15_10_IRQHandler
                0x08004ebc                ADC_IRQHandler
                0x08004ebc                TIM7_IRQHandler
                0x08004ebc                CAN2_TX_IRQHandler
                0x08004ebc                TIM5_IRQHandler
                0x08004ebc                DMA2_Stream7_IRQHandler
                0x08004ebc                EXTI9_5_IRQHandler
                0x08004ebc                RTC_WKUP_IRQHandler
                0x08004ebc                SPDIF_RX_IRQHandler
                0x08004ebc                SPI2_IRQHandler
                0x08004ebc                OTG_HS_EP1_IN_IRQHandler
                0x08004ebc                CAN1_TX_IRQHandler
                0x08004ebc                FMPI2C1_ER_IRQHandler
                0x08004ebc                EXTI4_IRQHandler
                0x08004ebc                OTG_HS_EP1_OUT_IRQHandler
                0x08004ebc                WWDG_IRQHandler
                0x08004ebc                OTG_FS_WKUP_IRQHandler
                0x08004ebc                TIM1_TRG_COM_TIM11_IRQHandler
                0x08004ebc                OTG_HS_IRQHandler
                0x08004ebc                EXTI1_IRQHandler
                0x08004ebc                I2C2_ER_IRQHandler
                0x08004ebc                DMA2_Stream1_IRQHandler
                0x08004ebc                CAN1_SCE_IRQHandler
                0x08004ebc                FLASH_IRQHandler
                0x08004ebc                DMA2_Stream4_IRQHandler
                0x08004ebc                USART1_IRQHandler
                0x08004ebc                OTG_FS_IRQHandler
                0x08004ebc                SPI3_IRQHandler
                0x08004ebc                DMA1_Stream4_IRQHandler
                0x08004ebc                I2C1_ER_IRQHandler
                0x08004ebc                FMC_IRQHandler
                0x08004ebc                DMA2_Stream6_IRQHandler
                0x08004ebc                SAI1_IRQHandler
                0x08004ebc                DMA1_Stream3_IRQHandler
 *fill*         0x08004ebe        0x2 
 .text.HAL_Init
                0x08004ec0       0x44 ./Drivers/STM32F4xx_HAL_Driver/Src/stm32f4xx_hal.o
                0x08004ec0                HAL_Init
 .text.HAL_InitTick
                0x08004f04       0x60 ./Drivers/STM32F4xx_HAL_Driver/Src/stm32f4xx_hal.o
                0x08004f04                HAL_InitTick
 .text.HAL_IncTick
                0x08004f64       0x28 ./Drivers/STM32F4xx_HAL_Driver/Src/stm32f4xx_hal.o
                0x08004f64                HAL_IncTick
 .text.HAL_GetTick
                0x08004f8c       0x18 ./Drivers/STM32F4xx_HAL_Driver/Src/stm32f4xx_hal.o
                0x08004f8c                HAL_GetTick
 .text.HAL_Delay
                0x08004fa4       0x48 ./Drivers/STM32F4xx_HAL_Driver/Src/stm32f4xx_hal.o
                0x08004fa4                HAL_Delay
 .text.HAL_ADC_Init
                0x08004fec       0x86 ./Drivers/STM32F4xx_HAL_Driver/Src/stm32f4xx_hal_adc.o
                0x08004fec                HAL_ADC_Init
 *fill*         0x08005072        0x2 
 .text.HAL_ADC_ConfigChannel
                0x08005074      0x264 ./Drivers/STM32F4xx_HAL_Driver/Src/stm32f4xx_hal_adc.o
                0x08005074                HAL_ADC_ConfigChannel
 .text.ADC_Init
                0x080052d8      0x1f8 ./Drivers/STM32F4xx_HAL_Driver/Src/stm32f4xx_hal_adc.o
 .text.__NVIC_SetPriorityGrouping
                0x080054d0       0x48 ./Drivers/STM32F4xx_HAL_Driver/Src/stm32f4xx_hal_cortex.o
 .text.__NVIC_GetPriorityGrouping
                0x08005518       0x1c ./Drivers/STM32F4xx_HAL_Driver/Src/stm32f4xx_hal_cortex.o
 .text.__NVIC_EnableIRQ
                0x08005534       0x3c ./Drivers/STM32F4xx_HAL_Driver/Src/stm32f4xx_hal_cortex.o
 .text.__NVIC_SetPriority
                0x08005570       0x54 ./Drivers/STM32F4xx_HAL_Driver/Src/stm32f4xx_hal_cortex.o
 .text.NVIC_EncodePriority
                0x080055c4       0x66 ./Drivers/STM32F4xx_HAL_Driver/Src/stm32f4xx_hal_cortex.o
 *fill*         0x0800562a        0x2 
 .text.SysTick_Config
                0x0800562c       0x44 ./Drivers/STM32F4xx_HAL_Driver/Src/stm32f4xx_hal_cortex.o
 .text.HAL_NVIC_SetPriorityGrouping
                0x08005670       0x16 ./Drivers/STM32F4xx_HAL_Driver/Src/stm32f4xx_hal_cortex.o
                0x08005670                HAL_NVIC_SetPriorityGrouping
 .text.HAL_NVIC_SetPriority
                0x08005686       0x38 ./Drivers/STM32F4xx_HAL_Driver/Src/stm32f4xx_hal_cortex.o
                0x08005686                HAL_NVIC_SetPriority
 .text.HAL_NVIC_EnableIRQ
                0x080056be       0x1c ./Drivers/STM32F4xx_HAL_Driver/Src/stm32f4xx_hal_cortex.o
                0x080056be                HAL_NVIC_EnableIRQ
 .text.HAL_SYSTICK_Config
                0x080056da       0x18 ./Drivers/STM32F4xx_HAL_Driver/Src/stm32f4xx_hal_cortex.o
                0x080056da                HAL_SYSTICK_Config
 .text.HAL_SYSTICK_Callback
                0x080056f2        0xe ./Drivers/STM32F4xx_HAL_Driver/Src/stm32f4xx_hal_cortex.o
                0x080056f2                HAL_SYSTICK_Callback
 .text.HAL_DAC_Init
                0x08005700       0x44 ./Drivers/STM32F4xx_HAL_Driver/Src/stm32f4xx_hal_dac.o
                0x08005700                HAL_DAC_Init
 .text.HAL_DAC_ConfigChannel
                0x08005744       0xb2 ./Drivers/STM32F4xx_HAL_Driver/Src/stm32f4xx_hal_dac.o
                0x08005744                HAL_DAC_ConfigChannel
 *fill*         0x080057f6        0x2 
 .text.HAL_DMA_Init
                0x080057f8      0x15c ./Drivers/STM32F4xx_HAL_Driver/Src/stm32f4xx_hal_dma.o
                0x080057f8                HAL_DMA_Init
 .text.HAL_DMA_Start_IT
                0x08005954       0xb0 ./Drivers/STM32F4xx_HAL_Driver/Src/stm32f4xx_hal_dma.o
                0x08005954                HAL_DMA_Start_IT
 .text.HAL_DMA_Abort
                0x08005a04       0xe0 ./Drivers/STM32F4xx_HAL_Driver/Src/stm32f4xx_hal_dma.o
                0x08005a04                HAL_DMA_Abort
 .text.HAL_DMA_Abort_IT
                0x08005ae4       0x44 ./Drivers/STM32F4xx_HAL_Driver/Src/stm32f4xx_hal_dma.o
                0x08005ae4                HAL_DMA_Abort_IT
 .text.HAL_DMA_IRQHandler
                0x08005b28      0x314 ./Drivers/STM32F4xx_HAL_Driver/Src/stm32f4xx_hal_dma.o
                0x08005b28                HAL_DMA_IRQHandler
 .text.HAL_DMA_GetState
                0x08005e3c       0x1c ./Drivers/STM32F4xx_HAL_Driver/Src/stm32f4xx_hal_dma.o
                0x08005e3c                HAL_DMA_GetState
 .text.DMA_SetConfig
                0x08005e58       0x5c ./Drivers/STM32F4xx_HAL_Driver/Src/stm32f4xx_hal_dma.o
 .text.DMA_CalcBaseAndBitshift
                0x08005eb4       0x6c ./Drivers/STM32F4xx_HAL_Driver/Src/stm32f4xx_hal_dma.o
 .text.DMA_CheckFifoParam
                0x08005f20       0xf8 ./Drivers/STM32F4xx_HAL_Driver/Src/stm32f4xx_hal_dma.o
 .text.HAL_GPIO_Init
                0x08006018      0x328 ./Drivers/STM32F4xx_HAL_Driver/Src/stm32f4xx_hal_gpio.o
                0x08006018                HAL_GPIO_Init
 .text.HAL_GPIO_WritePin
                0x08006340       0x32 ./Drivers/STM32F4xx_HAL_Driver/Src/stm32f4xx_hal_gpio.o
                0x08006340                HAL_GPIO_WritePin
 *fill*         0x08006372        0x2 
 .text.HAL_I2C_Init
                0x08006374      0x288 ./Drivers/STM32F4xx_HAL_Driver/Src/stm32f4xx_hal_i2c.o
                0x08006374                HAL_I2C_Init
 .text.I2C_Flush_DR
                0x080065fc       0x2a ./Drivers/STM32F4xx_HAL_Driver/Src/stm32f4xx_hal_i2c.o
 .text.HAL_I2C_EV_IRQHandler
                0x08006626      0x2e2 ./Drivers/STM32F4xx_HAL_Driver/Src/stm32f4xx_hal_i2c.o
                0x08006626                HAL_I2C_EV_IRQHandler
 .text.HAL_I2C_ER_IRQHandler
                0x08006908      0x14e ./Drivers/STM32F4xx_HAL_Driver/Src/stm32f4xx_hal_i2c.o
                0x08006908                HAL_I2C_ER_IRQHandler
 .text.HAL_I2C_MasterTxCpltCallback
                0x08006a56       0x14 ./Drivers/STM32F4xx_HAL_Driver/Src/stm32f4xx_hal_i2c.o
                0x08006a56                HAL_I2C_MasterTxCpltCallback
 .text.HAL_I2C_MasterRxCpltCallback
                0x08006a6a       0x14 ./Drivers/STM32F4xx_HAL_Driver/Src/stm32f4xx_hal_i2c.o
                0x08006a6a                HAL_I2C_MasterRxCpltCallback
 .text.HAL_I2C_SlaveTxCpltCallback
                0x08006a7e       0x14 ./Drivers/STM32F4xx_HAL_Driver/Src/stm32f4xx_hal_i2c.o
                0x08006a7e                HAL_I2C_SlaveTxCpltCallback
 .text.HAL_I2C_SlaveRxCpltCallback
                0x08006a92       0x14 ./Drivers/STM32F4xx_HAL_Driver/Src/stm32f4xx_hal_i2c.o
                0x08006a92                HAL_I2C_SlaveRxCpltCallback
 .text.HAL_I2C_AddrCallback
                0x08006aa6       0x1c ./Drivers/STM32F4xx_HAL_Driver/Src/stm32f4xx_hal_i2c.o
                0x08006aa6                HAL_I2C_AddrCallback
 .text.HAL_I2C_ListenCpltCallback
                0x08006ac2       0x14 ./Drivers/STM32F4xx_HAL_Driver/Src/stm32f4xx_hal_i2c.o
                0x08006ac2                HAL_I2C_ListenCpltCallback
 .text.HAL_I2C_MemTxCpltCallback
                0x08006ad6       0x14 ./Drivers/STM32F4xx_HAL_Driver/Src/stm32f4xx_hal_i2c.o
                0x08006ad6                HAL_I2C_MemTxCpltCallback
 .text.HAL_I2C_MemRxCpltCallback
                0x08006aea       0x14 ./Drivers/STM32F4xx_HAL_Driver/Src/stm32f4xx_hal_i2c.o
                0x08006aea                HAL_I2C_MemRxCpltCallback
 .text.HAL_I2C_ErrorCallback
                0x08006afe       0x14 ./Drivers/STM32F4xx_HAL_Driver/Src/stm32f4xx_hal_i2c.o
                0x08006afe                HAL_I2C_ErrorCallback
 .text.HAL_I2C_AbortCpltCallback
                0x08006b12       0x14 ./Drivers/STM32F4xx_HAL_Driver/Src/stm32f4xx_hal_i2c.o
                0x08006b12                HAL_I2C_AbortCpltCallback
 .text.I2C_MasterTransmit_TXE
                0x08006b26      0x138 ./Drivers/STM32F4xx_HAL_Driver/Src/stm32f4xx_hal_i2c.o
 .text.I2C_MasterTransmit_BTF
                0x08006c5e       0xec ./Drivers/STM32F4xx_HAL_Driver/Src/stm32f4xx_hal_i2c.o
 .text.I2C_MemoryTransmit_TXE_BTF
                0x08006d4a      0x130 ./Drivers/STM32F4xx_HAL_Driver/Src/stm32f4xx_hal_i2c.o
 .text.I2C_MasterReceive_RXNE
                0x08006e7a      0x190 ./Drivers/STM32F4xx_HAL_Driver/Src/stm32f4xx_hal_i2c.o
 .text.I2C_MasterReceive_BTF
                0x0800700a      0x1e2 ./Drivers/STM32F4xx_HAL_Driver/Src/stm32f4xx_hal_i2c.o
 .text.I2C_Master_SB
                0x080071ec      0x10c ./Drivers/STM32F4xx_HAL_Driver/Src/stm32f4xx_hal_i2c.o
 .text.I2C_Master_ADD10
                0x080072f8       0x54 ./Drivers/STM32F4xx_HAL_Driver/Src/stm32f4xx_hal_i2c.o
 .text.I2C_Master_ADDR
                0x0800734c      0x322 ./Drivers/STM32F4xx_HAL_Driver/Src/stm32f4xx_hal_i2c.o
 .text.I2C_SlaveTransmit_TXE
                0x0800766e       0x7a ./Drivers/STM32F4xx_HAL_Driver/Src/stm32f4xx_hal_i2c.o
 .text.I2C_SlaveTransmit_BTF
                0x080076e8       0x42 ./Drivers/STM32F4xx_HAL_Driver/Src/stm32f4xx_hal_i2c.o
 .text.I2C_SlaveReceive_RXNE
                0x0800772a       0x7c ./Drivers/STM32F4xx_HAL_Driver/Src/stm32f4xx_hal_i2c.o
 .text.I2C_SlaveReceive_BTF
                0x080077a6       0x44 ./Drivers/STM32F4xx_HAL_Driver/Src/stm32f4xx_hal_i2c.o
 .text.I2C_Slave_ADDR
                0x080077ea       0x94 ./Drivers/STM32F4xx_HAL_Driver/Src/stm32f4xx_hal_i2c.o
 *fill*         0x0800787e        0x2 
 .text.I2C_Slave_STOPF
                0x08007880      0x260 ./Drivers/STM32F4xx_HAL_Driver/Src/stm32f4xx_hal_i2c.o
 .text.I2C_Slave_AF
                0x08007ae0       0xe8 ./Drivers/STM32F4xx_HAL_Driver/Src/stm32f4xx_hal_i2c.o
 .text.I2C_ITError
                0x08007bc8      0x264 ./Drivers/STM32F4xx_HAL_Driver/Src/stm32f4xx_hal_i2c.o
 .text.I2C_DMAAbort
                0x08007e2c      0x150 ./Drivers/STM32F4xx_HAL_Driver/Src/stm32f4xx_hal_i2c.o
 .text.I2C_WaitOnSTOPRequestThroughIT
                0x08007f7c       0x64 ./Drivers/STM32F4xx_HAL_Driver/Src/stm32f4xx_hal_i2c.o
 .text.I2C_ConvertOtherXferOptions
                0x08007fe0       0x36 ./Drivers/STM32F4xx_HAL_Driver/Src/stm32f4xx_hal_i2c.o
 *fill*         0x08008016        0x2 
 .text.HAL_RCC_ClockConfig
                0x08008018      0x1cc ./Drivers/STM32F4xx_HAL_Driver/Src/stm32f4xx_hal_rcc.o
                0x08008018                HAL_RCC_ClockConfig
 .text.HAL_RCC_GetHCLKFreq
                0x080081e4       0x18 ./Drivers/STM32F4xx_HAL_Driver/Src/stm32f4xx_hal_rcc.o
                0x080081e4                HAL_RCC_GetHCLKFreq
 .text.HAL_RCC_GetPCLK1Freq
                0x080081fc       0x28 ./Drivers/STM32F4xx_HAL_Driver/Src/stm32f4xx_hal_rcc.o
                0x080081fc                HAL_RCC_GetPCLK1Freq
 .text.HAL_RCC_GetPCLK2Freq
                0x08008224       0x28 ./Drivers/STM32F4xx_HAL_Driver/Src/stm32f4xx_hal_rcc.o
                0x08008224                HAL_RCC_GetPCLK2Freq
 .text.HAL_RCC_GetSysClockFreq
                0x0800824c      0x460 ./Drivers/STM32F4xx_HAL_Driver/Src/stm32f4xx_hal_rcc_ex.o
                0x0800824c                HAL_RCC_GetSysClockFreq
 .text.HAL_RCC_OscConfig
                0x080086ac      0x53c ./Drivers/STM32F4xx_HAL_Driver/Src/stm32f4xx_hal_rcc_ex.o
                0x080086ac                HAL_RCC_OscConfig
 .text.HAL_SPI_Init
                0x08008be8      0x112 ./Drivers/STM32F4xx_HAL_Driver/Src/stm32f4xx_hal_spi.o
                0x08008be8                HAL_SPI_Init
 .text.HAL_SPI_Transmit
                0x08008cfa      0x288 ./Drivers/STM32F4xx_HAL_Driver/Src/stm32f4xx_hal_spi.o
                0x08008cfa                HAL_SPI_Transmit
 .text.HAL_SPI_Receive
                0x08008f82      0x232 ./Drivers/STM32F4xx_HAL_Driver/Src/stm32f4xx_hal_spi.o
                0x08008f82                HAL_SPI_Receive
 .text.HAL_SPI_TransmitReceive
                0x080091b4      0x352 ./Drivers/STM32F4xx_HAL_Driver/Src/stm32f4xx_hal_spi.o
                0x080091b4                HAL_SPI_TransmitReceive
 *fill*         0x08009506        0x2 
 .text.HAL_SPI_Transmit_DMA
                0x08009508      0x164 ./Drivers/STM32F4xx_HAL_Driver/Src/stm32f4xx_hal_spi.o
                0x08009508                HAL_SPI_Transmit_DMA
 .text.HAL_SPI_IRQHandler
                0x0800966c      0x200 ./Drivers/STM32F4xx_HAL_Driver/Src/stm32f4xx_hal_spi.o
                0x0800966c                HAL_SPI_IRQHandler
 .text.HAL_SPI_TxCpltCallback
                0x0800986c       0x14 ./Drivers/STM32F4xx_HAL_Driver/Src/stm32f4xx_hal_spi.o
                0x0800986c                HAL_SPI_TxCpltCallback
 .text.HAL_SPI_TxHalfCpltCallback
                0x08009880       0x14 ./Drivers/STM32F4xx_HAL_Driver/Src/stm32f4xx_hal_spi.o
                0x08009880                HAL_SPI_TxHalfCpltCallback
 .text.HAL_SPI_ErrorCallback
                0x08009894       0x14 ./Drivers/STM32F4xx_HAL_Driver/Src/stm32f4xx_hal_spi.o
                0x08009894                HAL_SPI_ErrorCallback
 .text.SPI_DMATransmitCplt
                0x080098a8       0xa8 ./Drivers/STM32F4xx_HAL_Driver/Src/stm32f4xx_hal_spi.o
 .text.SPI_DMAHalfTransmitCplt
                0x08009950       0x1c ./Drivers/STM32F4xx_HAL_Driver/Src/stm32f4xx_hal_spi.o
 .text.SPI_DMAError
                0x0800996c       0x40 ./Drivers/STM32F4xx_HAL_Driver/Src/stm32f4xx_hal_spi.o
 .text.SPI_DMAAbortOnError
                0x080099ac       0x28 ./Drivers/STM32F4xx_HAL_Driver/Src/stm32f4xx_hal_spi.o
 .text.SPI_WaitFlagStateUntilTimeout
                0x080099d4      0x110 ./Drivers/STM32F4xx_HAL_Driver/Src/stm32f4xx_hal_spi.o
 .text.SPI_EndRxTransaction
                0x08009ae4       0xca ./Drivers/STM32F4xx_HAL_Driver/Src/stm32f4xx_hal_spi.o
 *fill*         0x08009bae        0x2 
 .text.SPI_EndRxTxTransaction
                0x08009bb0       0xa8 ./Drivers/STM32F4xx_HAL_Driver/Src/stm32f4xx_hal_spi.o
 .text.HAL_TIM_Base_Init
                0x08009c58       0x9e ./Drivers/STM32F4xx_HAL_Driver/Src/stm32f4xx_hal_tim.o
                0x08009c58                HAL_TIM_Base_Init
 .text.HAL_TIM_PWM_Init
                0x08009cf6       0x9e ./Drivers/STM32F4xx_HAL_Driver/Src/stm32f4xx_hal_tim.o
                0x08009cf6                HAL_TIM_PWM_Init
 .text.HAL_TIM_PWM_MspInit
                0x08009d94       0x14 ./Drivers/STM32F4xx_HAL_Driver/Src/stm32f4xx_hal_tim.o
                0x08009d94                HAL_TIM_PWM_MspInit
 .text.HAL_TIM_IC_Init
                0x08009da8       0x9e ./Drivers/STM32F4xx_HAL_Driver/Src/stm32f4xx_hal_tim.o
                0x08009da8                HAL_TIM_IC_Init
 .text.HAL_TIM_IC_MspInit
                0x08009e46       0x14 ./Drivers/STM32F4xx_HAL_Driver/Src/stm32f4xx_hal_tim.o
                0x08009e46                HAL_TIM_IC_MspInit
 .text.HAL_TIM_IRQHandler
                0x08009e5a      0x1e0 ./Drivers/STM32F4xx_HAL_Driver/Src/stm32f4xx_hal_tim.o
                0x08009e5a                HAL_TIM_IRQHandler
 .text.HAL_TIM_IC_ConfigChannel
                0x0800a03a      0x138 ./Drivers/STM32F4xx_HAL_Driver/Src/stm32f4xx_hal_tim.o
                0x0800a03a                HAL_TIM_IC_ConfigChannel
 *fill*         0x0800a172        0x2 
 .text.HAL_TIM_PWM_ConfigChannel
                0x0800a174      0x184 ./Drivers/STM32F4xx_HAL_Driver/Src/stm32f4xx_hal_tim.o
                0x0800a174                HAL_TIM_PWM_ConfigChannel
 .text.HAL_TIM_ConfigClockSource
                0x0800a2f8      0x18e ./Drivers/STM32F4xx_HAL_Driver/Src/stm32f4xx_hal_tim.o
                0x0800a2f8                HAL_TIM_ConfigClockSource
 .text.HAL_TIM_PeriodElapsedCallback
                0x0800a486       0x14 ./Drivers/STM32F4xx_HAL_Driver/Src/stm32f4xx_hal_tim.o
                0x0800a486                HAL_TIM_PeriodElapsedCallback
 .text.HAL_TIM_OC_DelayElapsedCallback
                0x0800a49a       0x14 ./Drivers/STM32F4xx_HAL_Driver/Src/stm32f4xx_hal_tim.o
                0x0800a49a                HAL_TIM_OC_DelayElapsedCallback
 .text.HAL_TIM_IC_CaptureCallback
                0x0800a4ae       0x14 ./Drivers/STM32F4xx_HAL_Driver/Src/stm32f4xx_hal_tim.o
                0x0800a4ae                HAL_TIM_IC_CaptureCallback
 .text.HAL_TIM_PWM_PulseFinishedCallback
                0x0800a4c2       0x14 ./Drivers/STM32F4xx_HAL_Driver/Src/stm32f4xx_hal_tim.o
                0x0800a4c2                HAL_TIM_PWM_PulseFinishedCallback
 .text.HAL_TIM_TriggerCallback
                0x0800a4d6       0x14 ./Drivers/STM32F4xx_HAL_Driver/Src/stm32f4xx_hal_tim.o
                0x0800a4d6                HAL_TIM_TriggerCallback
 *fill*         0x0800a4ea        0x2 
 .text.TIM_Base_SetConfig
                0x0800a4ec      0x14c ./Drivers/STM32F4xx_HAL_Driver/Src/stm32f4xx_hal_tim.o
                0x0800a4ec                TIM_Base_SetConfig
 .text.TIM_OC1_SetConfig
                0x0800a638       0xe0 ./Drivers/STM32F4xx_HAL_Driver/Src/stm32f4xx_hal_tim.o
 .text.TIM_OC2_SetConfig
                0x0800a718       0xec ./Drivers/STM32F4xx_HAL_Driver/Src/stm32f4xx_hal_tim.o
                0x0800a718                TIM_OC2_SetConfig
 .text.TIM_OC3_SetConfig
                0x0800a804       0xe8 ./Drivers/STM32F4xx_HAL_Driver/Src/stm32f4xx_hal_tim.o
 .text.TIM_OC4_SetConfig
                0x0800a8ec       0xac ./Drivers/STM32F4xx_HAL_Driver/Src/stm32f4xx_hal_tim.o
 .text.TIM_TI1_SetConfig
                0x0800a998       0xe8 ./Drivers/STM32F4xx_HAL_Driver/Src/stm32f4xx_hal_tim.o
                0x0800a998                TIM_TI1_SetConfig
 .text.TIM_TI1_ConfigInputStage
                0x0800aa80       0x5e ./Drivers/STM32F4xx_HAL_Driver/Src/stm32f4xx_hal_tim.o
 .text.TIM_TI2_SetConfig
                0x0800aade       0x7a ./Drivers/STM32F4xx_HAL_Driver/Src/stm32f4xx_hal_tim.o
 .text.TIM_TI2_ConfigInputStage
                0x0800ab58       0x60 ./Drivers/STM32F4xx_HAL_Driver/Src/stm32f4xx_hal_tim.o
 .text.TIM_TI3_SetConfig
                0x0800abb8       0x78 ./Drivers/STM32F4xx_HAL_Driver/Src/stm32f4xx_hal_tim.o
 .text.TIM_TI4_SetConfig
                0x0800ac30       0x7a ./Drivers/STM32F4xx_HAL_Driver/Src/stm32f4xx_hal_tim.o
 .text.TIM_ITRx_SetConfig
                0x0800acaa       0x36 ./Drivers/STM32F4xx_HAL_Driver/Src/stm32f4xx_hal_tim.o
 .text.TIM_ETR_SetConfig
                0x0800ace0       0x40 ./Drivers/STM32F4xx_HAL_Driver/Src/stm32f4xx_hal_tim.o
                0x0800ace0                TIM_ETR_SetConfig
 .text.HAL_TIMEx_MasterConfigSynchronization
                0x0800ad20       0xf8 ./Drivers/STM32F4xx_HAL_Driver/Src/stm32f4xx_hal_tim_ex.o
                0x0800ad20                HAL_TIMEx_MasterConfigSynchronization
 .text.HAL_TIMEx_ConfigBreakDeadTime
                0x0800ae18       0xa4 ./Drivers/STM32F4xx_HAL_Driver/Src/stm32f4xx_hal_tim_ex.o
                0x0800ae18                HAL_TIMEx_ConfigBreakDeadTime
 .text.HAL_TIMEx_CommutCallback
                0x0800aebc       0x14 ./Drivers/STM32F4xx_HAL_Driver/Src/stm32f4xx_hal_tim_ex.o
                0x0800aebc                HAL_TIMEx_CommutCallback
 .text.HAL_TIMEx_BreakCallback
                0x0800aed0       0x14 ./Drivers/STM32F4xx_HAL_Driver/Src/stm32f4xx_hal_tim_ex.o
                0x0800aed0                HAL_TIMEx_BreakCallback
 .text.HAL_UART_Init
                0x0800aee4       0xa0 ./Drivers/STM32F4xx_HAL_Driver/Src/stm32f4xx_hal_uart.o
                0x0800aee4                HAL_UART_Init
 .text.HAL_UART_IRQHandler
                0x0800af84      0x554 ./Drivers/STM32F4xx_HAL_Driver/Src/stm32f4xx_hal_uart.o
                0x0800af84                HAL_UART_IRQHandler
 .text.HAL_UART_TxCpltCallback
                0x0800b4d8       0x14 ./Drivers/STM32F4xx_HAL_Driver/Src/stm32f4xx_hal_uart.o
                0x0800b4d8                HAL_UART_TxCpltCallback
 .text.HAL_UART_RxCpltCallback
                0x0800b4ec       0x14 ./Drivers/STM32F4xx_HAL_Driver/Src/stm32f4xx_hal_uart.o
                0x0800b4ec                HAL_UART_RxCpltCallback
 .text.HAL_UART_ErrorCallback
                0x0800b500       0x14 ./Drivers/STM32F4xx_HAL_Driver/Src/stm32f4xx_hal_uart.o
                0x0800b500                HAL_UART_ErrorCallback
 .text.HAL_UARTEx_RxEventCallback
                0x0800b514       0x18 ./Drivers/STM32F4xx_HAL_Driver/Src/stm32f4xx_hal_uart.o
                0x0800b514                HAL_UARTEx_RxEventCallback
 .text.UART_EndRxTransfer
                0x0800b52c       0xc6 ./Drivers/STM32F4xx_HAL_Driver/Src/stm32f4xx_hal_uart.o
 .text.UART_DMAAbortOnError
                0x0800b5f2       0x22 ./Drivers/STM32F4xx_HAL_Driver/Src/stm32f4xx_hal_uart.o
 .text.UART_Transmit_IT
                0x0800b614       0xa0 ./Drivers/STM32F4xx_HAL_Driver/Src/stm32f4xx_hal_uart.o
 .text.UART_EndTransmit_IT
                0x0800b6b4       0x30 ./Drivers/STM32F4xx_HAL_Driver/Src/stm32f4xx_hal_uart.o
 .text.UART_Receive_IT
                0x0800b6e4      0x17c ./Drivers/STM32F4xx_HAL_Driver/Src/stm32f4xx_hal_uart.o
 .text.UART_SetConfig
                0x0800b860      0x4e8 ./Drivers/STM32F4xx_HAL_Driver/Src/stm32f4xx_hal_uart.o
 .text._ZdlPvj  0x0800bd48        0x4 /opt/st/stm32cubeide_1.19.0/plugins/com.st.stm32cube.ide.mcu.externaltools.gnu-tools-for-stm32.13.3.rel1.linux64_1.0.0.202410170706/tools/bin/../lib/gcc/arm-none-eabi/13.3.1/../../../../arm-none-eabi/lib/thumb/v7e-m+fp/hard/libstdc++_nano.a(del_ops.o)
                0x0800bd48                operator delete(void*, unsigned int)
 .text._Znwj    0x0800bd4c       0x22 /opt/st/stm32cubeide_1.19.0/plugins/com.st.stm32cube.ide.mcu.externaltools.gnu-tools-for-stm32.13.3.rel1.linux64_1.0.0.202410170706/tools/bin/../lib/gcc/arm-none-eabi/13.3.1/../../../../arm-none-eabi/lib/thumb/v7e-m+fp/hard/libstdc++_nano.a(new_op.o)
                0x0800bd4c                operator new(unsigned int)
 .text._ZNKSt7__cxx1112basic_stringIcSt11char_traitsIcESaIcEE5c_strEv
                0x0800bd6e        0x4 /opt/st/stm32cubeide_1.19.0/plugins/com.st.stm32cube.ide.mcu.externaltools.gnu-tools-for-stm32.13.3.rel1.linux64_1.0.0.202410170706/tools/bin/../lib/gcc/arm-none-eabi/13.3.1/../../../../arm-none-eabi/lib/thumb/v7e-m+fp/hard/libstdc++_nano.a(string-inst.o)
                0x0800bd6e                std::__cxx11::basic_string<char, std::char_traits<char>, std::allocator<char> >::c_str() const
 .text._ZdlPv   0x0800bd72        0x4 /opt/st/stm32cubeide_1.19.0/plugins/com.st.stm32cube.ide.mcu.externaltools.gnu-tools-for-stm32.13.3.rel1.linux64_1.0.0.202410170706/tools/bin/../lib/gcc/arm-none-eabi/13.3.1/../../../../arm-none-eabi/lib/thumb/v7e-m+fp/hard/libstdc++_nano.a(del_op.o)
                0x0800bd72                operator delete(void*)
 *fill*         0x0800bd76        0x2 
 .text._ZSt15get_new_handlerv
                0x0800bd78       0x10 /opt/st/stm32cubeide_1.19.0/plugins/com.st.stm32cube.ide.mcu.externaltools.gnu-tools-for-stm32.13.3.rel1.linux64_1.0.0.202410170706/tools/bin/../lib/gcc/arm-none-eabi/13.3.1/../../../../arm-none-eabi/lib/thumb/v7e-m+fp/hard/libstdc++_nano.a(new_handler.o)
                0x0800bd78                std::get_new_handler()
 .text.cos      0x0800bd88       0xa8 /opt/st/stm32cubeide_1.19.0/plugins/com.st.stm32cube.ide.mcu.externaltools.gnu-tools-for-stm32.13.3.rel1.linux64_1.0.0.202410170706/tools/bin/../lib/gcc/arm-none-eabi/13.3.1/../../../../arm-none-eabi/lib/thumb/v7e-m+fp/hard/libm.a(libm_a-s_cos.o)
                0x0800bd88                cos
 .text.sin      0x0800be30       0xa8 /opt/st/stm32cubeide_1.19.0/plugins/com.st.stm32cube.ide.mcu.externaltools.gnu-tools-for-stm32.13.3.rel1.linux64_1.0.0.202410170706/tools/bin/../lib/gcc/arm-none-eabi/13.3.1/../../../../arm-none-eabi/lib/thumb/v7e-m+fp/hard/libm.a(libm_a-s_sin.o)
                0x0800be30                sin
 .text.fmodf    0x0800bed8       0x40 /opt/st/stm32cubeide_1.19.0/plugins/com.st.stm32cube.ide.mcu.externaltools.gnu-tools-for-stm32.13.3.rel1.linux64_1.0.0.202410170706/tools/bin/../lib/gcc/arm-none-eabi/13.3.1/../../../../arm-none-eabi/lib/thumb/v7e-m+fp/hard/libm.a(libm_a-wf_fmod.o)
                0x0800bed8                fmodf
 .text.__kernel_cos
                0x0800bf18      0x18c /opt/st/stm32cubeide_1.19.0/plugins/com.st.stm32cube.ide.mcu.externaltools.gnu-tools-for-stm32.13.3.rel1.linux64_1.0.0.202410170706/tools/bin/../lib/gcc/arm-none-eabi/13.3.1/../../../../arm-none-eabi/lib/thumb/v7e-m+fp/hard/libm.a(libm_a-k_cos.o)
                0x0800bf18                __kernel_cos
 *fill*         0x0800c0a4        0x4 
 .text.__kernel_sin
                0x0800c0a8      0x174 /opt/st/stm32cubeide_1.19.0/plugins/com.st.stm32cube.ide.mcu.externaltools.gnu-tools-for-stm32.13.3.rel1.linux64_1.0.0.202410170706/tools/bin/../lib/gcc/arm-none-eabi/13.3.1/../../../../arm-none-eabi/lib/thumb/v7e-m+fp/hard/libm.a(libm_a-k_sin.o)
                0x0800c0a8                __kernel_sin
 *fill*         0x0800c21c        0x4 
 .text.__ieee754_rem_pio2
                0x0800c220      0x3f8 /opt/st/stm32cubeide_1.19.0/plugins/com.st.stm32cube.ide.mcu.externaltools.gnu-tools-for-stm32.13.3.rel1.linux64_1.0.0.202410170706/tools/bin/../lib/gcc/arm-none-eabi/13.3.1/../../../../arm-none-eabi/lib/thumb/v7e-m+fp/hard/libm.a(libm_a-e_rem_pio2.o)
                0x0800c220                __ieee754_rem_pio2
 .text.fabs     0x0800c618       0x10 /opt/st/stm32cubeide_1.19.0/plugins/com.st.stm32cube.ide.mcu.externaltools.gnu-tools-for-stm32.13.3.rel1.linux64_1.0.0.202410170706/tools/bin/../lib/gcc/arm-none-eabi/13.3.1/../../../../arm-none-eabi/lib/thumb/v7e-m+fp/hard/libm.a(libm_a-s_fabs.o)
                0x0800c618                fabs
 .text.__ieee754_fmodf
                0x0800c628      0x104 /opt/st/stm32cubeide_1.19.0/plugins/com.st.stm32cube.ide.mcu.externaltools.gnu-tools-for-stm32.13.3.rel1.linux64_1.0.0.202410170706/tools/bin/../lib/gcc/arm-none-eabi/13.3.1/../../../../arm-none-eabi/lib/thumb/v7e-m+fp/hard/libm.a(libm_a-ef_fmod.o)
                0x0800c628                __ieee754_fmodf
 *fill*         0x0800c72c        0x4 
 .text.__kernel_rem_pio2
                0x0800c730      0x6a0 /opt/st/stm32cubeide_1.19.0/plugins/com.st.stm32cube.ide.mcu.externaltools.gnu-tools-for-stm32.13.3.rel1.linux64_1.0.0.202410170706/tools/bin/../lib/gcc/arm-none-eabi/13.3.1/../../../../arm-none-eabi/lib/thumb/v7e-m+fp/hard/libm.a(libm_a-k_rem_pio2.o)
                0x0800c730                __kernel_rem_pio2
 .text.scalbn   0x0800cdd0       0xf4 /opt/st/stm32cubeide_1.19.0/plugins/com.st.stm32cube.ide.mcu.externaltools.gnu-tools-for-stm32.13.3.rel1.linux64_1.0.0.202410170706/tools/bin/../lib/gcc/arm-none-eabi/13.3.1/../../../../arm-none-eabi/lib/thumb/v7e-m+fp/hard/libm.a(libm_a-s_scalbn.o)
                0x0800cdd0                scalbn
 *fill*         0x0800cec4        0x4 
 .text.floor    0x0800cec8       0xf8 /opt/st/stm32cubeide_1.19.0/plugins/com.st.stm32cube.ide.mcu.externaltools.gnu-tools-for-stm32.13.3.rel1.linux64_1.0.0.202410170706/tools/bin/../lib/gcc/arm-none-eabi/13.3.1/../../../../arm-none-eabi/lib/thumb/v7e-m+fp/hard/libm.a(libm_a-s_floor.o)
                0x0800cec8                floor
 .text.abort    0x0800cfc0        0xe /opt/st/stm32cubeide_1.19.0/plugins/com.st.stm32cube.ide.mcu.externaltools.gnu-tools-for-stm32.13.3.rel1.linux64_1.0.0.202410170706/tools/bin/../lib/gcc/arm-none-eabi/13.3.1/../../../../arm-none-eabi/lib/thumb/v7e-m+fp/hard/libc_nano.a(libc_a-abort.o)
                0x0800cfc0                abort
 *fill*         0x0800cfce        0x2 
 .text.malloc   0x0800cfd0       0x10 /opt/st/stm32cubeide_1.19.0/plugins/com.st.stm32cube.ide.mcu.externaltools.gnu-tools-for-stm32.13.3.rel1.linux64_1.0.0.202410170706/tools/bin/../lib/gcc/arm-none-eabi/13.3.1/../../../../arm-none-eabi/lib/thumb/v7e-m+fp/hard/libc_nano.a(libc_a-malloc.o)
                0x0800cfd0                malloc
 .text.free     0x0800cfe0       0x10 /opt/st/stm32cubeide_1.19.0/plugins/com.st.stm32cube.ide.mcu.externaltools.gnu-tools-for-stm32.13.3.rel1.linux64_1.0.0.202410170706/tools/bin/../lib/gcc/arm-none-eabi/13.3.1/../../../../arm-none-eabi/lib/thumb/v7e-m+fp/hard/libc_nano.a(libc_a-malloc.o)
                0x0800cfe0                free
 .text.sbrk_aligned
                0x0800cff0       0x44 /opt/st/stm32cubeide_1.19.0/plugins/com.st.stm32cube.ide.mcu.externaltools.gnu-tools-for-stm32.13.3.rel1.linux64_1.0.0.202410170706/tools/bin/../lib/gcc/arm-none-eabi/13.3.1/../../../../arm-none-eabi/lib/thumb/v7e-m+fp/hard/libc_nano.a(libc_a-mallocr.o)
 .text._malloc_r
                0x0800d034      0x100 /opt/st/stm32cubeide_1.19.0/plugins/com.st.stm32cube.ide.mcu.externaltools.gnu-tools-for-stm32.13.3.rel1.linux64_1.0.0.202410170706/tools/bin/../lib/gcc/arm-none-eabi/13.3.1/../../../../arm-none-eabi/lib/thumb/v7e-m+fp/hard/libc_nano.a(libc_a-mallocr.o)
                0x0800d034                _malloc_r
 .text.__malloc_lock
                0x0800d134        0xc /opt/st/stm32cubeide_1.19.0/plugins/com.st.stm32cube.ide.mcu.externaltools.gnu-tools-for-stm32.13.3.rel1.linux64_1.0.0.202410170706/tools/bin/../lib/gcc/arm-none-eabi/13.3.1/../../../../arm-none-eabi/lib/thumb/v7e-m+fp/hard/libc_nano.a(libc_a-mlock.o)
                0x0800d134                __malloc_lock
 .text.__malloc_unlock
                0x0800d140        0xc /opt/st/stm32cubeide_1.19.0/plugins/com.st.stm32cube.ide.mcu.externaltools.gnu-tools-for-stm32.13.3.rel1.linux64_1.0.0.202410170706/tools/bin/../lib/gcc/arm-none-eabi/13.3.1/../../../../arm-none-eabi/lib/thumb/v7e-m+fp/hard/libc_nano.a(libc_a-mlock.o)
                0x0800d140                __malloc_unlock
 .text.srand    0x0800d14c       0x5c /opt/st/stm32cubeide_1.19.0/plugins/com.st.stm32cube.ide.mcu.externaltools.gnu-tools-for-stm32.13.3.rel1.linux64_1.0.0.202410170706/tools/bin/../lib/gcc/arm-none-eabi/13.3.1/../../../../arm-none-eabi/lib/thumb/v7e-m+fp/hard/libc_nano.a(libc_a-rand.o)
                0x0800d14c                srand
 .text.rand     0x0800d1a8       0x7c /opt/st/stm32cubeide_1.19.0/plugins/com.st.stm32cube.ide.mcu.externaltools.gnu-tools-for-stm32.13.3.rel1.linux64_1.0.0.202410170706/tools/bin/../lib/gcc/arm-none-eabi/13.3.1/../../../../arm-none-eabi/lib/thumb/v7e-m+fp/hard/libc_nano.a(libc_a-rand.o)
                0x0800d1a8                rand
 .text.__cvt    0x0800d224       0xca /opt/st/stm32cubeide_1.19.0/plugins/com.st.stm32cube.ide.mcu.externaltools.gnu-tools-for-stm32.13.3.rel1.linux64_1.0.0.202410170706/tools/bin/../lib/gcc/arm-none-eabi/13.3.1/../../../../arm-none-eabi/lib/thumb/v7e-m+fp/hard/libc_nano.a(libc_a-nano-vfprintf_float.o)
                0x0800d224                __cvt
 .text.__exponent
                0x0800d2ee       0x74 /opt/st/stm32cubeide_1.19.0/plugins/com.st.stm32cube.ide.mcu.externaltools.gnu-tools-for-stm32.13.3.rel1.linux64_1.0.0.202410170706/tools/bin/../lib/gcc/arm-none-eabi/13.3.1/../../../../arm-none-eabi/lib/thumb/v7e-m+fp/hard/libc_nano.a(libc_a-nano-vfprintf_float.o)
                0x0800d2ee                __exponent
 *fill*         0x0800d362        0x2 
 .text._printf_float
                0x0800d364      0x454 /opt/st/stm32cubeide_1.19.0/plugins/com.st.stm32cube.ide.mcu.externaltools.gnu-tools-for-stm32.13.3.rel1.linux64_1.0.0.202410170706/tools/bin/../lib/gcc/arm-none-eabi/13.3.1/../../../../arm-none-eabi/lib/thumb/v7e-m+fp/hard/libc_nano.a(libc_a-nano-vfprintf_float.o)
                0x0800d364                _printf_float
 .text._printf_common
                0x0800d7b8       0xda /opt/st/stm32cubeide_1.19.0/plugins/com.st.stm32cube.ide.mcu.externaltools.gnu-tools-for-stm32.13.3.rel1.linux64_1.0.0.202410170706/tools/bin/../lib/gcc/arm-none-eabi/13.3.1/../../../../arm-none-eabi/lib/thumb/v7e-m+fp/hard/libc_nano.a(libc_a-nano-vfprintf_i.o)
                0x0800d7b8                _printf_common
 *fill*         0x0800d892        0x2 
 .text._printf_i
                0x0800d894      0x23c /opt/st/stm32cubeide_1.19.0/plugins/com.st.stm32cube.ide.mcu.externaltools.gnu-tools-for-stm32.13.3.rel1.linux64_1.0.0.202410170706/tools/bin/../lib/gcc/arm-none-eabi/13.3.1/../../../../arm-none-eabi/lib/thumb/v7e-m+fp/hard/libc_nano.a(libc_a-nano-vfprintf_i.o)
                0x0800d894                _printf_i
 .text.std      0x0800dad0       0x6c /opt/st/stm32cubeide_1.19.0/plugins/com.st.stm32cube.ide.mcu.externaltools.gnu-tools-for-stm32.13.3.rel1.linux64_1.0.0.202410170706/tools/bin/../lib/gcc/arm-none-eabi/13.3.1/../../../../arm-none-eabi/lib/thumb/v7e-m+fp/hard/libc_nano.a(libc_a-findfp.o)
 .text.stdio_exit_handler
                0x0800db3c       0x18 /opt/st/stm32cubeide_1.19.0/plugins/com.st.stm32cube.ide.mcu.externaltools.gnu-tools-for-stm32.13.3.rel1.linux64_1.0.0.202410170706/tools/bin/../lib/gcc/arm-none-eabi/13.3.1/../../../../arm-none-eabi/lib/thumb/v7e-m+fp/hard/libc_nano.a(libc_a-findfp.o)
 .text.cleanup_stdio
                0x0800db54       0x40 /opt/st/stm32cubeide_1.19.0/plugins/com.st.stm32cube.ide.mcu.externaltools.gnu-tools-for-stm32.13.3.rel1.linux64_1.0.0.202410170706/tools/bin/../lib/gcc/arm-none-eabi/13.3.1/../../../../arm-none-eabi/lib/thumb/v7e-m+fp/hard/libc_nano.a(libc_a-findfp.o)
 .text.global_stdio_init.part.0
                0x0800db94       0x3c /opt/st/stm32cubeide_1.19.0/plugins/com.st.stm32cube.ide.mcu.externaltools.gnu-tools-for-stm32.13.3.rel1.linux64_1.0.0.202410170706/tools/bin/../lib/gcc/arm-none-eabi/13.3.1/../../../../arm-none-eabi/lib/thumb/v7e-m+fp/hard/libc_nano.a(libc_a-findfp.o)
 .text.__sfp_lock_acquire
                0x0800dbd0        0xc /opt/st/stm32cubeide_1.19.0/plugins/com.st.stm32cube.ide.mcu.externaltools.gnu-tools-for-stm32.13.3.rel1.linux64_1.0.0.202410170706/tools/bin/../lib/gcc/arm-none-eabi/13.3.1/../../../../arm-none-eabi/lib/thumb/v7e-m+fp/hard/libc_nano.a(libc_a-findfp.o)
                0x0800dbd0                __sfp_lock_acquire
 .text.__sfp_lock_release
                0x0800dbdc        0xc /opt/st/stm32cubeide_1.19.0/plugins/com.st.stm32cube.ide.mcu.externaltools.gnu-tools-for-stm32.13.3.rel1.linux64_1.0.0.202410170706/tools/bin/../lib/gcc/arm-none-eabi/13.3.1/../../../../arm-none-eabi/lib/thumb/v7e-m+fp/hard/libc_nano.a(libc_a-findfp.o)
                0x0800dbdc                __sfp_lock_release
 .text.__sinit  0x0800dbe8       0x30 /opt/st/stm32cubeide_1.19.0/plugins/com.st.stm32cube.ide.mcu.externaltools.gnu-tools-for-stm32.13.3.rel1.linux64_1.0.0.202410170706/tools/bin/../lib/gcc/arm-none-eabi/13.3.1/../../../../arm-none-eabi/lib/thumb/v7e-m+fp/hard/libc_nano.a(libc_a-findfp.o)
                0x0800dbe8                __sinit
 .text._fwalk_sglue
                0x0800dc18       0x3c /opt/st/stm32cubeide_1.19.0/plugins/com.st.stm32cube.ide.mcu.externaltools.gnu-tools-for-stm32.13.3.rel1.linux64_1.0.0.202410170706/tools/bin/../lib/gcc/arm-none-eabi/13.3.1/../../../../arm-none-eabi/lib/thumb/v7e-m+fp/hard/libc_nano.a(libc_a-fwalk.o)
                0x0800dc18                _fwalk_sglue
 .text.__sread  0x0800dc54       0x22 /opt/st/stm32cubeide_1.19.0/plugins/com.st.stm32cube.ide.mcu.externaltools.gnu-tools-for-stm32.13.3.rel1.linux64_1.0.0.202410170706/tools/bin/../lib/gcc/arm-none-eabi/13.3.1/../../../../arm-none-eabi/lib/thumb/v7e-m+fp/hard/libc_nano.a(libc_a-stdio.o)
                0x0800dc54                __sread
 .text.__swrite
                0x0800dc76       0x38 /opt/st/stm32cubeide_1.19.0/plugins/com.st.stm32cube.ide.mcu.externaltools.gnu-tools-for-stm32.13.3.rel1.linux64_1.0.0.202410170706/tools/bin/../lib/gcc/arm-none-eabi/13.3.1/../../../../arm-none-eabi/lib/thumb/v7e-m+fp/hard/libc_nano.a(libc_a-stdio.o)
                0x0800dc76                __swrite
 .text.__sseek  0x0800dcae       0x24 /opt/st/stm32cubeide_1.19.0/plugins/com.st.stm32cube.ide.mcu.externaltools.gnu-tools-for-stm32.13.3.rel1.linux64_1.0.0.202410170706/tools/bin/../lib/gcc/arm-none-eabi/13.3.1/../../../../arm-none-eabi/lib/thumb/v7e-m+fp/hard/libc_nano.a(libc_a-stdio.o)
                0x0800dcae                __sseek
 .text.__sclose
                0x0800dcd2        0x8 /opt/st/stm32cubeide_1.19.0/plugins/com.st.stm32cube.ide.mcu.externaltools.gnu-tools-for-stm32.13.3.rel1.linux64_1.0.0.202410170706/tools/bin/../lib/gcc/arm-none-eabi/13.3.1/../../../../arm-none-eabi/lib/thumb/v7e-m+fp/hard/libc_nano.a(libc_a-stdio.o)
                0x0800dcd2                __sclose
 .text.memset   0x0800dcda       0x10 /opt/st/stm32cubeide_1.19.0/plugins/com.st.stm32cube.ide.mcu.externaltools.gnu-tools-for-stm32.13.3.rel1.linux64_1.0.0.202410170706/tools/bin/../lib/gcc/arm-none-eabi/13.3.1/../../../../arm-none-eabi/lib/thumb/v7e-m+fp/hard/libc_nano.a(libc_a-memset.o)
                0x0800dcda                memset
 .text._raise_r
                0x0800dcea       0x50 /opt/st/stm32cubeide_1.19.0/plugins/com.st.stm32cube.ide.mcu.externaltools.gnu-tools-for-stm32.13.3.rel1.linux64_1.0.0.202410170706/tools/bin/../lib/gcc/arm-none-eabi/13.3.1/../../../../arm-none-eabi/lib/thumb/v7e-m+fp/hard/libc_nano.a(libc_a-signal.o)
                0x0800dcea                _raise_r
 *fill*         0x0800dd3a        0x2 
 .text.raise    0x0800dd3c       0x10 /opt/st/stm32cubeide_1.19.0/plugins/com.st.stm32cube.ide.mcu.externaltools.gnu-tools-for-stm32.13.3.rel1.linux64_1.0.0.202410170706/tools/bin/../lib/gcc/arm-none-eabi/13.3.1/../../../../arm-none-eabi/lib/thumb/v7e-m+fp/hard/libc_nano.a(libc_a-signal.o)
                0x0800dd3c                raise
 .text.time     0x0800dd4c       0x38 /opt/st/stm32cubeide_1.19.0/plugins/com.st.stm32cube.ide.mcu.externaltools.gnu-tools-for-stm32.13.3.rel1.linux64_1.0.0.202410170706/tools/bin/../lib/gcc/arm-none-eabi/13.3.1/../../../../arm-none-eabi/lib/thumb/v7e-m+fp/hard/libc_nano.a(libc_a-time.o)
                0x0800dd4c                time
 .text._localeconv_r
                0x0800dd84        0x8 /opt/st/stm32cubeide_1.19.0/plugins/com.st.stm32cube.ide.mcu.externaltools.gnu-tools-for-stm32.13.3.rel1.linux64_1.0.0.202410170706/tools/bin/../lib/gcc/arm-none-eabi/13.3.1/../../../../arm-none-eabi/lib/thumb/v7e-m+fp/hard/libc_nano.a(libc_a-localeconv.o)
                0x0800dd84                _localeconv_r
 .text._close_r
                0x0800dd8c       0x20 /opt/st/stm32cubeide_1.19.0/plugins/com.st.stm32cube.ide.mcu.externaltools.gnu-tools-for-stm32.13.3.rel1.linux64_1.0.0.202410170706/tools/bin/../lib/gcc/arm-none-eabi/13.3.1/../../../../arm-none-eabi/lib/thumb/v7e-m+fp/hard/libc_nano.a(libc_a-closer.o)
                0x0800dd8c                _close_r
 .text._gettimeofday_r
                0x0800ddac       0x24 /opt/st/stm32cubeide_1.19.0/plugins/com.st.stm32cube.ide.mcu.externaltools.gnu-tools-for-stm32.13.3.rel1.linux64_1.0.0.202410170706/tools/bin/../lib/gcc/arm-none-eabi/13.3.1/../../../../arm-none-eabi/lib/thumb/v7e-m+fp/hard/libc_nano.a(libc_a-gettimeofdayr.o)
                0x0800ddac                _gettimeofday_r
 .text._lseek_r
                0x0800ddd0       0x24 /opt/st/stm32cubeide_1.19.0/plugins/com.st.stm32cube.ide.mcu.externaltools.gnu-tools-for-stm32.13.3.rel1.linux64_1.0.0.202410170706/tools/bin/../lib/gcc/arm-none-eabi/13.3.1/../../../../arm-none-eabi/lib/thumb/v7e-m+fp/hard/libc_nano.a(libc_a-lseekr.o)
                0x0800ddd0                _lseek_r
 .text._read_r  0x0800ddf4       0x24 /opt/st/stm32cubeide_1.19.0/plugins/com.st.stm32cube.ide.mcu.externaltools.gnu-tools-for-stm32.13.3.rel1.linux64_1.0.0.202410170706/tools/bin/../lib/gcc/arm-none-eabi/13.3.1/../../../../arm-none-eabi/lib/thumb/v7e-m+fp/hard/libc_nano.a(libc_a-readr.o)
                0x0800ddf4                _read_r
 .text._kill_r  0x0800de18       0x24 /opt/st/stm32cubeide_1.19.0/plugins/com.st.stm32cube.ide.mcu.externaltools.gnu-tools-for-stm32.13.3.rel1.linux64_1.0.0.202410170706/tools/bin/../lib/gcc/arm-none-eabi/13.3.1/../../../../arm-none-eabi/lib/thumb/v7e-m+fp/hard/libc_nano.a(libc_a-signalr.o)
                0x0800de18                _kill_r
 .text._getpid_r
                0x0800de3c        0x4 /opt/st/stm32cubeide_1.19.0/plugins/com.st.stm32cube.ide.mcu.externaltools.gnu-tools-for-stm32.13.3.rel1.linux64_1.0.0.202410170706/tools/bin/../lib/gcc/arm-none-eabi/13.3.1/../../../../arm-none-eabi/lib/thumb/v7e-m+fp/hard/libc_nano.a(libc_a-signalr.o)
                0x0800de3c                _getpid_r
 .text._sbrk_r  0x0800de40       0x20 /opt/st/stm32cubeide_1.19.0/plugins/com.st.stm32cube.ide.mcu.externaltools.gnu-tools-for-stm32.13.3.rel1.linux64_1.0.0.202410170706/tools/bin/../lib/gcc/arm-none-eabi/13.3.1/../../../../arm-none-eabi/lib/thumb/v7e-m+fp/hard/libc_nano.a(libc_a-sbrkr.o)
                0x0800de40                _sbrk_r
 .text._write_r
                0x0800de60       0x24 /opt/st/stm32cubeide_1.19.0/plugins/com.st.stm32cube.ide.mcu.externaltools.gnu-tools-for-stm32.13.3.rel1.linux64_1.0.0.202410170706/tools/bin/../lib/gcc/arm-none-eabi/13.3.1/../../../../arm-none-eabi/lib/thumb/v7e-m+fp/hard/libc_nano.a(libc_a-writer.o)
                0x0800de60                _write_r
 .text.__errno  0x0800de84        0xc /opt/st/stm32cubeide_1.19.0/plugins/com.st.stm32cube.ide.mcu.externaltools.gnu-tools-for-stm32.13.3.rel1.linux64_1.0.0.202410170706/tools/bin/../lib/gcc/arm-none-eabi/13.3.1/../../../../arm-none-eabi/lib/thumb/v7e-m+fp/hard/libc_nano.a(libc_a-errno.o)
                0x0800de84                __errno
 .text.__libc_init_array
                0x0800de90       0x48 /opt/st/stm32cubeide_1.19.0/plugins/com.st.stm32cube.ide.mcu.externaltools.gnu-tools-for-stm32.13.3.rel1.linux64_1.0.0.202410170706/tools/bin/../lib/gcc/arm-none-eabi/13.3.1/../../../../arm-none-eabi/lib/thumb/v7e-m+fp/hard/libc_nano.a(libc_a-init.o)
                0x0800de90                __libc_init_array
 .text.__retarget_lock_init_recursive
                0x0800ded8        0x2 /opt/st/stm32cubeide_1.19.0/plugins/com.st.stm32cube.ide.mcu.externaltools.gnu-tools-for-stm32.13.3.rel1.linux64_1.0.0.202410170706/tools/bin/../lib/gcc/arm-none-eabi/13.3.1/../../../../arm-none-eabi/lib/thumb/v7e-m+fp/hard/libc_nano.a(libc_a-lock.o)
                0x0800ded8                __retarget_lock_init_recursive
 .text.__retarget_lock_acquire_recursive
                0x0800deda        0x2 /opt/st/stm32cubeide_1.19.0/plugins/com.st.stm32cube.ide.mcu.externaltools.gnu-tools-for-stm32.13.3.rel1.linux64_1.0.0.202410170706/tools/bin/../lib/gcc/arm-none-eabi/13.3.1/../../../../arm-none-eabi/lib/thumb/v7e-m+fp/hard/libc_nano.a(libc_a-lock.o)
                0x0800deda                __retarget_lock_acquire_recursive
 .text.__retarget_lock_release_recursive
                0x0800dedc        0x2 /opt/st/stm32cubeide_1.19.0/plugins/com.st.stm32cube.ide.mcu.externaltools.gnu-tools-for-stm32.13.3.rel1.linux64_1.0.0.202410170706/tools/bin/../lib/gcc/arm-none-eabi/13.3.1/../../../../arm-none-eabi/lib/thumb/v7e-m+fp/hard/libc_nano.a(libc_a-lock.o)
                0x0800dedc                __retarget_lock_release_recursive
 .text.memcpy   0x0800dede       0x1c /opt/st/stm32cubeide_1.19.0/plugins/com.st.stm32cube.ide.mcu.externaltools.gnu-tools-for-stm32.13.3.rel1.linux64_1.0.0.202410170706/tools/bin/../lib/gcc/arm-none-eabi/13.3.1/../../../../arm-none-eabi/lib/thumb/v7e-m+fp/hard/libc_nano.a(libc_a-memcpy-stub.o)
                0x0800dede                memcpy
 *fill*         0x0800defa        0x2 
 .text.__assert_func
                0x0800defc       0x3c /opt/st/stm32cubeide_1.19.0/plugins/com.st.stm32cube.ide.mcu.externaltools.gnu-tools-for-stm32.13.3.rel1.linux64_1.0.0.202410170706/tools/bin/../lib/gcc/arm-none-eabi/13.3.1/../../../../arm-none-eabi/lib/thumb/v7e-m+fp/hard/libc_nano.a(libc_a-assert.o)
                0x0800defc                __assert_func
 .text.quorem   0x0800df38      0x110 /opt/st/stm32cubeide_1.19.0/plugins/com.st.stm32cube.ide.mcu.externaltools.gnu-tools-for-stm32.13.3.rel1.linux64_1.0.0.202410170706/tools/bin/../lib/gcc/arm-none-eabi/13.3.1/../../../../arm-none-eabi/lib/thumb/v7e-m+fp/hard/libc_nano.a(libc_a-dtoa.o)
 .text._dtoa_r  0x0800e048      0xba0 /opt/st/stm32cubeide_1.19.0/plugins/com.st.stm32cube.ide.mcu.externaltools.gnu-tools-for-stm32.13.3.rel1.linux64_1.0.0.202410170706/tools/bin/../lib/gcc/arm-none-eabi/13.3.1/../../../../arm-none-eabi/lib/thumb/v7e-m+fp/hard/libc_nano.a(libc_a-dtoa.o)
                0x0800e048                _dtoa_r
 .text._free_r  0x0800ebe8       0x94 /opt/st/stm32cubeide_1.19.0/plugins/com.st.stm32cube.ide.mcu.externaltools.gnu-tools-for-stm32.13.3.rel1.linux64_1.0.0.202410170706/tools/bin/../lib/gcc/arm-none-eabi/13.3.1/../../../../arm-none-eabi/lib/thumb/v7e-m+fp/hard/libc_nano.a(libc_a-freer.o)
                0x0800ebe8                _free_r
 .text._Balloc  0x0800ec7c       0x80 /opt/st/stm32cubeide_1.19.0/plugins/com.st.stm32cube.ide.mcu.externaltools.gnu-tools-for-stm32.13.3.rel1.linux64_1.0.0.202410170706/tools/bin/../lib/gcc/arm-none-eabi/13.3.1/../../../../arm-none-eabi/lib/thumb/v7e-m+fp/hard/libc_nano.a(libc_a-mprec.o)
                0x0800ec7c                _Balloc
 .text._Bfree   0x0800ecfc       0x44 /opt/st/stm32cubeide_1.19.0/plugins/com.st.stm32cube.ide.mcu.externaltools.gnu-tools-for-stm32.13.3.rel1.linux64_1.0.0.202410170706/tools/bin/../lib/gcc/arm-none-eabi/13.3.1/../../../../arm-none-eabi/lib/thumb/v7e-m+fp/hard/libc_nano.a(libc_a-mprec.o)
                0x0800ecfc                _Bfree
 .text.__multadd
                0x0800ed40       0x8c /opt/st/stm32cubeide_1.19.0/plugins/com.st.stm32cube.ide.mcu.externaltools.gnu-tools-for-stm32.13.3.rel1.linux64_1.0.0.202410170706/tools/bin/../lib/gcc/arm-none-eabi/13.3.1/../../../../arm-none-eabi/lib/thumb/v7e-m+fp/hard/libc_nano.a(libc_a-mprec.o)
                0x0800ed40                __multadd
 .text.__hi0bits
                0x0800edcc       0x3e /opt/st/stm32cubeide_1.19.0/plugins/com.st.stm32cube.ide.mcu.externaltools.gnu-tools-for-stm32.13.3.rel1.linux64_1.0.0.202410170706/tools/bin/../lib/gcc/arm-none-eabi/13.3.1/../../../../arm-none-eabi/lib/thumb/v7e-m+fp/hard/libc_nano.a(libc_a-mprec.o)
                0x0800edcc                __hi0bits
 .text.__lo0bits
                0x0800ee0a       0x5a /opt/st/stm32cubeide_1.19.0/plugins/com.st.stm32cube.ide.mcu.externaltools.gnu-tools-for-stm32.13.3.rel1.linux64_1.0.0.202410170706/tools/bin/../lib/gcc/arm-none-eabi/13.3.1/../../../../arm-none-eabi/lib/thumb/v7e-m+fp/hard/libc_nano.a(libc_a-mprec.o)
                0x0800ee0a                __lo0bits
 .text.__i2b    0x0800ee64       0x2c /opt/st/stm32cubeide_1.19.0/plugins/com.st.stm32cube.ide.mcu.externaltools.gnu-tools-for-stm32.13.3.rel1.linux64_1.0.0.202410170706/tools/bin/../lib/gcc/arm-none-eabi/13.3.1/../../../../arm-none-eabi/lib/thumb/v7e-m+fp/hard/libc_nano.a(libc_a-mprec.o)
                0x0800ee64                __i2b
 .text.__multiply
                0x0800ee90      0x144 /opt/st/stm32cubeide_1.19.0/plugins/com.st.stm32cube.ide.mcu.externaltools.gnu-tools-for-stm32.13.3.rel1.linux64_1.0.0.202410170706/tools/bin/../lib/gcc/arm-none-eabi/13.3.1/../../../../arm-none-eabi/lib/thumb/v7e-m+fp/hard/libc_nano.a(libc_a-mprec.o)
                0x0800ee90                __multiply
 .text.__pow5mult
                0x0800efd4       0xb4 /opt/st/stm32cubeide_1.19.0/plugins/com.st.stm32cube.ide.mcu.externaltools.gnu-tools-for-stm32.13.3.rel1.linux64_1.0.0.202410170706/tools/bin/../lib/gcc/arm-none-eabi/13.3.1/../../../../arm-none-eabi/lib/thumb/v7e-m+fp/hard/libc_nano.a(libc_a-mprec.o)
                0x0800efd4                __pow5mult
 .text.__lshift
                0x0800f088       0xd8 /opt/st/stm32cubeide_1.19.0/plugins/com.st.stm32cube.ide.mcu.externaltools.gnu-tools-for-stm32.13.3.rel1.linux64_1.0.0.202410170706/tools/bin/../lib/gcc/arm-none-eabi/13.3.1/../../../../arm-none-eabi/lib/thumb/v7e-m+fp/hard/libc_nano.a(libc_a-mprec.o)
                0x0800f088                __lshift
 .text.__mcmp   0x0800f160       0x36 /opt/st/stm32cubeide_1.19.0/plugins/com.st.stm32cube.ide.mcu.externaltools.gnu-tools-for-stm32.13.3.rel1.linux64_1.0.0.202410170706/tools/bin/../lib/gcc/arm-none-eabi/13.3.1/../../../../arm-none-eabi/lib/thumb/v7e-m+fp/hard/libc_nano.a(libc_a-mprec.o)
                0x0800f160                __mcmp
 *fill*         0x0800f196        0x2 
 .text.__mdiff  0x0800f198      0x128 /opt/st/stm32cubeide_1.19.0/plugins/com.st.stm32cube.ide.mcu.externaltools.gnu-tools-for-stm32.13.3.rel1.linux64_1.0.0.202410170706/tools/bin/../lib/gcc/arm-none-eabi/13.3.1/../../../../arm-none-eabi/lib/thumb/v7e-m+fp/hard/libc_nano.a(libc_a-mprec.o)
                0x0800f198                __mdiff
 .text.__d2b    0x0800f2c0       0xb0 /opt/st/stm32cubeide_1.19.0/plugins/com.st.stm32cube.ide.mcu.externaltools.gnu-tools-for-stm32.13.3.rel1.linux64_1.0.0.202410170706/tools/bin/../lib/gcc/arm-none-eabi/13.3.1/../../../../arm-none-eabi/lib/thumb/v7e-m+fp/hard/libc_nano.a(libc_a-mprec.o)
                0x0800f2c0                __d2b
 .text.__sflush_r
                0x0800f370      0x108 /opt/st/stm32cubeide_1.19.0/plugins/com.st.stm32cube.ide.mcu.externaltools.gnu-tools-for-stm32.13.3.rel1.linux64_1.0.0.202410170706/tools/bin/../lib/gcc/arm-none-eabi/13.3.1/../../../../arm-none-eabi/lib/thumb/v7e-m+fp/hard/libc_nano.a(libc_a-fflush.o)
                0x0800f370                __sflush_r
 .text._fflush_r
                0x0800f478       0x50 /opt/st/stm32cubeide_1.19.0/plugins/com.st.stm32cube.ide.mcu.externaltools.gnu-tools-for-stm32.13.3.rel1.linux64_1.0.0.202410170706/tools/bin/../lib/gcc/arm-none-eabi/13.3.1/../../../../arm-none-eabi/lib/thumb/v7e-m+fp/hard/libc_nano.a(libc_a-fflush.o)
                0x0800f478                _fflush_r
 .text.fprintf  0x0800f4c8       0x24 /opt/st/stm32cubeide_1.19.0/plugins/com.st.stm32cube.ide.mcu.externaltools.gnu-tools-for-stm32.13.3.rel1.linux64_1.0.0.202410170706/tools/bin/../lib/gcc/arm-none-eabi/13.3.1/../../../../arm-none-eabi/lib/thumb/v7e-m+fp/hard/libc_nano.a(libc_a-fprintf.o)
                0x0800f4c8                fprintf
                0x0800f4c8                fiprintf
 .text._calloc_r
                0x0800f4ec       0x28 /opt/st/stm32cubeide_1.19.0/plugins/com.st.stm32cube.ide.mcu.externaltools.gnu-tools-for-stm32.13.3.rel1.linux64_1.0.0.202410170706/tools/bin/../lib/gcc/arm-none-eabi/13.3.1/../../../../arm-none-eabi/lib/thumb/v7e-m+fp/hard/libc_nano.a(libc_a-callocr.o)
                0x0800f4ec                _calloc_r
 .text.__ascii_mbtowc
                0x0800f514       0x24 /opt/st/stm32cubeide_1.19.0/plugins/com.st.stm32cube.ide.mcu.externaltools.gnu-tools-for-stm32.13.3.rel1.linux64_1.0.0.202410170706/tools/bin/../lib/gcc/arm-none-eabi/13.3.1/../../../../arm-none-eabi/lib/thumb/v7e-m+fp/hard/libc_nano.a(libc_a-mbtowc_r.o)
                0x0800f514                __ascii_mbtowc
 .text.__ascii_wctomb
                0x0800f538       0x1a /opt/st/stm32cubeide_1.19.0/plugins/com.st.stm32cube.ide.mcu.externaltools.gnu-tools-for-stm32.13.3.rel1.linux64_1.0.0.202410170706/tools/bin/../lib/gcc/arm-none-eabi/13.3.1/../../../../arm-none-eabi/lib/thumb/v7e-m+fp/hard/libc_nano.a(libc_a-wctomb_r.o)
                0x0800f538                __ascii_wctomb
 .text.__sfputc_r
                0x0800f552       0x2e /opt/st/stm32cubeide_1.19.0/plugins/com.st.stm32cube.ide.mcu.externaltools.gnu-tools-for-stm32.13.3.rel1.linux64_1.0.0.202410170706/tools/bin/../lib/gcc/arm-none-eabi/13.3.1/../../../../arm-none-eabi/lib/thumb/v7e-m+fp/hard/libc_nano.a(libc_a-nano-vfprintf.o)
 .text.__sfputs_r
                0x0800f580       0x24 /opt/st/stm32cubeide_1.19.0/plugins/com.st.stm32cube.ide.mcu.externaltools.gnu-tools-for-stm32.13.3.rel1.linux64_1.0.0.202410170706/tools/bin/../lib/gcc/arm-none-eabi/13.3.1/../../../../arm-none-eabi/lib/thumb/v7e-m+fp/hard/libc_nano.a(libc_a-nano-vfprintf.o)
                0x0800f580                __sfputs_r
 .text._vfprintf_r
                0x0800f5a4      0x230 /opt/st/stm32cubeide_1.19.0/plugins/com.st.stm32cube.ide.mcu.externaltools.gnu-tools-for-stm32.13.3.rel1.linux64_1.0.0.202410170706/tools/bin/../lib/gcc/arm-none-eabi/13.3.1/../../../../arm-none-eabi/lib/thumb/v7e-m+fp/hard/libc_nano.a(libc_a-nano-vfprintf.o)
                0x0800f5a4                _vfiprintf_r
                0x0800f5a4                _vfprintf_r
 .text.__swbuf_r
                0x0800f7d4       0x7c /opt/st/stm32cubeide_1.19.0/plugins/com.st.stm32cube.ide.mcu.externaltools.gnu-tools-for-stm32.13.3.rel1.linux64_1.0.0.202410170706/tools/bin/../lib/gcc/arm-none-eabi/13.3.1/../../../../arm-none-eabi/lib/thumb/v7e-m+fp/hard/libc_nano.a(libc_a-wbuf.o)
                0x0800f7d4                __swbuf_r
 .text.__swsetup_r
                0x0800f850       0xac /opt/st/stm32cubeide_1.19.0/plugins/com.st.stm32cube.ide.mcu.externaltools.gnu-tools-for-stm32.13.3.rel1.linux64_1.0.0.202410170706/tools/bin/../lib/gcc/arm-none-eabi/13.3.1/../../../../arm-none-eabi/lib/thumb/v7e-m+fp/hard/libc_nano.a(libc_a-wsetup.o)
                0x0800f850                __swsetup_r
 .text.__swhatbuf_r
                0x0800f8fc       0x4c /opt/st/stm32cubeide_1.19.0/plugins/com.st.stm32cube.ide.mcu.externaltools.gnu-tools-for-stm32.13.3.rel1.linux64_1.0.0.202410170706/tools/bin/../lib/gcc/arm-none-eabi/13.3.1/../../../../arm-none-eabi/lib/thumb/v7e-m+fp/hard/libc_nano.a(libc_a-makebuf.o)
                0x0800f8fc                __swhatbuf_r
 .text.__smakebuf_r
                0x0800f948       0x78 /opt/st/stm32cubeide_1.19.0/plugins/com.st.stm32cube.ide.mcu.externaltools.gnu-tools-for-stm32.13.3.rel1.linux64_1.0.0.202410170706/tools/bin/../lib/gcc/arm-none-eabi/13.3.1/../../../../arm-none-eabi/lib/thumb/v7e-m+fp/hard/libc_nano.a(libc_a-makebuf.o)
                0x0800f948                __smakebuf_r
 .text._fstat_r
                0x0800f9c0       0x24 /opt/st/stm32cubeide_1.19.0/plugins/com.st.stm32cube.ide.mcu.externaltools.gnu-tools-for-stm32.13.3.rel1.linux64_1.0.0.202410170706/tools/bin/../lib/gcc/arm-none-eabi/13.3.1/../../../../arm-none-eabi/lib/thumb/v7e-m+fp/hard/libc_nano.a(libc_a-fstatr.o)
                0x0800f9c0                _fstat_r
 .text._isatty_r
                0x0800f9e4       0x20 /opt/st/stm32cubeide_1.19.0/plugins/com.st.stm32cube.ide.mcu.externaltools.gnu-tools-for-stm32.13.3.rel1.linux64_1.0.0.202410170706/tools/bin/../lib/gcc/arm-none-eabi/13.3.1/../../../../arm-none-eabi/lib/thumb/v7e-m+fp/hard/libc_nano.a(libc_a-isattyr.o)
                0x0800f9e4                _isatty_r
 .text._gettimeofday
                0x0800fa04       0x10 /opt/st/stm32cubeide_1.19.0/plugins/com.st.stm32cube.ide.mcu.externaltools.gnu-tools-for-stm32.13.3.rel1.linux64_1.0.0.202410170706/tools/bin/../lib/gcc/arm-none-eabi/13.3.1/../../../../arm-none-eabi/lib/thumb/v7e-m+fp/hard/libnosys.a(gettod.o)
                0x0800fa04                _gettimeofday
 *(.glue_7)
 .glue_7        0x0800fa14        0x0 linker stubs
 *(.glue_7t)
 .glue_7t       0x0800fa14        0x0 linker stubs
 *(.eh_frame)
 .eh_frame      0x0800fa14        0x0 /opt/st/stm32cubeide_1.19.0/plugins/com.st.stm32cube.ide.mcu.externaltools.gnu-tools-for-stm32.13.3.rel1.linux64_1.0.0.202410170706/tools/bin/../lib/gcc/arm-none-eabi/13.3.1/thumb/v7e-m+fp/hard/crtbegin.o
 *(.init)
 .init          0x0800fa14        0x4 /opt/st/stm32cubeide_1.19.0/plugins/com.st.stm32cube.ide.mcu.externaltools.gnu-tools-for-stm32.13.3.rel1.linux64_1.0.0.202410170706/tools/bin/../lib/gcc/arm-none-eabi/13.3.1/thumb/v7e-m+fp/hard/crti.o
                0x0800fa14                _init
 .init          0x0800fa18        0x8 /opt/st/stm32cubeide_1.19.0/plugins/com.st.stm32cube.ide.mcu.externaltools.gnu-tools-for-stm32.13.3.rel1.linux64_1.0.0.202410170706/tools/bin/../lib/gcc/arm-none-eabi/13.3.1/thumb/v7e-m+fp/hard/crtn.o
 *(.fini)
 .fini          0x0800fa20        0x4 /opt/st/stm32cubeide_1.19.0/plugins/com.st.stm32cube.ide.mcu.externaltools.gnu-tools-for-stm32.13.3.rel1.linux64_1.0.0.202410170706/tools/bin/../lib/gcc/arm-none-eabi/13.3.1/thumb/v7e-m+fp/hard/crti.o
                0x0800fa20                _fini