C:\ST\STM32CubeIDE_1.19.0\STM32CubeIDE\plugins\com.st.stm32cube.ide.mcu.externaltools.gnu-tools-for-stm32.13.3.rel1.win32_1.0.0.202411081344\tools\arm-none-eabi\include\c++\13.3.1\arm-none-eabi\thumb\v7e-m+fp\hard\bits\gthr-default.h:229:1:int __gthread_key_delete(__gthread_key_t)	16	static
../Core/Src/cpp_main.cpp:25:7:void cpp_main(peripheral_handles*)	120	static
../Core/Inc/Interfaces/Geometry/Rect.h:20:2:ELE3312::Rect<T>::Rect(T, T, T, T) [with T = short unsigned int]	24	static
../Core/Inc/Interfaces/Geometry/Rect.h:32:10:ELE3312::Rect<T>::~Rect() [with T = short unsigned int]	16	static
../Core/Inc/Interfaces/Geometry/Rect.h:32:10:ELE3312::Rect<T>::~Rect() [with T = short unsigned int]	16	static
C:\ST\STM32CubeIDE_1.19.0\STM32CubeIDE\plugins\com.st.stm32cube.ide.mcu.externaltools.gnu-tools-for-stm32.13.3.rel1.win32_1.0.0.202411081344\tools\arm-none-eabi\include\c++\13.3.1\bits\new_allocator.h:104:7:std::__new_allocator<_Tp>::~__new_allocator() [with _Tp = char]	16	static
../Core/Inc/Interfaces/Geometry/Point.h:29:2:ELE3312::Point<T>::Point(T, T) [with T = short unsigned int]	16	static
../Core/Inc/Interfaces/Geometry/Point.h:38:2:ELE3312::Point<T>::~Point() [with T = short unsigned int]	16	static
../Core/Src/cpp_main.cpp:37:1:void __static_initialization_and_destruction_0()	8	static
../Core/Src/cpp_main.cpp:37:1:void __static_initialization_and_destruction_1()	8	static
../Core/Src/cpp_main.cpp:37:1:cpp)	8	static
../Core/Src/cpp_main.cpp:37:1:cpp)	8	static
