/opt/st/stm32cubeide_1.19.0/plugins/com.st.stm32cube.ide.mcu.externaltools.gnu-tools-for-stm32.13.3.rel1.linux64_1.0.0.202410170706/tools/arm-none-eabi/include/c++/13.3.1/arm-none-eabi/thumb/v7e-m+fp/hard/bits/gthr-default.h:229:1:int __gthread_key_delete(__gthread_key_t)	16	static
../Core/Inc/tile.h:37:8:ELE3312::Color ELE3312::tile::idColor(ELE3312::tileType)	24	static
../Core/Inc/tile.h:53:7:void ELE3312::tile::disp(ELE3312::ILI9341Display&)	32	static
../Core/Src/cpp_main.cpp:35:6:void generate_fruits(ELE3312::ILI9341Display&, ELE3312::tile*)	40	static
../Core/Src/cpp_main.cpp:64:6:void generate_snake(ELE3312::ILI9341Display&, ELE3312::tile*)	40	static
../Core/Src/cpp_main.cpp:114:7:void cpp_main(peripheral_handles*)	16	static
../Core/Src/cpp_main.cpp:123:1:void __static_initialization_and_destruction_0()	8	static
../Core/Src/cpp_main.cpp:123:1:void __static_initialization_and_destruction_1()	8	static
../Core/Src/cpp_main.cpp:123:1:cpp)	8	static
../Core/Src/cpp_main.cpp:123:1:cpp)	8	static
