../Core/Src/Interfaces/Display/Point.cpp:17:2:ELE3312::Point::~Point()	16	static
../Core/Src/Interfaces/Display/Point.cpp:17:2:virtual ELE3312::Point::~Point()	16	static
../Core/Src/Interfaces/Display/Point.cpp:22:2:ELE3312::Point::Point()	16	static
../Core/Src/Interfaces/Display/Point.cpp:29:2:ELE3312::Point::Point(uint16_t, uint16_t)	16	static
../Core/Src/Interfaces/Display/Point.cpp:36:2:ELE3312::Point::Point(const ELE3312::Point&)	16	static
../Core/Src/Interfaces/Display/Point.cpp:46:10:ELE3312::Point& ELE3312::Point::operator=(const ELE3312::Point&)	16	static
../Core/Src/Interfaces/Display/Point.cpp:57:11:uint16_t ELE3312::Point::getX() const	16	static
../Core/Src/Interfaces/Display/Point.cpp:64:11:uint16_t ELE3312::Point::getY() const	16	static
../Core/Src/Interfaces/Display/Point.cpp:72:7:void ELE3312::Point::setX(uint16_t)	16	static
../Core/Src/Interfaces/Display/Point.cpp:80:7:void ELE3312::Point::setY(uint16_t)	16	static
../Core/Src/Interfaces/Display/Point.cpp:89:11:uint16_t ELE3312::Point::getDistance(const ELE3312::Point&) const	32	static
../Core/Src/Interfaces/Display/Point.cpp:100:11:uint16_t ELE3312::Point::getDistanceX(const ELE3312::Point&) const	32	static
../Core/Src/Interfaces/Display/Point.cpp:112:11:uint16_t ELE3312::Point::getDistanceY(const ELE3312::Point&) const	32	static
